BL51 BANKED LINKER/LOCATER V6.22.4.0                                                    08/02/2025  16:49:16  PAGE 1


BL51 BANKED LINKER/LOCATER V6.22.4.0, INVOKED BY:
C:\KEIL_V5\C51\BIN\BL51.EXE .\Release\Objects\STARTUP.obj, .\Release\Objects\system.obj, ..\..\User\lib\tk_simplify_algo
>> rithm_V1.0.0.LIB, .\Release\Objects\tk_set.obj, .\Release\Objects\my_gpio.obj, .\Release\Objects\tmr0.obj, .\Release\
>> Objects\tmr1.obj, .\Release\Objects\tmr2.obj, .\Release\Objects\uart0.obj, .\Release\Objects\adc.obj, .\Release\Objec
>> ts\flash.obj, .\Release\Objects\aip1302.obj, .\Release\Objects\key_driver.obj, .\Release\Objects\main.obj, .\Release\
>> Objects\fun_info.obj, .\Release\Objects\send_data.obj, .\Release\Objects\pin_level_scan.obj, .\Release\Objects\speed_
>> scan.obj, .\Release\Objects\engine_speed_scan.obj, .\Release\Objects\mileage.obj, .\Release\Objects\instruction.obj, 
>> .\Release\Objects\ad_key.obj, .\Release\Objects\fuel_capacity.obj, .\Release\Objects\temp_of_water.obj, .\Release\Obj
>> ects\battery.obj, .\Release\Objects\touch_key.obj TO .\Release\Objects\Project PRINT (.\Release\Listings\Project.m51)
>>  RAMSIZE (256) CODE (0X0000-0X3EEF) XDATA (0X6000-0X66FF)


MEMORY MODEL: LARGE


INPUT MODULES INCLUDED:
  .\Release\Objects\STARTUP.obj (?C_STARTUP)
  .\Release\Objects\system.obj (SYSTEM)
  .\Release\Objects\tk_set.obj (TK_SET)
  .\Release\Objects\my_gpio.obj (MY_GPIO)
  .\Release\Objects\tmr0.obj (TMR0)
  .\Release\Objects\tmr1.obj (TMR1)
  .\Release\Objects\tmr2.obj (TMR2)
  .\Release\Objects\uart0.obj (UART0)
  .\Release\Objects\adc.obj (ADC)
  .\Release\Objects\flash.obj (FLASH)
  .\Release\Objects\aip1302.obj (AIP1302)
  .\Release\Objects\key_driver.obj (KEY_DRIVER)
  .\Release\Objects\main.obj (MAIN)
  .\Release\Objects\fun_info.obj (FUN_INFO)
  .\Release\Objects\send_data.obj (SEND_DATA)
  .\Release\Objects\pin_level_scan.obj (PIN_LEVEL_SCAN)
  .\Release\Objects\speed_scan.obj (SPEED_SCAN)
  .\Release\Objects\engine_speed_scan.obj (ENGINE_SPEED_SCAN)
  .\Release\Objects\mileage.obj (MILEAGE)
  .\Release\Objects\instruction.obj (INSTRUCTION)
  .\Release\Objects\ad_key.obj (AD_KEY)
  .\Release\Objects\fuel_capacity.obj (FUEL_CAPACITY)
  .\Release\Objects\temp_of_water.obj (TEMP_OF_WATER)
  .\Release\Objects\battery.obj (BATTERY)
  .\Release\Objects\touch_key.obj (TOUCH_KEY)
  ..\..\User\lib\tk_simplify_algorithm_V1.0.0.LIB (TK_LIB)
  C:\KEIL_V5\C51\LIB\C51L.LIB (?C_INIT)
  C:\KEIL_V5\C51\LIB\C51L.LIB (?C?COPY)
  C:\KEIL_V5\C51\LIB\C51L.LIB (?C?CLDPTR)
  C:\KEIL_V5\C51\LIB\C51L.LIB (?C?CLDOPTR)
  C:\KEIL_V5\C51\LIB\C51L.LIB (?C?CILDOPTR)
  C:\KEIL_V5\C51\LIB\C51L.LIB (?C?CSTPTR)
  C:\KEIL_V5\C51\LIB\C51L.LIB (?C?CSTOPTR)
  C:\KEIL_V5\C51\LIB\C51L.LIB (?C?IMUL)
  C:\KEIL_V5\C51\LIB\C51L.LIB (?C?UIDIV)
  C:\KEIL_V5\C51\LIB\C51L.LIB (?C?IILDX)
  C:\KEIL_V5\C51\LIB\C51L.LIB (?C?LADD)
  C:\KEIL_V5\C51\LIB\C51L.LIB (?C?LSUB)
  C:\KEIL_V5\C51\LIB\C51L.LIB (?C?LMUL)
  C:\KEIL_V5\C51\LIB\C51L.LIB (?C?ULDIV)
  C:\KEIL_V5\C51\LIB\C51L.LIB (?C?LNOT)
  C:\KEIL_V5\C51\LIB\C51L.LIB (?C?LNEG)
BL51 BANKED LINKER/LOCATER V6.22.4.0                                                  08/02/2025  16:49:16  PAGE 2


  C:\KEIL_V5\C51\LIB\C51L.LIB (?C?SLCMP)
  C:\KEIL_V5\C51\LIB\C51L.LIB (?C?ULCMP)
  C:\KEIL_V5\C51\LIB\C51L.LIB (?C?ULSHR)
  C:\KEIL_V5\C51\LIB\C51L.LIB (?C?LSHL)
  C:\KEIL_V5\C51\LIB\C51L.LIB (?C?LLDXDATA)
  C:\KEIL_V5\C51\LIB\C51L.LIB (?C?LLDCODE)
  C:\KEIL_V5\C51\LIB\C51L.LIB (?C?LLDXDATA0)
  C:\KEIL_V5\C51\LIB\C51L.LIB (?C?LSTXDATA)
  C:\KEIL_V5\C51\LIB\C51L.LIB (?C?LSTKXDATA)
  C:\KEIL_V5\C51\LIB\C51L.LIB (?C?OFFXADD)
  C:\KEIL_V5\C51\LIB\C51L.LIB (?C?PLDXDATA)
  C:\KEIL_V5\C51\LIB\C51L.LIB (?C?PLDIXDATA)
  C:\KEIL_V5\C51\LIB\C51L.LIB (?C?PSTXDATA)
  C:\KEIL_V5\C51\LIB\C51L.LIB (?C?PLDOPTR)
  C:\KEIL_V5\C51\LIB\C51L.LIB (?C?CCASE)
  C:\KEIL_V5\C51\LIB\C51L.LIB (?C?ICALL)
  C:\KEIL_V5\C51\LIB\C51L.LIB (?C?LIMUL)
  C:\KEIL_V5\C51\LIB\C51L.LIB (?C?MEMSET)
  C:\KEIL_V5\C51\LIB\C51L.LIB (?C?PLDIDATA)
  C:\KEIL_V5\C51\LIB\C51L.LIB (?C?PLDPDATA)
  C:\KEIL_V5\C51\LIB\C51L.LIB (?C?PLDCODE)


LINK MAP OF MODULE:  .\Release\Objects\Project (?C_STARTUP)


            TYPE    BASE      LENGTH    RELOCATION   SEGMENT NAME
            -----------------------------------------------------

            * * * * * * *   D A T A   M E M O R Y   * * * * * * *
            REG     0000H     0008H     ABSOLUTE     "REG BANK 0"
            DATA    0008H     0004H     ABSOLUTE     
            DATA    000CH     0004H     ABSOLUTE     
            DATA    0010H     0004H     ABSOLUTE     
            DATA    0014H     0004H     ABSOLUTE     
            DATA    0018H     0004H     ABSOLUTE     
            DATA    001CH     0004H     ABSOLUTE     
            BIT     0020H.0   0002H.4   UNIT         ?BI?INSTRUCTION
            BIT     0022H.4   0000H.2   UNIT         ?BI?TMR2
            BIT     0022H.6   0000H.2   UNIT         ?BI?SPEED_SCAN
            BIT     0023H.0   0000H.2   UNIT         ?BI?ENGINE_SPEED_SCAN
            BIT     0023H.2   0000H.2   UNIT         ?BI?FUEL_CAPACITY
            BIT     0023H.4   0000H.2   UNIT         ?BI?TK_LIB
            BIT     0023H.6   0000H.1   UNIT         ?BI?UART0
            BIT     0023H.7   0000H.1   UNIT         ?BI?MAIN
            BIT     0024H.0   0000H.1   UNIT         ?BI?MILEAGE
            BIT     0024H.1   0000H.1   UNIT         ?BI?BATTERY
            BIT     0024H.2   0000H.1   UNIT         _BIT_GROUP_
                    0024H.3   0000H.5                *** GAP ***
            DATA    0025H     0008H     UNIT         _DATA_GROUP_
                    002DH     0003H                  *** GAP ***
            DATA    0030H     0004H     ABSOLUTE     
            DATA    0034H     0004H     ABSOLUTE     
            DATA    0038H     0004H     ABSOLUTE     
            DATA    003CH     0004H     ABSOLUTE     
                    0040H     0010H                  *** GAP ***
            DATA    0050H     0002H     ABSOLUTE     
BL51 BANKED LINKER/LOCATER V6.22.4.0                                                  08/02/2025  16:49:16  PAGE 3


            DATA    0052H     0002H     ABSOLUTE     
            DATA    0054H     0002H     ABSOLUTE     
                    0056H     000AH                  *** GAP ***
            DATA    0060H     0001H     ABSOLUTE     
            DATA    0061H     0001H     ABSOLUTE     
            DATA    0062H     0001H     ABSOLUTE     
            DATA    0063H     0001H     ABSOLUTE     
            DATA    0064H     0001H     ABSOLUTE     
            DATA    0065H     0001H     ABSOLUTE     
            DATA    0066H     0001H     ABSOLUTE     
            IDATA   0067H     0001H     UNIT         ?STACK

            * * * * * * *  X D A T A   M E M O R Y  * * * * * * *
                    0000H     6000H                  *** GAP ***
            XDATA   6000H     0004H     ABSOLUTE     
            XDATA   6004H     0004H     ABSOLUTE     
            XDATA   6008H     0004H     ABSOLUTE     
            XDATA   600CH     0004H     UNIT         ?XD?TMR0
            XDATA   6010H     0004H     ABSOLUTE     
            XDATA   6014H     0004H     ABSOLUTE     
            XDATA   6018H     0394H     UNIT         ?XD?TK_LIB
            XDATA   63ACH     0045H     UNIT         ?XD?AD_KEY
            XDATA   63F1H     003DH     UNIT         ?XD?UART0
            XDATA   642EH     0031H     UNIT         ?XD?FUEL_CAPACITY
            XDATA   645FH     002DH     UNIT         ?XD?ENGINE_SPEED_SCAN
            XDATA   648CH     0026H     UNIT         ?XD?FUN_INFO
            XDATA   64B2H     001FH     UNIT         ?XD?TOUCH_KEY
            XDATA   64D1H     0019H     UNIT         ?XD?SPEED_SCAN
            XDATA   64EAH     0018H     UNIT         ?XD?TK_SET
            XDATA   6502H     0018H     UNIT         _XDATA_GROUP_
            XDATA   651AH     0016H     UNIT         ?XD?MILEAGE
            XDATA   6530H     000CH     UNIT         ?XD?BATTERY
            XDATA   653CH     000AH     UNIT         ?XD?TMR1
            XDATA   6546H     0006H     UNIT         ?XD?INSTRUCTION
            XDATA   654CH     0004H     UNIT         ?XD?KEY_DRIVER
            XDATA   6550H     0003H     UNIT         ?XD?TMR2
            XDATA   6553H     0002H     UNIT         ?XD?ADC
            XDATA   6555H     0002H     UNIT         ?XD?PIN_LEVEL_SCAN
            XDATA   6557H     0001H     UNIT         ?XD?_PUTCHAR?UART0

            * * * * * * *   C O D E   M E M O R Y   * * * * * * *
            CODE    0000H     0003H     ABSOLUTE     
            CODE    0003H     000CH     ABSOLUTE     
            CODE    000FH     000FH     UNIT         ?PR?AD_KEY
            CODE    001EH     0003H     ABSOLUTE     
            CODE    0021H     0003H     ABSOLUTE     
            CODE    0024H     0003H     ABSOLUTE     
            CODE    0027H     0023H     UNIT         ?PR?ADC_SINGLE_CONVERT?ADC
                    004AH     0001H                  *** GAP ***
            CODE    004BH     0003H     ABSOLUTE     
            CODE    004EH     000EH     UNIT         ?PR?_PUTCHAR?UART0
                    005CH     0001H                  *** GAP ***
            CODE    005DH     0003H     ABSOLUTE     
            CODE    0060H     052DH     UNIT         ?C?LIB_CODE
            CODE    058DH     033FH     UNIT         ?PR?__TK_DATA_PROCESS?TK_LIB
            CODE    08CCH     0280H     UNIT         ?C_INITSEG
            CODE    0B4CH     0252H     UNIT         ?PR?___TK_MODE_CARRY_FUNC?TK_LIB
BL51 BANKED LINKER/LOCATER V6.22.4.0                                                  08/02/2025  16:49:16  PAGE 4


            CODE    0D9EH     0222H     UNIT         ?PR?INSTRUCTION_HANDLE?INSTRUCTION
            CODE    0FC0H     0206H     UNIT         ?PR?_SEND_DATA?SEND_DATA
            CODE    11C6H     01B9H     UNIT         ?PR?__TK_BUTTON_DECIDE?TK_LIB
            CODE    137FH     01B5H     UNIT         ?PR?___TK_LIB_I_ADJUST?TK_LIB
            CODE    1534H     0193H     UNIT         ?PR?_KEY_DRIVER_SCAN?KEY_DRIVER
            CODE    16C7H     0186H     UNIT         ?PR?TIMR1_IRQHANDLER?TMR1
            CODE    184DH     0180H     UNIT         ?PR?_CONVERT_FUEL_ADC_TO_PERCENT?FUEL_CAPACITY
            CODE    19CDH     0169H     UNIT         ?PR?INSTRUCTION_SCAN?INSTRUCTION
            CODE    1B36H     0143H     UNIT         ?PR?MILEAGE_SCAN?MILEAGE
            CODE    1C79H     013CH     UNIT         ?PR?TK_GPIO_CONFIG?TK_SET
            CODE    1DB5H     0138H     UNIT         ?PR?UART0_IRQHANDLER?UART0
            CODE    1EEDH     0124H     UNIT         ?PR?UART0_SCAN_HANDLE?UART0
            CODE    2011H     011CH     UNIT         ?PR?FUEL_CAPACITY_SCAN?FUEL_CAPACITY
            CODE    212DH     00F9H     UNIT         ?PR?_SPEED_BUFF_UPDATE?SPEED_SCAN
            CODE    2226H     00F5H     UNIT         ?PR?TIMR2_IRQHANDLER?TMR2
            CODE    231BH     00DCH     UNIT         ?PR?SYSTEM_INIT?SYSTEM
            CODE    23F7H     00D9H     UNIT         ?PR?_ENGINE_SPEED_BUFF_UPDATE?ENGINE_SPEED_SCAN
            CODE    24D0H     00D4H     UNIT         ?PR?ADC_GETVAL?ADC
            CODE    25A4H     00BAH     UNIT         ?PR?AD_KEY_HANDLE?AD_KEY
            CODE    265EH     00B8H     UNIT         ?PR?SPEED_SCAN?SPEED_SCAN
            CODE    2716H     00B4H     UNIT         ?PR?BATTERY_SCAN?BATTERY
            CODE    27CAH     00AFH     UNIT         ?PR?_AIP1302_WRITE_BYTE?AIP1302
            CODE    2879H     009CH     UNIT         ?PR?TOUCH_KEY_HANDLE?TOUCH_KEY
            CODE    2915H     009BH     UNIT         ?PR?__TK_LIB_INIT?TK_LIB
            CODE    29B0H     009AH     UNIT         ?C_C51STARTUP
            CODE    2A4AH     0093H     UNIT         ?PR?__TK_BASELINE_INIT?TK_LIB
            CODE    2ADDH     0092H     UNIT         ?PR?TK_PARAM_INIT?TK_SET
            CODE    2B6FH     0092H     UNIT         ?PR?___AIP1302_READ_BYTE?AIP1302
            CODE    2C01H     0090H     UNIT         ?PR?___AIP1302_WRITE_BYTE?AIP1302
            CODE    2C91H     0085H     UNIT         ?PR?ENGINE_SPEED_SCAN?ENGINE_SPEED_SCAN
            CODE    2D16H     0084H     UNIT         ?PR?___TK_SET_NEXT_CH?TK_LIB
            CODE    2D9AH     007EH     UNIT         ?PR?__TK_BASELINE_UPDATE?TK_LIB
            CODE    2E18H     007EH     UNIT         ?PR?__TK_LONG_KEY_CLEAR?TK_LIB
            CODE    2E96H     0075H     UNIT         ?PR?__TK_HANDLER?TK_LIB
            CODE    2F0BH     0072H     UNIT         ?PR?PIN_LEVEL_SCAN?PIN_LEVEL_SCAN
            CODE    2F7DH     006EH     UNIT         ?PR?___AIP1302_CONVERT_READ_BYTE?AIP1302
            CODE    2FEBH     006DH     UNIT         ?PR?TIMR0_IRQHANDLER?TMR0
            CODE    3058H     006CH     UNIT         ?PR?_GET_FILTERED_ADC?FUEL_CAPACITY
            CODE    30C4H     0065H     UNIT         ?PR?MAIN?MAIN
            CODE    3129H     0062H     UNIT         ?PR?__TK_I_SOURCE_ADJUST?TK_LIB
            CODE    318BH     0060H     UNIT         ?PR?AIP1302_IS_RUNNING?AIP1302
            CODE    31EBH     005CH     UNIT         ?PR?_CONVERT_FUEL_PERCENT_TO_GEAR?FUEL_CAPACITY
            CODE    3247H     005CH     UNIT         ?PR?FUEL_CAPACITY
            CODE    32A3H     0059H     UNIT         ?PR?UART0
            CODE    32FCH     0058H     UNIT         ?PR?AIP1302_CONFIG?AIP1302
            CODE    3354H     0053H     UNIT         ?PR?ENGINE_SPEED_SCAN
            CODE    33A7H     004FH     UNIT         ?PR?TK_INIT?TK_SET
            CODE    33F6H     004FH     UNIT         ?PR?BATTERY
            CODE    3445H     004CH     UNIT         ?PR?___CONVER_CUR_AD_TO_AD_KEY?AD_KEY
            CODE    3491H     0049H     UNIT         ?PR?TOUCH_KEY_GET_KEY_ID?TOUCH_KEY
            CODE    34DAH     0046H     UNIT         ?PR?AIP1302_READ_ALL?AIP1302
            CODE    3520H     0045H     UNIT         ?PR?TK_IRQHANDLER?TK_SET
            CODE    3565H     0042H     UNIT         ?PR?TMR1_CONFIG?TMR1
            CODE    35A7H     0042H     UNIT         ?PR?_ADC_SEL_PIN?ADC
            CODE    35E9H     0040H     UNIT         ?PR?TMR2_CONFIG?TMR2
            CODE    3629H     003FH     UNIT         ?PR?AIP1302_UPDATE_TIME?AIP1302
            CODE    3668H     003FH     UNIT         ?PR?INSTRUCTION
BL51 BANKED LINKER/LOCATER V6.22.4.0                                                  08/02/2025  16:49:16  PAGE 5


            CODE    36A7H     003EH     UNIT         ?PR?SEND_DATA
            CODE    36E5H     003DH     UNIT         ?PR?__TK_MODE_CONFIG?TK_LIB
            CODE    3722H     003CH     UNIT         ?PR?TMR0_CONFIG?TMR0
            CODE    375EH     003AH     UNIT         ?PR?USER_INIT?MAIN
            CODE    3798H     0039H     UNIT         ?PR?UPDATE_SPEED_SCAN_DATA?SPEED_SCAN
            CODE    37D1H     0039H     UNIT         ?PR?UPDATE_ENGINE_SPEED_SCAN_DATA?ENGINE_SPEED_SCAN
            CODE    380AH     0037H     UNIT         ?PR?_FLASH_WRITE?FLASH
            CODE    3841H     0034H     UNIT         ?PR?_FLASH_READ?FLASH
            CODE    3875H     0032H     UNIT         ?PR?AD_KEY_GET_KEY_ID?AD_KEY
            CODE    38A7H     002EH     UNIT         ?PR?AIP1302
            CODE    38D5H     002EH     UNIT         ?PR?ENGINE_SPEED_SEND_DATA?ENGINE_SPEED_SCAN
            CODE    3903H     002EH     UNIT         ?PR?MILEAGE
            CODE    3931H     002DH     UNIT         ?PR?SPEED_SEND_DATA?SPEED_SCAN
            CODE    395EH     002CH     UNIT         ?PR?___TOUCH_KEY_GET_EVENT?TOUCH_KEY
            CODE    398AH     002BH     UNIT         ?PR?UART0_CONFIG?UART0
            CODE    39B5H     0028H     UNIT         ?PR?ADC_CONFIG?ADC
            CODE    39DDH     0025H     UNIT         ?PR?TMR1
            CODE    3A02H     0023H     UNIT         ?PR?___AD_KEY_GET_EVENT?AD_KEY
            CODE    3A25H     0022H     UNIT         ?PR?PIN_LEVEL_SCAN_CONFIG?PIN_LEVEL_SCAN
            CODE    3A47H     0021H     UNIT         ?PR?KEY_DRIVER
            CODE    3A68H     0020H     UNIT         ?PR?__TK_SCAN?TK_LIB
            CODE    3A88H     001FH     UNIT         ?PR?TOUCH_KEY
            CODE    3AA7H     001EH     UNIT         ?CO?TK_SET
            CODE    3AC5H     001EH     UNIT         ?PR?SPEED_SCAN
            CODE    3AE3H     001DH     UNIT         ?PR?_CONVER_VOLTAGE_OF_BATTERY_TO_PERCENTAGE?BATTERY
            CODE    3B00H     001BH     UNIT         ?PR?_DELAY_MS?SYSTEM
            CODE    3B1BH     001BH     UNIT         ?PR?TMR2
            CODE    3B36H     001BH     UNIT         ?PR?ADC
            CODE    3B51H     001AH     UNIT         ?PR?_REVERSE_U8?AIP1302
            CODE    3B6BH     0019H     UNIT         ?PR?_CONVER_ADC_VAL_TO_VOLTAGE?BATTERY
            CODE    3B84H     0018H     UNIT         ?PR?TK_SET
            CODE    3B9CH     0018H     UNIT         ?PR?FUN_INFO_INIT?FUN_INFO
            CODE    3BB4H     0016H     UNIT         ?PR?_AIP1302_READ_BYTE?AIP1302
            CODE    3BCAH     0011H     UNIT         ?PR?TMR2_ENABLE?TMR2
            CODE    3BDBH     0011H     UNIT         ?PR?_FLASH_ERASE_SECTOR?FLASH
            CODE    3BECH     0011H     UNIT         ?PR?_SAMPLES_INIT?FUEL_CAPACITY
            CODE    3BFDH     0010H     UNIT         ?PR?TMR0_DISABLE?TMR0
            CODE    3C0DH     000EH     UNIT         ?PR?FUN_INFO_SAVE?FUN_INFO
            CODE    3C1BH     000DH     UNIT         ?PR?_UART0_SENDBYTE?UART0
            CODE    3C28H     000DH     UNIT         ?PR?SPEED_SCAN_CONFIG?SPEED_SCAN
            CODE    3C35H     000DH     UNIT         ?PR?ENGINE_SPEED_SCAN_CONFIG?ENGINE_SPEED_SCAN
            CODE    3C42H     000CH     UNIT         ?PR?TMR0_ENABLE?TMR0
            CODE    3C4EH     000CH     UNIT         ?PR?FUN_INFO
            CODE    3C5AH     000BH     UNIT         ?PR?_DELAY?SYSTEM
            CODE    3C65H     0008H     UNIT         ?PR?TMR0
            CODE    3C6DH     0007H     UNIT         ?PR?P06_INPUT_CONFIG?MY_GPIO
            CODE    3C74H     0007H     UNIT         ?PR?P07_INPUT_CONFIG?MY_GPIO
            CODE    3C7BH     0007H     UNIT         ?PR?P10_INPUT_CONFIG?MY_GPIO
            CODE    3C82H     0007H     UNIT         ?PR?P13_INPUT_CONFIG?MY_GPIO
            CODE    3C89H     0007H     UNIT         ?PR?P14_INPUT_CONFIG?MY_GPIO
            CODE    3C90H     0007H     UNIT         ?PR?P27_INPUT_CONFIG?MY_GPIO
            CODE    3C97H     0007H     UNIT         ?PR?P30_INPUT_CONFIG?MY_GPIO
            CODE    3C9EH     0005H     UNIT         ?PR?__TK_MS_HANDLER?TK_LIB



OVERLAY MAP OF MODULE:   .\Release\Objects\Project (?C_STARTUP)
BL51 BANKED LINKER/LOCATER V6.22.4.0                                                  08/02/2025  16:49:16  PAGE 6




SEGMENT                                             BIT_GROUP          DATA_GROUP          XDATA_GROUP
  +--> CALLED SEGMENT                            START    LENGTH     START    LENGTH     START    LENGTH
--------------------------------------------------------------------------------------------------------
?C_C51STARTUP                                    -----    -----      -----    -----      -----    -----
  +--> ?PR?MAIN?MAIN
  +--> ?C_INITSEG

?PR?MAIN?MAIN                                    -----    -----      -----    -----      -----    -----
  +--> ?PR?SYSTEM_INIT?SYSTEM
  +--> ?PR?USER_INIT?MAIN
  +--> ?PR?_DELAY_MS?SYSTEM
  +--> ?PR?__TK_SCAN?TK_LIB
  +--> ?PR?_KEY_DRIVER_SCAN?KEY_DRIVER
  +--> ?PR?AD_KEY_HANDLE?AD_KEY
  +--> ?PR?TOUCH_KEY_HANDLE?TOUCH_KEY
  +--> ?PR?PIN_LEVEL_SCAN?PIN_LEVEL_SCAN
  +--> ?PR?SPEED_SCAN?SPEED_SCAN
  +--> ?PR?SPEED_SEND_DATA?SPEED_SCAN
  +--> ?PR?ENGINE_SPEED_SCAN?ENGINE_SPEED_SCAN
  +--> ?PR?ENGINE_SPEED_SEND_DATA?ENGINE_SPE...
  +--> ?PR?MILEAGE_SCAN?MILEAGE
  +--> ?PR?FUEL_CAPACITY_SCAN?FUEL_CAPACITY
  +--> ?PR?BATTERY_SCAN?BATTERY
  +--> ?PR?UART0_SCAN_HANDLE?UART0
  +--> ?PR?INSTRUCTION_SCAN?INSTRUCTION
  +--> ?PR?INSTRUCTION_HANDLE?INSTRUCTION

?PR?SYSTEM_INIT?SYSTEM                           -----    -----      -----    -----      -----    -----
  +--> ?PR?_DELAY?SYSTEM
  +--> ?PR?_DELAY_MS?SYSTEM

?PR?_DELAY_MS?SYSTEM                             -----    -----      -----    -----      -----    -----
  +--> ?PR?_DELAY?SYSTEM

?PR?USER_INIT?MAIN                               -----    -----      -----    -----      -----    -----
  +--> ?PR?FUN_INFO_INIT?FUN_INFO
  +--> ?PR?TMR0_CONFIG?TMR0
  +--> ?PR?UART0_CONFIG?UART0
  +--> ?PR?PIN_LEVEL_SCAN_CONFIG?PIN_LEVEL_SCAN
  +--> ?PR?TMR1_CONFIG?TMR1
  +--> ?PR?SPEED_SCAN_CONFIG?SPEED_SCAN
  +--> ?PR?ENGINE_SPEED_SCAN_CONFIG?ENGINE_S...
  +--> ?PR?ADC_CONFIG?ADC
  +--> ?PR?TK_PARAM_INIT?TK_SET
  +--> ?PR?AIP1302_CONFIG?AIP1302
  +--> ?PR?TMR2_CONFIG?TMR2
  +--> ?PR?TMR2_ENABLE?TMR2
  +--> ?PR?_DELAY_MS?SYSTEM

?PR?FUN_INFO_INIT?FUN_INFO                       -----    -----      -----    -----      -----    -----
  +--> ?PR?FUN_INFO
  +--> ?PR?_FLASH_READ?FLASH

?PR?_FLASH_READ?FLASH                            -----    -----      -----    -----      6502H    0005H

BL51 BANKED LINKER/LOCATER V6.22.4.0                                                  08/02/2025  16:49:16  PAGE 7


?PR?TMR0_CONFIG?TMR0                             -----    -----      -----    -----      -----    -----
  +--> ?PR?TMR0

?PR?PIN_LEVEL_SCAN_CONFIG?PIN_LEVEL_SCAN         -----    -----      -----    -----      -----    -----
  +--> ?PR?P27_INPUT_CONFIG?MY_GPIO
  +--> ?PR?P30_INPUT_CONFIG?MY_GPIO
  +--> ?PR?P14_INPUT_CONFIG?MY_GPIO
  +--> ?PR?P13_INPUT_CONFIG?MY_GPIO
  +--> ?PR?P10_INPUT_CONFIG?MY_GPIO
  +--> ?PR?P07_INPUT_CONFIG?MY_GPIO
  +--> ?PR?P06_INPUT_CONFIG?MY_GPIO

?PR?ADC_CONFIG?ADC                               -----    -----      -----    -----      -----    -----
  +--> ?PR?ADC

?PR?TK_PARAM_INIT?TK_SET                         -----    -----      -----    -----      -----    -----
  +--> ?CO?TK_SET
  +--> ?PR?TK_SET
  +--> ?PR?TK_GPIO_CONFIG?TK_SET
  +--> ?PR?__TK_LIB_INIT?TK_LIB
  +--> ?PR?TK_INIT?TK_SET

?PR?TK_GPIO_CONFIG?TK_SET                        -----    -----      -----    -----      -----    -----
  +--> ?PR?TK_SET

?PR?__TK_LIB_INIT?TK_LIB                         -----    -----      -----    -----      6502H    0002H
  +--> ?PR?__TK_DATA_PROCESS?TK_LIB
  +--> ?CO?TK_SET
  +--> ?PR?___TK_SET_NEXT_CH?TK_LIB

?PR?__TK_DATA_PROCESS?TK_LIB                     -----    -----      -----    -----      -----    -----
  +--> ?CO?TK_SET

?PR?AIP1302_CONFIG?AIP1302                       -----    -----      -----    -----      -----    -----
  +--> ?PR?AIP1302
  +--> ?PR?AIP1302_IS_RUNNING?AIP1302
  +--> ?PR?_AIP1302_WRITE_BYTE?AIP1302
  +--> ?PR?AIP1302_READ_ALL?AIP1302

?PR?AIP1302_IS_RUNNING?AIP1302                   -----    -----      -----    -----      -----    -----
  +--> ?PR?AIP1302_READ_ALL?AIP1302

?PR?AIP1302_READ_ALL?AIP1302                     -----    -----      -----    -----      -----    -----
  +--> ?PR?_AIP1302_READ_BYTE?AIP1302

?PR?_AIP1302_READ_BYTE?AIP1302                   -----    -----      -----    -----      6502H    0001H
  +--> ?PR?___AIP1302_READ_BYTE?AIP1302
  +--> ?PR?___AIP1302_CONVERT_READ_BYTE?AIP1302

?PR?___AIP1302_READ_BYTE?AIP1302                 -----    -----      -----    -----      6503H    0003H
  +--> ?PR?AIP1302
  +--> ?PR?_DELAY?SYSTEM

?PR?___AIP1302_CONVERT_READ_BYTE?AIP1302         -----    -----      -----    -----      6503H    0003H
  +--> ?PR?_REVERSE_U8?AIP1302

?PR?_AIP1302_WRITE_BYTE?AIP1302                  -----    -----      -----    -----      6509H    0004H
BL51 BANKED LINKER/LOCATER V6.22.4.0                                                  08/02/2025  16:49:16  PAGE 8


  +--> ?PR?___AIP1302_WRITE_BYTE?AIP1302

?PR?___AIP1302_WRITE_BYTE?AIP1302                -----    -----      -----    -----      650DH    0003H
  +--> ?PR?AIP1302
  +--> ?PR?_DELAY?SYSTEM

?PR?__TK_SCAN?TK_LIB                             -----    -----      -----    -----      -----    -----
  +--> ?PR?__TK_BUTTON_DECIDE?TK_LIB
  +--> ?PR?___TK_SET_NEXT_CH?TK_LIB

?PR?__TK_BUTTON_DECIDE?TK_LIB                    -----    -----      -----    -----      -----    -----
  +--> ?CO?TK_SET
  +--> ?PR?___TK_MODE_CARRY_FUNC?TK_LIB

?PR?___TK_MODE_CARRY_FUNC?TK_LIB                 -----    -----      -----    -----      6502H    0001H
  +--> ?CO?TK_SET
  +--> ?PR?__TK_BASELINE_UPDATE?TK_LIB

?PR?__TK_BASELINE_UPDATE?TK_LIB                  -----    -----      -----    -----      -----    -----
  +--> ?CO?TK_SET

?PR?_KEY_DRIVER_SCAN?KEY_DRIVER                  -----    -----      -----    -----      6502H    0002H
  +--> ?PR?KEY_DRIVER

?PR?AD_KEY_HANDLE?AD_KEY                         -----    -----      -----    -----      -----    -----
  +--> ?PR?___AD_KEY_GET_EVENT?AD_KEY
  +--> ?PR?_SEND_DATA?SEND_DATA

?PR?___AD_KEY_GET_EVENT?AD_KEY                   -----    -----      -----    -----      -----    -----
  +--> ?PR?AD_KEY

?PR?_SEND_DATA?SEND_DATA                         -----    -----      -----    -----      6502H    0009H
  +--> ?PR?_UART0_SENDBYTE?UART0
  +--> ?PR?SEND_DATA
  +--> ?PR?_DELAY_MS?SYSTEM

?PR?TOUCH_KEY_HANDLE?TOUCH_KEY                   -----    -----      -----    -----      -----    -----
  +--> ?PR?___TOUCH_KEY_GET_EVENT?TOUCH_KEY
  +--> ?PR?_SEND_DATA?SEND_DATA

?PR?___TOUCH_KEY_GET_EVENT?TOUCH_KEY             -----    -----      -----    -----      6502H    0001H
  +--> ?PR?TOUCH_KEY

?PR?SPEED_SCAN?SPEED_SCAN                        -----    -----      -----    -----      6502H    0006H
  +--> ?PR?SPEED_SCAN
  +--> ?PR?_SPEED_BUFF_UPDATE?SPEED_SCAN

?PR?_SPEED_BUFF_UPDATE?SPEED_SCAN                0024H.2  0000H.1    -----    -----      6508H    0003H
  +--> ?PR?SPEED_SCAN

?PR?ENGINE_SPEED_SCAN?ENGINE_SPEED_SCAN          -----    -----      -----    -----      6502H    0004H
  +--> ?PR?ENGINE_SPEED_SCAN
  +--> ?PR?_ENGINE_SPEED_BUFF_UPDATE?ENGINE_...

?PR?_ENGINE_SPEED_BUFF_UPDATE?ENGINE_...         0024H.2  0000H.1    -----    -----      6506H    0009H
  +--> ?PR?ENGINE_SPEED_SCAN

BL51 BANKED LINKER/LOCATER V6.22.4.0                                                  08/02/2025  16:49:16  PAGE 9


?PR?MILEAGE_SCAN?MILEAGE                         -----    -----      -----    -----      -----    -----
  +--> ?PR?MILEAGE
  +--> ?PR?FUN_INFO_SAVE?FUN_INFO

?PR?FUN_INFO_SAVE?FUN_INFO                       -----    -----      -----    -----      -----    -----
  +--> ?PR?_FLASH_ERASE_SECTOR?FLASH
  +--> ?PR?FUN_INFO
  +--> ?PR?_FLASH_WRITE?FLASH

?PR?_FLASH_WRITE?FLASH                           -----    -----      -----    -----      6502H    0005H

?PR?FUEL_CAPACITY_SCAN?FUEL_CAPACITY             -----    -----      -----    -----      6502H    0006H
  +--> ?PR?FUEL_CAPACITY
  +--> ?PR?_SAMPLES_INIT?FUEL_CAPACITY
  +--> ?PR?_GET_FILTERED_ADC?FUEL_CAPACITY
  +--> ?PR?_CONVERT_FUEL_PERCENT_TO_GEAR?FUE...
  +--> ?PR?_ADC_SEL_PIN?ADC
  +--> ?PR?ADC_GETVAL?ADC
  +--> ?PR?_CONVERT_FUEL_ADC_TO_PERCENT?FUEL...

?PR?_SAMPLES_INIT?FUEL_CAPACITY                  -----    -----      -----    -----      -----    -----
  +--> ?PR?FUEL_CAPACITY

?PR?_GET_FILTERED_ADC?FUEL_CAPACITY              -----    -----      -----    -----      6508H    0005H
  +--> ?PR?FUEL_CAPACITY

?PR?_ADC_SEL_PIN?ADC                             -----    -----      -----    -----      -----    -----
  +--> ?PR?ADC
  +--> ?PR?_DELAY_MS?SYSTEM

?PR?ADC_GETVAL?ADC                               -----    -----      -----    -----      6508H    000BH
  +--> ?PR?ADC_SINGLE_CONVERT?ADC
  +--> ?PR?ADC

?PR?_CONVERT_FUEL_ADC_TO_PERCENT?FUEL...         -----    -----      -----    -----      6508H    0002H
  +--> ?PR?FUEL_CAPACITY

?PR?BATTERY_SCAN?BATTERY                         -----    -----      -----    -----      6502H    0003H
  +--> ?PR?_ADC_SEL_PIN?ADC
  +--> ?PR?ADC_GETVAL?ADC
  +--> ?PR?BATTERY
  +--> ?PR?_CONVER_ADC_VAL_TO_VOLTAGE?BATTERY

?PR?BATTERY                                      -----    -----      -----    -----      -----    -----
  +--> ?PR?_CONVER_VOLTAGE_OF_BATTERY_TO_PER...

?PR?UART0_SCAN_HANDLE?UART0                      0024H.2  0000H.1    -----    -----      6502H    0003H
  +--> ?PR?TMR0_DISABLE?TMR0
  +--> ?PR?UART0

?PR?TMR0_DISABLE?TMR0                            -----    -----      -----    -----      -----    -----
  +--> ?PR?TMR0

?PR?INSTRUCTION_SCAN?INSTRUCTION                 -----    -----      -----    -----      6502H    0001H
  +--> ?PR?INSTRUCTION

?PR?INSTRUCTION_HANDLE?INSTRUCTION               -----    -----      -----    -----      -----    -----
BL51 BANKED LINKER/LOCATER V6.22.4.0                                                  08/02/2025  16:49:16  PAGE 10


  +--> ?PR?INSTRUCTION
  +--> ?PR?_SEND_DATA?SEND_DATA
  +--> ?PR?AIP1302_READ_ALL?AIP1302
  +--> ?PR?AIP1302_UPDATE_TIME?AIP1302
  +--> ?PR?FUN_INFO_SAVE?FUN_INFO

?PR?AIP1302_UPDATE_TIME?AIP1302                  -----    -----      -----    -----      6502H    0007H
  +--> ?PR?_AIP1302_WRITE_BYTE?AIP1302

?C_INITSEG                                       -----    -----      -----    -----      -----    -----
  +--> ?PR?AD_KEY_GET_KEY_ID?AD_KEY
  +--> ?PR?TOUCH_KEY_GET_KEY_ID?TOUCH_KEY

?PR?AD_KEY_GET_KEY_ID?AD_KEY                     -----    -----      -----    -----      6502H    0002H
  +--> ?PR?_ADC_SEL_PIN?ADC
  +--> ?PR?ADC_SINGLE_CONVERT?ADC
  +--> ?PR?___CONVER_CUR_AD_TO_AD_KEY?AD_KEY

?PR?___CONVER_CUR_AD_TO_AD_KEY?AD_KEY            -----    -----      -----    -----      6504H    0002H

?PR?TOUCH_KEY_GET_KEY_ID?TOUCH_KEY               -----    -----      -----    -----      6502H    0005H
  +--> ?PR?TOUCH_KEY

*** NEW ROOT ***************************************************

?PR?TK_IRQHANDLER?TK_SET                         -----    -----      -----    -----      -----    -----
  +--> ?PR?__TK_HANDLER?TK_LIB

?PR?__TK_HANDLER?TK_LIB                          -----    -----      -----    -----      -----    -----
  +--> ?CO?TK_SET
  +--> ?PR?__TK_MODE_CONFIG?TK_LIB
  +--> ?PR?__TK_I_SOURCE_ADJUST?TK_LIB
  +--> ?PR?__TK_BASELINE_INIT?TK_LIB
  +--> ?PR?___TK_SET_NEXT_CH?TK_LIB

?PR?__TK_MODE_CONFIG?TK_LIB                      -----    -----      -----    -----      -----    -----
  +--> ?PR?___TK_SET_NEXT_CH?TK_LIB

?PR?__TK_I_SOURCE_ADJUST?TK_LIB                  -----    -----      -----    -----      6513H    0001H
  +--> ?CO?TK_SET
  +--> ?PR?___TK_LIB_I_ADJUST?TK_LIB
  +--> ?PR?__TK_MODE_CONFIG?TK_LIB
  +--> ?PR?___TK_SET_NEXT_CH?TK_LIB

?PR?___TK_LIB_I_ADJUST?TK_LIB                    -----    -----      0025H    0008H      6514H    0005H
  +--> ?CO?TK_SET

?PR?__TK_BASELINE_INIT?TK_LIB                    -----    -----      -----    -----      -----    -----
  +--> ?CO?TK_SET
  +--> ?PR?___TK_SET_NEXT_CH?TK_LIB

*** NEW ROOT ***************************************************

?PR?TIMR1_IRQHANDLER?TMR1                        -----    -----      -----    -----      -----    -----
  +--> ?PR?TMR1

*** NEW ROOT ***************************************************
BL51 BANKED LINKER/LOCATER V6.22.4.0                                                  08/02/2025  16:49:16  PAGE 11



?PR?TIMR2_IRQHANDLER?TMR2                        -----    -----      -----    -----      -----    -----
  +--> ?PR?TMR2
  +--> ?PR?UPDATE_ENGINE_SPEED_SCAN_DATA?ENG...
  +--> ?PR?UPDATE_SPEED_SCAN_DATA?SPEED_SCAN

?PR?UPDATE_ENGINE_SPEED_SCAN_DATA?ENG...         -----    -----      -----    -----      -----    -----
  +--> ?PR?ENGINE_SPEED_SCAN

?PR?UPDATE_SPEED_SCAN_DATA?SPEED_SCAN            -----    -----      -----    -----      -----    -----
  +--> ?PR?SPEED_SCAN

*** NEW ROOT ***************************************************

?PR?UART0_IRQHANDLER?UART0                       -----    -----      -----    -----      6519H    0001H
  +--> ?PR?UART0
  +--> ?PR?TMR0_DISABLE?TMR0
  +--> ?PR?TMR0_ENABLE?TMR0

?PR?TMR0_ENABLE?TMR0                             -----    -----      -----    -----      -----    -----
  +--> ?PR?TMR0



SYMBOL TABLE OF MODULE:  .\Release\Objects\Project (?C_STARTUP)

  VALUE           TYPE          NAME
  ----------------------------------

  -------         MODULE        ?C_STARTUP
  C:29B0H         SEGMENT       ?C_C51STARTUP
  I:0067H         SEGMENT       ?STACK
  C:0000H         PUBLIC        ?C_STARTUP
  D:00E0H         SYMBOL        ACC
  D:00F0H         SYMBOL        B
  D:0083H         SYMBOL        DPH
  D:0082H         SYMBOL        DPL
  N:0000H         SYMBOL        IBPSTACK
  N:0100H         SYMBOL        IBPSTACKTOP
  N:0080H         SYMBOL        IDATALEN
  C:29B3H         SYMBOL        IDATALOOP
  N:0000H         SYMBOL        PBPSTACK
  N:0100H         SYMBOL        PBPSTACKTOP
  N:0000H         SYMBOL        PDATALEN
  N:0000H         SYMBOL        PDATASTART
  N:0000H         SYMBOL        PPAGE
  N:0000H         SYMBOL        PPAGEENABLE
  D:00A0H         SYMBOL        PPAGE_SFR
  D:0081H         SYMBOL        SP
  C:29B0H         SYMBOL        STARTUP1
  N:0000H         SYMBOL        XBPSTACK
  N:0000H         SYMBOL        XBPSTACKTOP
  N:0700H         SYMBOL        XDATALEN
  C:29BEH         SYMBOL        XDATALOOP
  N:6000H         SYMBOL        XDATASTART
  C:0000H         LINE#         126
  C:29B0H         LINE#         133
BL51 BANKED LINKER/LOCATER V6.22.4.0                                                  08/02/2025  16:49:16  PAGE 12


  C:29B2H         LINE#         134
  C:29B3H         LINE#         135
  C:29B4H         LINE#         136
  C:29B6H         LINE#         140
  C:29B9H         LINE#         141
  C:29BBH         LINE#         145
  C:29BDH         LINE#         147
  C:29BEH         LINE#         148
  C:29BFH         LINE#         149
  C:29C0H         LINE#         150
  C:29C2H         LINE#         151
  C:29C4H         LINE#         185
  C:29C7H         LINE#         196
  -------         ENDMOD        ?C_STARTUP

  -------         MODULE        SYSTEM
  C:0000H         SYMBOL        _ICE_DUMMY_
  D:00D9H         PUBLIC        WDT_KEY
  D:00A7H         PUBLIC        FLASH_TIMEREG0
  D:00ACH         PUBLIC        FLASH_TIMEREG1
  C:3C5AH         PUBLIC        _delay
  C:3B00H         PUBLIC        _delay_ms
  C:231BH         PUBLIC        system_init
  -------         PROC          _DELAY
  D:0006H         SYMBOL        cnt
  C:3C5AH         LINE#         37
  C:3C5AH         LINE#         38
  C:3C5AH         LINE#         39
  C:3C64H         LINE#         40
  C:3C64H         LINE#         41
  C:3C64H         LINE#         42
  -------         ENDPROC       _DELAY
  -------         PROC          _DELAY_MS
  D:0002H         SYMBOL        ms
  C:3B00H         LINE#         49
  C:3B04H         LINE#         50
  C:3B04H         LINE#         51
  C:3B0EH         LINE#         52
  C:3B0EH         LINE#         53
  C:3B15H         LINE#         54
  C:3B18H         LINE#         55
  C:3B1AH         LINE#         56
  -------         ENDPROC       _DELAY_MS
  -------         PROC          SYSTEM_INIT
  -------         DO            
  D:0007H         SYMBOL        i
  -------         ENDDO         
  C:231BH         LINE#         63
  C:231BH         LINE#         64
  C:231BH         LINE#         67
  C:2322H         LINE#         68
  C:232FH         LINE#         69
  C:2332H         LINE#         72
  C:2335H         LINE#         73
  C:233BH         LINE#         74
  C:2341H         LINE#         75
  C:2347H         LINE#         76
BL51 BANKED LINKER/LOCATER V6.22.4.0                                                  08/02/2025  16:49:16  PAGE 13


  C:234DH         LINE#         77
  C:2354H         LINE#         81
  C:2356H         LINE#         82
  C:2356H         LINE#         83
  C:2363H         LINE#         84
  C:2368H         LINE#         86
  C:23F6H         LINE#         87
  -------         ENDPROC       SYSTEM_INIT
  -------         ENDMOD        SYSTEM

  -------         MODULE        TK_SET
  C:0000H         SYMBOL        _ICE_DUMMY_
  D:00A8H         PUBLIC        IE0
  D:00A9H         PUBLIC        IE1
  D:00AAH         PUBLIC        IE2
  D:00ABH         PUBLIC        IE3
  B:00A8H.7       PUBLIC        IE_EA
  D:00B8H         PUBLIC        IP0
  D:00B1H         PUBLIC        IP1
  D:00B2H         PUBLIC        IP2
  D:00B3H         PUBLIC        IP3
  D:00B4H         PUBLIC        IP4
  D:00B5H         PUBLIC        IP5
  D:00B6H         PUBLIC        IP6
  D:00B7H         PUBLIC        IP7
  C:2ADDH         PUBLIC        tk_param_init
  X:64EAH         PUBLIC        __tk_update_cnt
  X:64ECH         PUBLIC        __tk_confirm_cnt
  X:64EEH         PUBLIC        __tk_leave_cnt
  X:64F0H         PUBLIC        __tk_ch_index
  X:64F2H         PUBLIC        __tk_ch_fth
  X:64F6H         PUBLIC        __tk_i_set
  X:6000H         PUBLIC        __tk_ch_data_0
  X:6004H         PUBLIC        __tk_ch_data_1
  X:6008H         PUBLIC        __tk_ch_data_2
  X:6010H         PUBLIC        __tk_ch_data_3
  X:6014H         PUBLIC        __tk_ch_data_4
  X:64FAH         PUBLIC        __tk_ch_data_5
  X:64FEH         PUBLIC        __tk_ch_data_6
  C:3AA7H         PUBLIC        __tk_adjust_line
  C:3AABH         PUBLIC        __tk_adjust_time
  C:3AADH         PUBLIC        __tk_adjust_diff_valu
  C:3AAFH         PUBLIC        __tk_adjust_en
  C:3AB0H         PUBLIC        __tk_valid_time
  C:3AB2H         PUBLIC        __tk_long_key_time
  C:3ABCH         PUBLIC        __tk_use_num
  C:3AB6H         PUBLIC        __tk_cs_en
  C:3AB8H         PUBLIC        __tk_nm_num
  C:3AB7H         PUBLIC        __tk_tp_en
  C:3AB9H         PUBLIC        __tk_base_update_cnt
  C:3ABBH         PUBLIC        __tk_cm_valu
  C:3AB4H         PUBLIC        __tk_noise_value
  C:3ABAH         PUBLIC        __tk_nm_cm_value
  C:3ABDH         SYMBOL        TK_CH_EN_BUG
  C:1C79H         PUBLIC        tk_gpio_config
  C:3520H         PUBLIC        TK_IRQHandler
  C:33A7H         PUBLIC        tk_init
BL51 BANKED LINKER/LOCATER V6.22.4.0                                                  08/02/2025  16:49:16  PAGE 14


  C:3B84H         SYMBOL        Com0055
  C:3B84H         SYMBOL        L?0086
  C:3B84H         SYMBOL        L?0087
  C:3B86H         SYMBOL        L?0088
  C:3B89H         SYMBOL        L?0089
  C:3B92H         SYMBOL        L?0090
  C:3B94H         SYMBOL        L?0091
  -------         PROC          COM0055
  -------         ENDPROC       COM0055
  -------         PROC          TK_GPIO_CONFIG
  -------         DO            
  D:0007H         SYMBOL        i
  -------         ENDDO         
  C:1C79H         LINE#         262
  C:1C79H         LINE#         263
  C:1C79H         LINE#         264
  C:1C7BH         LINE#         266
  C:1C7BH         LINE#         267
  C:1C7BH         LINE#         269
  C:1C83H         LINE#         270
  C:1C83H         LINE#         271
  C:1C8BH         LINE#         272
  C:1C8BH         LINE#         273
  C:1CA0H         LINE#         274
  C:1CB0H         LINE#         275
  C:1CB3H         LINE#         277
  C:1CB3H         LINE#         278
  C:1CC8H         LINE#         279
  C:1CD8H         LINE#         280
  C:1CD8H         LINE#         281
  C:1CDBH         LINE#         282
  C:1CEBH         LINE#         283
  C:1CEBH         LINE#         284
  C:1CF3H         LINE#         285
  C:1CF3H         LINE#         286
  C:1D0AH         LINE#         287
  C:1D1CH         LINE#         288
  C:1D1FH         LINE#         290
  C:1D1FH         LINE#         291
  C:1D36H         LINE#         292
  C:1D48H         LINE#         293
  C:1D48H         LINE#         294
  C:1D4BH         LINE#         296
  C:1D4BH         LINE#         297
  C:1D53H         LINE#         298
  C:1D53H         LINE#         299
  C:1D6AH         LINE#         300
  C:1D7CH         LINE#         301
  C:1D7EH         LINE#         303
  C:1D7EH         LINE#         304
  C:1D95H         LINE#         305
  C:1DABH         LINE#         306
  C:1DABH         LINE#         307
  C:1DABH         LINE#         308
  C:1DB4H         LINE#         309
  -------         ENDPROC       TK_GPIO_CONFIG
  -------         PROC          TK_IRQHANDLER
BL51 BANKED LINKER/LOCATER V6.22.4.0                                                  08/02/2025  16:49:16  PAGE 15


  C:3520H         LINE#         316
  C:353DH         LINE#         318
  C:353DH         LINE#         319
  C:3543H         LINE#         320
  C:3543H         LINE#         321
  C:3547H         LINE#         322
  C:354AH         LINE#         323
  C:354AH         LINE#         324
  C:354AH         LINE#         325
  -------         ENDPROC       TK_IRQHANDLER
  -------         PROC          TK_INIT
  C:33A7H         LINE#         332
  C:33A7H         LINE#         333
  C:33A7H         LINE#         334
  C:33A9H         LINE#         335
  C:33ACH         LINE#         336
  C:33AFH         LINE#         337
  C:33B6H         LINE#         338
  C:33B9H         LINE#         339
  C:33BEH         LINE#         340
  C:33C2H         LINE#         341
  C:33C7H         LINE#         342
  C:33CBH         LINE#         343
  C:33D0H         LINE#         344
  C:33D4H         LINE#         345
  C:33D9H         LINE#         346
  C:33DDH         LINE#         347
  C:33E0H         LINE#         348
  C:33E2H         LINE#         349
  C:33E4H         LINE#         350
  C:33E9H         LINE#         351
  C:33EDH         LINE#         352
  C:33F1H         LINE#         353
  C:33F5H         LINE#         354
  -------         ENDPROC       TK_INIT
  -------         PROC          TK_PARAM_INIT
  -------         DO            
  D:0003H         SYMBOL        i
  -------         ENDDO         
  C:2ADDH         LINE#         403
  C:2ADDH         LINE#         404
  C:2ADDH         LINE#         405
  C:2ADFH         LINE#         408
  C:2ADFH         LINE#         409
  C:2ADFH         LINE#         410
  C:2AFDH         LINE#         411
  C:2B23H         LINE#         412
  C:2B35H         LINE#         413
  C:2B5DH         LINE#         414
  C:2B66H         LINE#         417
  C:2B69H         LINE#         420
  C:2B6CH         LINE#         423
  -------         ENDPROC       TK_PARAM_INIT
  -------         ENDMOD        TK_SET

  -------         MODULE        MY_GPIO
  C:0000H         SYMBOL        _ICE_DUMMY_
BL51 BANKED LINKER/LOCATER V6.22.4.0                                                  08/02/2025  16:49:16  PAGE 16


  C:3C6DH         PUBLIC        p06_input_config
  C:3C74H         PUBLIC        p07_input_config
  C:3C7BH         PUBLIC        p10_input_config
  C:3C82H         PUBLIC        p13_input_config
  C:3C89H         PUBLIC        p14_input_config
  C:3C90H         PUBLIC        p27_input_config
  C:3C97H         PUBLIC        p30_input_config
  -------         PROC          P06_INPUT_CONFIG
  C:3C6DH         LINE#         90
  C:3C6DH         LINE#         91
  C:3C6DH         LINE#         93
  C:3C73H         LINE#         96
  -------         ENDPROC       P06_INPUT_CONFIG
  -------         PROC          P07_INPUT_CONFIG
  C:3C74H         LINE#         99
  C:3C74H         LINE#         100
  C:3C74H         LINE#         102
  C:3C7AH         LINE#         105
  -------         ENDPROC       P07_INPUT_CONFIG
  -------         PROC          P10_INPUT_CONFIG
  C:3C7BH         LINE#         108
  C:3C7BH         LINE#         109
  C:3C7BH         LINE#         111
  C:3C81H         LINE#         114
  -------         ENDPROC       P10_INPUT_CONFIG
  -------         PROC          P13_INPUT_CONFIG
  C:3C82H         LINE#         117
  C:3C82H         LINE#         118
  C:3C82H         LINE#         120
  C:3C88H         LINE#         123
  -------         ENDPROC       P13_INPUT_CONFIG
  -------         PROC          P14_INPUT_CONFIG
  C:3C89H         LINE#         126
  C:3C89H         LINE#         127
  C:3C89H         LINE#         129
  C:3C8FH         LINE#         132
  -------         ENDPROC       P14_INPUT_CONFIG
  -------         PROC          P27_INPUT_CONFIG
  C:3C90H         LINE#         181
  C:3C90H         LINE#         182
  C:3C90H         LINE#         184
  C:3C96H         LINE#         187
  -------         ENDPROC       P27_INPUT_CONFIG
  -------         PROC          P30_INPUT_CONFIG
  C:3C97H         LINE#         190
  C:3C97H         LINE#         191
  C:3C97H         LINE#         193
  C:3C9DH         LINE#         196
  -------         ENDPROC       P30_INPUT_CONFIG
  -------         ENDMOD        MY_GPIO

  -------         MODULE        TMR0
  C:0000H         SYMBOL        _ICE_DUMMY_
  D:00A8H         PUBLIC        IE0
  D:00A9H         PUBLIC        IE1
  D:00AAH         PUBLIC        IE2
  D:00ABH         PUBLIC        IE3
BL51 BANKED LINKER/LOCATER V6.22.4.0                                                  08/02/2025  16:49:16  PAGE 17


  B:00A8H.7       PUBLIC        IE_EA
  D:00B8H         PUBLIC        IP0
  D:00B1H         PUBLIC        IP1
  D:00B2H         PUBLIC        IP2
  D:00B3H         PUBLIC        IP3
  D:00B4H         PUBLIC        IP4
  D:00B5H         PUBLIC        IP5
  D:00B6H         PUBLIC        IP6
  D:00B7H         PUBLIC        IP7
  X:600CH         PUBLIC        tmr0_cnt
  C:3722H         PUBLIC        tmr0_config
  C:3C42H         PUBLIC        tmr0_enable
  C:3BFDH         PUBLIC        tmr0_disable
  C:2FEBH         PUBLIC        TIMR0_IRQHandler
  C:3C65H         SYMBOL        Com004F
  C:3C65H         SYMBOL        L?0080
  C:3C65H         SYMBOL        L?0081
  -------         PROC          COM004F
  -------         ENDPROC       COM004F
  -------         PROC          TMR0_CONFIG
  C:3722H         LINE#         13
  C:3722H         LINE#         14
  C:3722H         LINE#         15
  C:3728H         LINE#         16
  C:372BH         LINE#         17
  C:372DH         LINE#         20
  C:3731H         LINE#         21
  C:3733H         LINE#         23
  C:3739H         LINE#         24
  C:373DH         LINE#         25
  C:3741H         LINE#         26
  C:3745H         LINE#         28
  C:374AH         LINE#         29
  C:374EH         LINE#         31
  C:3753H         LINE#         32
  C:3757H         LINE#         34
  C:3757H         LINE#         35
  C:375DH         LINE#         36
  -------         ENDPROC       TMR0_CONFIG
  -------         PROC          TMR0_ENABLE
  C:3C42H         LINE#         41
  C:3C42H         LINE#         42
  C:3C42H         LINE#         44
  C:3C42H         LINE#         45
  C:3C48H         LINE#         47
  C:3C4BH         LINE#         48
  C:3C4DH         LINE#         49
  -------         ENDPROC       TMR0_ENABLE
  -------         PROC          TMR0_DISABLE
  C:3BFDH         LINE#         54
  C:3BFDH         LINE#         55
  C:3BFDH         LINE#         57
  C:3BFDH         LINE#         58
  C:3C03H         LINE#         61
  C:3C07H         LINE#         62
  C:3C09H         LINE#         64
  C:3C0CH         LINE#         65
BL51 BANKED LINKER/LOCATER V6.22.4.0                                                  08/02/2025  16:49:16  PAGE 18


  -------         ENDPROC       TMR0_DISABLE
  -------         PROC          TIMR0_IRQHANDLER
  C:2FEBH         LINE#         68
  C:3008H         LINE#         71
  C:3008H         LINE#         77
  C:300EH         LINE#         78
  C:300EH         LINE#         79
  C:3012H         LINE#         80
  C:3024H         LINE#         81
  C:3024H         LINE#         82
  C:303DH         LINE#         83
  C:303DH         LINE#         86
  C:303DH         LINE#         90
  C:303DH         LINE#         91
  -------         ENDPROC       TIMR0_IRQHANDLER
  -------         ENDMOD        TMR0

  -------         MODULE        TMR1
  C:0000H         SYMBOL        _ICE_DUMMY_
  D:00A8H         PUBLIC        IE0
  D:00A9H         PUBLIC        IE1
  D:00AAH         PUBLIC        IE2
  D:00ABH         PUBLIC        IE3
  B:00A8H.7       PUBLIC        IE_EA
  D:00B8H         PUBLIC        IP0
  D:00B1H         PUBLIC        IP1
  D:00B2H         PUBLIC        IP2
  D:00B3H         PUBLIC        IP3
  D:00B4H         PUBLIC        IP4
  D:00B5H         PUBLIC        IP5
  D:00B6H         PUBLIC        IP6
  D:00B7H         PUBLIC        IP7
  D:00D1H         PUBLIC        TMR_ALLCON
  C:3565H         PUBLIC        tmr1_config
  X:6542H         PUBLIC        tmr1_cnt
  C:16C7H         PUBLIC        TIMR1_IRQHandler
  C:39DDH         SYMBOL        Com004F
  C:39DDH         SYMBOL        L?0080
  C:39DDH         SYMBOL        L?0081
  C:39E4H         SYMBOL        L?0082
  C:39E4H         SYMBOL        L?0083
  C:39F5H         SYMBOL        L?0084
  -------         PROC          COM004F
  -------         ENDPROC       COM004F
  -------         PROC          TMR1_CONFIG
  C:3565H         LINE#         15
  C:3565H         LINE#         16
  C:3565H         LINE#         17
  C:356BH         LINE#         18
  C:356EH         LINE#         19
  C:3570H         LINE#         21
  C:3573H         LINE#         23
  C:3579H         LINE#         24
  C:357DH         LINE#         25
  C:3581H         LINE#         26
  C:3585H         LINE#         28
  C:358AH         LINE#         29
BL51 BANKED LINKER/LOCATER V6.22.4.0                                                  08/02/2025  16:49:16  PAGE 19


  C:358EH         LINE#         32
  C:3593H         LINE#         33
  C:3597H         LINE#         39
  C:359DH         LINE#         40
  C:35A1H         LINE#         42
  C:35A4H         LINE#         43
  C:35A6H         LINE#         44
  -------         ENDPROC       TMR1_CONFIG
  -------         PROC          TIMR1_IRQHANDLER
  -------         DO            
  X:653CH         SYMBOL        cnt
  X:653EH         SYMBOL        cnt
  X:6540H         SYMBOL        cnt
  -------         ENDDO         
  -------         DO            
  X:653EH         SYMBOL        cnt
  X:6540H         SYMBOL        cnt
  -------         ENDDO         
  -------         DO            
  X:6540H         SYMBOL        cnt
  -------         ENDDO         
  C:16C7H         LINE#         192
  C:16E4H         LINE#         195
  C:16E4H         LINE#         216
  C:16EDH         LINE#         217
  C:16EDH         LINE#         218
  C:16F1H         LINE#         220
  C:1703H         LINE#         221
  C:1703H         LINE#         222
  C:170FH         LINE#         223
  C:170FH         LINE#         225
  C:170FH         LINE#         246
  C:1718H         LINE#         247
  C:1718H         LINE#         248
  C:171BH         LINE#         249
  C:171BH         LINE#         253
  C:1724H         LINE#         254
  C:1724H         LINE#         255
  C:1727H         LINE#         256
  C:1727H         LINE#         260
  C:1734H         LINE#         261
  C:1734H         LINE#         262
  C:173AH         LINE#         263
  C:173AH         LINE#         267
  C:173DH         LINE#         268
  C:173DH         LINE#         269
  C:174AH         LINE#         270
  C:174AH         LINE#         271
  C:1750H         LINE#         272
  C:175FH         LINE#         274
  C:175FH         LINE#         275
  C:1763H         LINE#         276
  C:1765H         LINE#         277
  C:1765H         LINE#         278
  C:1765H         LINE#         279
  C:1767H         LINE#         281
  C:1767H         LINE#         282
BL51 BANKED LINKER/LOCATER V6.22.4.0                                                  08/02/2025  16:49:16  PAGE 20


  C:176EH         LINE#         283
  C:1770H         LINE#         284
  C:1770H         LINE#         288
  C:1770H         LINE#         290
  C:1776H         LINE#         291
  C:1785H         LINE#         292
  C:1785H         LINE#         293
  C:1789H         LINE#         294
  C:178BH         LINE#         295
  C:178BH         LINE#         296
  C:178BH         LINE#         300
  C:178BH         LINE#         302
  C:1791H         LINE#         303
  C:17A0H         LINE#         304
  C:17A0H         LINE#         305
  C:17A4H         LINE#         306
  C:17A6H         LINE#         307
  C:17A6H         LINE#         308
  C:17A6H         LINE#         312
  C:17A6H         LINE#         313
  C:17B2H         LINE#         315
  C:17B2H         LINE#         319
  C:17B2H         LINE#         320
  C:17CBH         LINE#         322
  C:17CBH         LINE#         326
  C:17CBH         LINE#         327
  C:17D1H         LINE#         329
  C:17E0H         LINE#         330
  C:17E0H         LINE#         332
  C:17E4H         LINE#         333
  C:17E8H         LINE#         334
  C:17E8H         LINE#         335
  C:17E8H         LINE#         353
  C:17E8H         LINE#         355
  C:17EEH         LINE#         357
  C:17FDH         LINE#         358
  C:17FDH         LINE#         360
  C:1801H         LINE#         361
  C:1805H         LINE#         362
  C:1805H         LINE#         363
  C:1805H         LINE#         366
  C:1805H         LINE#         367
  C:180BH         LINE#         368
  C:180BH         LINE#         372
  C:180BH         LINE#         373
  C:1817H         LINE#         374
  C:1817H         LINE#         391
  C:1817H         LINE#         393
  C:181DH         LINE#         394
  C:182CH         LINE#         395
  C:182CH         LINE#         396
  C:1830H         LINE#         397
  C:1832H         LINE#         398
  C:1832H         LINE#         399
  C:1832H         LINE#         400
  C:1832H         LINE#         401
  C:1832H         LINE#         405
BL51 BANKED LINKER/LOCATER V6.22.4.0                                                  08/02/2025  16:49:16  PAGE 21


  C:1832H         LINE#         406
  -------         ENDPROC       TIMR1_IRQHANDLER
  -------         ENDMOD        TMR1

  -------         MODULE        TMR2
  C:0000H         SYMBOL        _ICE_DUMMY_
  D:00A8H         PUBLIC        IE0
  D:00A9H         PUBLIC        IE1
  D:00AAH         PUBLIC        IE2
  D:00ABH         PUBLIC        IE3
  B:00A8H.7       PUBLIC        IE_EA
  D:00B8H         PUBLIC        IP0
  D:00B1H         PUBLIC        IP1
  D:00B2H         PUBLIC        IP2
  D:00B3H         PUBLIC        IP3
  D:00B4H         PUBLIC        IP4
  D:00B5H         PUBLIC        IP5
  D:00B6H         PUBLIC        IP6
  D:00B7H         PUBLIC        IP7
  B:0080H.2       PUBLIC        P02
  B:0090H.5       PUBLIC        P15
  D:00D1H         PUBLIC        TMR_ALLCON
  C:35E9H         PUBLIC        tmr2_config
  C:3BCAH         PUBLIC        tmr2_enable
  C:2226H         PUBLIC        TIMR2_IRQHandler
  C:3B1BH         SYMBOL        Com004D
  C:3B1BH         SYMBOL        L?0078
  C:3B1BH         SYMBOL        L?0079
  C:3B2CH         SYMBOL        L?0080
  -------         PROC          COM004D
  -------         ENDPROC       COM004D
  -------         PROC          TMR2_CONFIG
  C:35E9H         LINE#         14
  C:35E9H         LINE#         15
  C:35E9H         LINE#         16
  C:35EFH         LINE#         17
  C:35F2H         LINE#         18
  C:35F4H         LINE#         21
  C:35F7H         LINE#         23
  C:35FEH         LINE#         24
  C:3600H         LINE#         25
  C:3604H         LINE#         26
  C:3608H         LINE#         29
  C:360EH         LINE#         30
  C:3614H         LINE#         32
  C:361BH         LINE#         33
  C:361FH         LINE#         34
  C:3624H         LINE#         35
  C:3628H         LINE#         36
  -------         ENDPROC       TMR2_CONFIG
  -------         PROC          TMR2_ENABLE
  C:3BCAH         LINE#         41
  C:3BCAH         LINE#         42
  C:3BCAH         LINE#         44
  C:3BD1H         LINE#         45
  C:3BD5H         LINE#         47
  C:3BD8H         LINE#         48
BL51 BANKED LINKER/LOCATER V6.22.4.0                                                  08/02/2025  16:49:16  PAGE 22


  C:3BDAH         LINE#         49
  -------         ENDPROC       TMR2_ENABLE
  -------         PROC          TIMR2_IRQHANDLER
  -------         DO            
  B:0022H.4       SYMBOL        last_engine_speed_scan_level
  B:0022H.5       SYMBOL        last_speed_scan_level
  -------         DO            
  X:6550H         SYMBOL        cnt
  X:6551H         SYMBOL        cnt
  -------         ENDDO         
  -------         DO            
  X:6551H         SYMBOL        cnt
  -------         ENDDO         
  -------         ENDDO         
  C:2226H         LINE#         72
  C:2243H         LINE#         88
  C:2243H         LINE#         93
  C:224DH         LINE#         94
  C:224DH         LINE#         95
  C:2251H         LINE#         99
  C:2251H         LINE#         101
  C:2257H         LINE#         102
  C:225DH         LINE#         103
  C:225DH         LINE#         104
  C:225FH         LINE#         105
  C:226BH         LINE#         107
  C:227AH         LINE#         109
  C:227AH         LINE#         110
  C:2284H         LINE#         111
  C:2286H         LINE#         112
  C:2286H         LINE#         113
  C:2286H         LINE#         114
  C:2286H         LINE#         116
  C:2289H         LINE#         117
  C:2289H         LINE#         118
  C:228CH         LINE#         119
  C:228CH         LINE#         125
  C:2298H         LINE#         126
  C:229BH         LINE#         127
  C:229BH         LINE#         129
  C:229DH         LINE#         130
  C:229FH         LINE#         132
  C:229FH         LINE#         134
  C:22A1H         LINE#         135
  C:22A1H         LINE#         140
  C:22A1H         LINE#         142
  C:22ABH         LINE#         143
  C:22BAH         LINE#         144
  C:22BAH         LINE#         145
  C:22BEH         LINE#         146
  C:22CAH         LINE#         149
  C:22D9H         LINE#         151
  C:22D9H         LINE#         152
  C:22E3H         LINE#         153
  C:22E5H         LINE#         154
  C:22E5H         LINE#         155
  C:22E5H         LINE#         156
BL51 BANKED LINKER/LOCATER V6.22.4.0                                                  08/02/2025  16:49:16  PAGE 23


  C:22E5H         LINE#         158
  C:22E8H         LINE#         159
  C:22E8H         LINE#         160
  C:22EBH         LINE#         161
  C:22EBH         LINE#         170
  C:22F7H         LINE#         171
  C:22FAH         LINE#         172
  C:22FAH         LINE#         174
  C:22FCH         LINE#         175
  C:22FEH         LINE#         177
  C:22FEH         LINE#         179
  C:2300H         LINE#         180
  C:2300H         LINE#         182
  C:2300H         LINE#         186
  C:2300H         LINE#         187
  -------         ENDPROC       TIMR2_IRQHANDLER
  -------         ENDMOD        TMR2

  -------         MODULE        UART0
  C:0000H         SYMBOL        _ICE_DUMMY_
  D:00A8H         PUBLIC        IE0
  D:00A9H         PUBLIC        IE1
  D:00AAH         PUBLIC        IE2
  D:00ABH         PUBLIC        IE3
  B:00A8H.7       PUBLIC        IE_EA
  D:00B8H         PUBLIC        IP0
  D:00B1H         PUBLIC        IP1
  D:00B2H         PUBLIC        IP2
  D:00B3H         PUBLIC        IP3
  D:00B4H         PUBLIC        IP4
  D:00B5H         PUBLIC        IP5
  D:00B6H         PUBLIC        IP6
  D:00B7H         PUBLIC        IP7
  D:00D2H         PUBLIC        UART0_CON0
  D:00D4H         PUBLIC        UART0_STA
  D:00D5H         PUBLIC        UART0_BAUD0
  D:00D6H         PUBLIC        UART0_BAUD1
  D:00D7H         PUBLIC        UART0_DATA
  C:004EH         PUBLIC        _putchar
  X:63F1H         PUBLIC        uart0_recv_buf
  X:641EH         PUBLIC        uart0_recv_len
  X:6421H         PUBLIC        recved_flagbuf
  X:6424H         PUBLIC        recv_frame_cnt
  X:6425H         PUBLIC        flagbuf_valid_instruction
  C:398AH         PUBLIC        uart0_config
  C:3C1BH         PUBLIC        _uart0_sendbyte
  C:1EEDH         PUBLIC        uart0_scan_handle
  B:0023H.6       SYMBOL        flag_is_recving_data
  X:6428H         SYMBOL        frame_len
  X:6429H         SYMBOL        cur_recv_len
  X:642AH         SYMBOL        blank_index
  C:1DB5H         PUBLIC        UART0_IRQHandler
  C:32A3H         SYMBOL        Com005A
  C:32A3H         SYMBOL        L?0091
  C:32ACH         SYMBOL        L?0092
  C:32B4H         SYMBOL        L?0093
  C:32BBH         SYMBOL        L?0094
BL51 BANKED LINKER/LOCATER V6.22.4.0                                                  08/02/2025  16:49:16  PAGE 24


  C:32C3H         SYMBOL        L?0095
  C:32D5H         SYMBOL        L?0096
  C:32D8H         SYMBOL        L?0097
  C:32E0H         SYMBOL        L?0098
  C:32ECH         SYMBOL        L?0099
  C:32F6H         SYMBOL        L?0100
  -------         PROC          COM005A
  -------         ENDPROC       COM005A
  -------         PROC          _PUTCHAR
  X:6557H         SYMBOL        c
  C:004EH         LINE#         29
  C:0053H         LINE#         30
  C:0053H         LINE#         31
  C:0056H         LINE#         32
  C:005BH         LINE#         33
  -------         ENDPROC       _PUTCHAR
  -------         PROC          UART0_CONFIG
  C:398AH         LINE#         38
  C:398AH         LINE#         39
  C:398AH         LINE#         42
  C:3990H         LINE#         43
  C:3994H         LINE#         44
  C:3998H         LINE#         45
  C:399FH         LINE#         46
  C:39A6H         LINE#         65
  C:39A9H         LINE#         66
  C:39ABH         LINE#         68
  C:39AEH         LINE#         69
  C:39B1H         LINE#         70
  C:39B4H         LINE#         75
  -------         ENDPROC       UART0_CONFIG
  -------         PROC          UART0_IRQHANDLER
  -------         DO            
  X:6519H         SYMBOL        uart0_tmp_val
  -------         ENDDO         
  C:1DB5H         LINE#         78
  C:1DD2H         LINE#         80
  C:1DD7H         LINE#         83
  C:1DD7H         LINE#         88
  C:1DDFH         LINE#         89
  C:1DDFH         LINE#         91
  C:1DE2H         LINE#         93
  C:1DF2H         LINE#         95
  C:1DF2H         LINE#         99
  C:1DF2H         LINE#         100
  C:1DF2H         LINE#         101
  C:1DF5H         LINE#         103
  C:1DF5H         LINE#         106
  C:1DFCH         LINE#         107
  C:1DFCH         LINE#         110
  C:1DFEH         LINE#         111
  C:1DFEH         LINE#         112
  C:1E01H         LINE#         113
  C:1E04H         LINE#         114
  C:1E0EH         LINE#         115
  C:1E11H         LINE#         116
  C:1E11H         LINE#         118
BL51 BANKED LINKER/LOCATER V6.22.4.0                                                  08/02/2025  16:49:16  PAGE 25


  C:1E18H         LINE#         119
  C:1E18H         LINE#         121
  C:1E20H         LINE#         124
  C:1E20H         LINE#         127
  C:1E29H         LINE#         128
  C:1E29H         LINE#         130
  C:1E58H         LINE#         132
  C:1E62H         LINE#         135
  C:1E6FH         LINE#         137
  C:1E6FH         LINE#         139
  C:1E82H         LINE#         141
  C:1E84H         LINE#         142
  C:1E84H         LINE#         143
  C:1E87H         LINE#         145
  C:1E8DH         LINE#         146
  C:1E93H         LINE#         148
  C:1EACH         LINE#         149
  C:1EBBH         LINE#         150
  C:1EBBH         LINE#         151
  C:1EC5H         LINE#         152
  C:1EC5H         LINE#         177
  C:1EC5H         LINE#         178
  C:1EC8H         LINE#         179
  C:1ED2H         LINE#         180
  C:1ED2H         LINE#         182
  C:1ED2H         LINE#         183
  C:1ED2H         LINE#         185
  C:1ED2H         LINE#         190
  C:1ED2H         LINE#         194
  C:1ED2H         LINE#         195
  -------         ENDPROC       UART0_IRQHANDLER
  -------         PROC          _UART0_SENDBYTE
  D:0007H         SYMBOL        senddata
  C:3C1BH         LINE#         198
  C:3C1BH         LINE#         199
  C:3C1BH         LINE#         200
  C:3C20H         LINE#         202
  C:3C22H         LINE#         203
  C:3C27H         LINE#         205
  -------         ENDPROC       _UART0_SENDBYTE
  -------         PROC          UART0_SCAN_HANDLE
  -------         DO            
  X:6502H         SYMBOL        i
  X:6503H         SYMBOL        checksum
  B:0024H.2       SYMBOL        __flag_is_crc_or_len_err
  -------         DO            
  X:6504H         SYMBOL        __loop_crc_cnt
  -------         ENDDO         
  -------         ENDDO         
  C:1EEDH         LINE#         221
  C:1EEDH         LINE#         222
  C:1EEDH         LINE#         223
  C:1EF2H         LINE#         224
  C:1EF4H         LINE#         225
  C:1EF6H         LINE#         229
  C:1F07H         LINE#         230
  C:1F07H         LINE#         234
BL51 BANKED LINKER/LOCATER V6.22.4.0                                                  08/02/2025  16:49:16  PAGE 26


  C:1F0AH         LINE#         235
  C:1F14H         LINE#         238
  C:1F19H         LINE#         239
  C:1F1DH         LINE#         240
  C:1F20H         LINE#         268
  C:1F20H         LINE#         272
  C:1F32H         LINE#         273
  C:1F32H         LINE#         274
  C:1F3EH         LINE#         275
  C:1F3EH         LINE#         279
  C:1F5BH         LINE#         280
  C:1F5BH         LINE#         287
  C:1F64H         LINE#         288
  C:1F64H         LINE#         289
  C:1F75H         LINE#         292
  C:1F75H         LINE#         294
  C:1F75H         LINE#         295
  C:1F7AH         LINE#         296
  C:1F7EH         LINE#         297
  C:1F8FH         LINE#         298
  C:1F8FH         LINE#         299
  C:1FABH         LINE#         300
  C:1FB1H         LINE#         303
  C:1FB6H         LINE#         304
  C:1FD5H         LINE#         305
  C:1FD5H         LINE#         307
  C:1FD7H         LINE#         308
  C:1FD7H         LINE#         309
  C:1FD7H         LINE#         311
  C:1FDAH         LINE#         312
  C:1FDAH         LINE#         333
  C:1FDCH         LINE#         334
  C:1FE6H         LINE#         335
  C:1FE6H         LINE#         336
  C:1FF7H         LINE#         337
  C:1FF7H         LINE#         340
  C:2007H         LINE#         341
  C:2007H         LINE#         342
  C:2010H         LINE#         343
  -------         ENDPROC       UART0_SCAN_HANDLE
  -------         ENDMOD        UART0

  -------         MODULE        ADC
  C:0000H         SYMBOL        _ICE_DUMMY_
  D:0091H         PUBLIC        ADC_CFG2
  D:0093H         PUBLIC        ADC_DATAH0
  D:0094H         PUBLIC        ADC_DATAL0
  D:0099H         PUBLIC        ADC_CHS0
  D:009EH         PUBLIC        ADC_TRGS0
  X:6553H         PUBLIC        adc_val
  C:39B5H         PUBLIC        adc_config
  C:35A7H         PUBLIC        _adc_sel_pin
  C:0027H         PUBLIC        adc_single_convert
  C:24D0H         PUBLIC        adc_getval
  C:3B36H         SYMBOL        Com0011
  C:3B36H         SYMBOL        L?0018
  C:3B3FH         SYMBOL        L?0019
BL51 BANKED LINKER/LOCATER V6.22.4.0                                                  08/02/2025  16:49:16  PAGE 27


  C:3B45H         SYMBOL        L?0020
  -------         PROC          COM0011
  -------         ENDPROC       COM0011
  -------         PROC          ADC_CONFIG
  C:39B5H         LINE#         9
  C:39B5H         LINE#         10
  C:39B5H         LINE#         13
  C:39BBH         LINE#         18
  C:39BFH         LINE#         23
  C:39C4H         LINE#         31
  C:39CAH         LINE#         32
  C:39CDH         LINE#         39
  C:39CDH         LINE#         40
  C:39D0H         LINE#         41
  C:39D6H         LINE#         45
  C:39D9H         LINE#         46
  C:39DCH         LINE#         47
  -------         ENDPROC       ADC_CONFIG
  -------         PROC          _ADC_SEL_PIN
  D:0007H         SYMBOL        adc_pin
  C:35A7H         LINE#         51
  C:35A7H         LINE#         52
  C:35A7H         LINE#         53
  C:35AAH         LINE#         55
  C:35B6H         LINE#         56
  C:35B6H         LINE#         58
  C:35B6H         LINE#         59
  C:35BDH         LINE#         60
  C:35C1H         LINE#         61
  C:35C4H         LINE#         62
  C:35C6H         LINE#         67
  C:35C6H         LINE#         68
  C:35C6H         LINE#         69
  C:35C9H         LINE#         70
  C:35CCH         LINE#         72
  C:35CEH         LINE#         76
  C:35CEH         LINE#         81
  C:35D5H         LINE#         82
  C:35D9H         LINE#         83
  C:35DCH         LINE#         84
  C:35DCH         LINE#         94
  C:35DCH         LINE#         96
  C:35E2H         LINE#         99
  -------         ENDPROC       _ADC_SEL_PIN
  -------         PROC          ADC_SINGLE_CONVERT
  C:0027H         LINE#         103
  C:0027H         LINE#         104
  C:0027H         LINE#         105
  C:002DH         LINE#         106
  C:0033H         LINE#         108
  C:0036H         LINE#         109
  C:0049H         LINE#         110
  -------         ENDPROC       ADC_SINGLE_CONVERT
  -------         PROC          ADC_GETVAL
  -------         DO            
  X:6508H         SYMBOL        adc_val_tmp
  X:650AH         SYMBOL        adc_val_sum
BL51 BANKED LINKER/LOCATER V6.22.4.0                                                  08/02/2025  16:49:16  PAGE 28


  X:650EH         SYMBOL        get_adcmax
  X:6510H         SYMBOL        get_adcmin
  X:6512H         SYMBOL        i
  -------         ENDDO         
  C:24D0H         LINE#         113
  C:24D0H         LINE#         114
  C:24D0H         LINE#         115
  C:24D7H         LINE#         116
  C:24DFH         LINE#         117
  C:24E6H         LINE#         118
  C:24ECH         LINE#         119
  C:24EFH         LINE#         121
  C:24F0H         LINE#         122
  C:24F0H         LINE#         123
  C:24FBH         LINE#         124
  C:2504H         LINE#         125
  C:2504H         LINE#         126
  C:251AH         LINE#         127
  C:2522H         LINE#         128
  C:2531H         LINE#         129
  C:2540H         LINE#         130
  C:2558H         LINE#         131
  C:2564H         LINE#         133
  C:257CH         LINE#         134
  C:2593H         LINE#         135
  C:25A3H         LINE#         137
  C:25A3H         LINE#         138
  -------         ENDPROC       ADC_GETVAL
  -------         ENDMOD        ADC

  -------         MODULE        FLASH
  C:0000H         SYMBOL        _ICE_DUMMY_
  D:00A4H         PUBLIC        FLASH_CON
  D:00A5H         PUBLIC        FLASH_STA
  D:00A6H         PUBLIC        FLASH_DATA
  D:00AEH         PUBLIC        FLASH_PASSWORD
  D:00AFH         PUBLIC        FLASH_ADDR
  C:3BDBH         PUBLIC        _flash_erase_sector
  C:380AH         PUBLIC        _flash_write
  C:3841H         PUBLIC        _flash_read
  -------         PROC          _FLASH_ERASE_SECTOR
  D:0007H         SYMBOL        addr
  C:3BDBH         LINE#         11
  C:3BDBH         LINE#         12
  C:3BDBH         LINE#         13
  C:3BDEH         LINE#         14
  C:3BE0H         LINE#         15
  C:3BE3H         LINE#         16
  C:3BE6H         LINE#         18
  C:3BEBH         LINE#         20
  -------         ENDPROC       _FLASH_ERASE_SECTOR
  -------         PROC          _FLASH_WRITE
  D:0007H         SYMBOL        addr
  X:6503H         SYMBOL        p_data
  X:6506H         SYMBOL        len
  C:380AH         LINE#         29
  C:3810H         LINE#         30
BL51 BANKED LINKER/LOCATER V6.22.4.0                                                  08/02/2025  16:49:16  PAGE 29


  C:3810H         LINE#         31
  C:3813H         LINE#         32
  C:3815H         LINE#         34
  C:381EH         LINE#         35
  C:381EH         LINE#         36
  C:3823H         LINE#         38
  C:3832H         LINE#         39
  C:3835H         LINE#         40
  C:3838H         LINE#         42
  C:383EH         LINE#         43
  C:3840H         LINE#         44
  -------         ENDPROC       _FLASH_WRITE
  -------         PROC          _FLASH_READ
  D:0007H         SYMBOL        addr
  X:6503H         SYMBOL        p_data
  X:6506H         SYMBOL        len
  C:3841H         LINE#         53
  C:3847H         LINE#         54
  C:3847H         LINE#         55
  C:384DH         LINE#         56
  C:384DH         LINE#         57
  C:386CH         LINE#         58
  C:3872H         LINE#         59
  C:3874H         LINE#         60
  -------         ENDPROC       _FLASH_READ
  -------         ENDMOD        FLASH

  -------         MODULE        AIP1302
  C:0000H         SYMBOL        _ICE_DUMMY_
  B:0090H.6       PUBLIC        P16
  B:0090H.7       PUBLIC        P17
  B:00A0H.4       PUBLIC        P24
  C:2B6FH         PUBLIC        ___aip1302_read_byte
  C:318BH         PUBLIC        aip1302_is_running
  C:32FCH         PUBLIC        aip1302_config
  C:3BB4H         PUBLIC        _aip1302_read_byte
  C:27CAH         PUBLIC        _aip1302_write_byte
  C:3629H         PUBLIC        aip1302_update_time
  C:34DAH         PUBLIC        aip1302_read_all
  C:3B51H         SYMBOL        _reverse_u8
  C:2F7DH         SYMBOL        ___aip1302_convert_read_byte
  C:2C01H         SYMBOL        ___aip1302_write_byte
  C:38A7H         SYMBOL        Com0044
  C:38A7H         SYMBOL        L?0069
  C:38A9H         SYMBOL        L?0070
  C:38B9H         SYMBOL        L?0074
  C:38C4H         SYMBOL        L?0075
  C:38CEH         SYMBOL        L?0076
  -------         PROC          COM0044
  -------         ENDPROC       COM0044
  -------         PROC          AIP1302_CONFIG
  -------         DO            
  D:0007H         SYMBOL        ret
  -------         ENDDO         
  C:32FCH         LINE#         8
  C:32FCH         LINE#         9
  C:32FCH         LINE#         10
BL51 BANKED LINKER/LOCATER V6.22.4.0                                                  08/02/2025  16:49:16  PAGE 30


  C:32FEH         LINE#         14
  C:3304H         LINE#         15
  C:3308H         LINE#         16
  C:330DH         LINE#         18
  C:3311H         LINE#         19
  C:3315H         LINE#         20
  C:331AH         LINE#         22
  C:331AH         LINE#         23
  C:331AH         LINE#         24
  C:331DH         LINE#         26
  C:331FH         LINE#         27
  C:3321H         LINE#         33
  C:3324H         LINE#         34
  C:3327H         LINE#         35
  C:3327H         LINE#         41
  C:3327H         LINE#         43
  C:3327H         LINE#         50
  C:332EH         LINE#         51
  C:3335H         LINE#         52
  C:333CH         LINE#         54
  C:3343H         LINE#         55
  C:334AH         LINE#         56
  C:3351H         LINE#         65
  C:3351H         LINE#         69
  -------         ENDPROC       AIP1302_CONFIG
  -------         PROC          _REVERSE_U8
  D:0007H         SYMBOL        arg
  -------         DO            
  D:0006H         SYMBOL        tmp
  D:0005H         SYMBOL        i
  -------         ENDDO         
  C:3B51H         LINE#         99
  C:3B51H         LINE#         100
  C:3B51H         LINE#         102
  C:3B53H         LINE#         105
  C:3B53H         LINE#         106
  C:3B53H         LINE#         107
  C:3B57H         LINE#         108
  C:3B5BH         LINE#         109
  C:3B5BH         LINE#         110
  C:3B5FH         LINE#         111
  C:3B5FH         LINE#         113
  C:3B5FH         LINE#         114
  C:3B5FH         LINE#         115
  C:3B63H         LINE#         116
  C:3B68H         LINE#         118
  C:3B6AH         LINE#         119
  -------         ENDPROC       _REVERSE_U8
  -------         PROC          ___AIP1302_CONVERT_READ_BYTE
  D:0004H         SYMBOL        cmd
  D:0005H         SYMBOL        byte
  -------         DO            
  D:0007H         SYMBOL        tmp
  X:6503H         SYMBOL        i
  -------         DO            
  X:6504H         SYMBOL        tens_place
  X:6505H         SYMBOL        one_place
BL51 BANKED LINKER/LOCATER V6.22.4.0                                                  08/02/2025  16:49:16  PAGE 31


  -------         ENDDO         
  -------         ENDDO         
  C:2F7DH         LINE#         122
  C:2F7FH         LINE#         123
  C:2F7FH         LINE#         124
  C:2F80H         LINE#         125
  C:2F84H         LINE#         128
  C:2F89H         LINE#         137
  C:2FA7H         LINE#         138
  C:2FA7H         LINE#         139
  C:2FACH         LINE#         140
  C:2FAEH         LINE#         143
  C:2FB7H         LINE#         144
  C:2FB7H         LINE#         147
  C:2FBBH         LINE#         148
  C:2FBDH         LINE#         149
  C:2FC6H         LINE#         150
  C:2FC6H         LINE#         152
  C:2FCAH         LINE#         153
  C:2FCCH         LINE#         154
  C:2FD0H         LINE#         155
  C:2FD0H         LINE#         157
  C:2FD4H         LINE#         158
  C:2FD4H         LINE#         160
  C:2FDDH         LINE#         161
  C:2FE3H         LINE#         162
  C:2FEAH         LINE#         163
  C:2FEAH         LINE#         165
  C:2FEAH         LINE#         166
  -------         ENDPROC       ___AIP1302_CONVERT_READ_BYTE
  C:2BE3H         SYMBOL        L?0071
  C:2BEDH         SYMBOL        L?0072
  -------         PROC          ___AIP1302_READ_BYTE
  X:6503H         SYMBOL        cmd
  -------         DO            
  X:6504H         SYMBOL        recv_data
  X:6505H         SYMBOL        i
  -------         ENDDO         
  C:2B6FH         LINE#         169
  C:2B74H         LINE#         170
  C:2B74H         LINE#         171
  C:2B77H         LINE#         172
  C:2B77H         LINE#         175
  C:2B77H         LINE#         176
  C:2B77H         LINE#         177
  C:2B7AH         LINE#         179
  C:2B7AH         LINE#         180
  C:2B7AH         LINE#         181
  C:2B7AH         LINE#         182
  C:2B80H         LINE#         184
  C:2B85H         LINE#         185
  C:2B85H         LINE#         186
  C:2B85H         LINE#         187
  C:2B88H         LINE#         188
  C:2B9BH         LINE#         189
  C:2B9BH         LINE#         190
  C:2B9DH         LINE#         191
BL51 BANKED LINKER/LOCATER V6.22.4.0                                                  08/02/2025  16:49:16  PAGE 32


  C:2B9FH         LINE#         193
  C:2B9FH         LINE#         194
  C:2BA1H         LINE#         195
  C:2BA1H         LINE#         196
  C:2BA8H         LINE#         198
  C:2BA8H         LINE#         199
  C:2BA8H         LINE#         200
  C:2BADH         LINE#         203
  C:2BB3H         LINE#         204
  C:2BB9H         LINE#         206
  C:2BBEH         LINE#         207
  C:2BBEH         LINE#         208
  C:2BC5H         LINE#         209
  C:2BC5H         LINE#         210
  C:2BC8H         LINE#         211
  C:2BCBH         LINE#         212
  C:2BCBH         LINE#         213
  C:2BD2H         LINE#         214
  C:2BD2H         LINE#         216
  C:2BD2H         LINE#         217
  C:2BD2H         LINE#         218
  C:2BD2H         LINE#         219
  C:2BD2H         LINE#         220
  C:2BD7H         LINE#         222
  C:2BD9H         LINE#         223
  C:2BDBH         LINE#         224
  C:2BDDH         LINE#         226
  C:2BE2H         LINE#         227
  -------         ENDPROC       ___AIP1302_READ_BYTE
  -------         PROC          _AIP1302_READ_BYTE
  X:6502H         SYMBOL        cmd
  -------         DO            
  D:0006H         SYMBOL        recv_data
  -------         ENDDO         
  C:3BB4H         LINE#         236
  C:3BB9H         LINE#         237
  C:3BB9H         LINE#         238
  C:3BBBH         LINE#         239
  C:3BC0H         LINE#         240
  -------         ENDPROC       _AIP1302_READ_BYTE
  C:2C76H         SYMBOL        L?0067
  C:2C87H         SYMBOL        L?0073
  -------         PROC          ___AIP1302_WRITE_BYTE
[...]
  D:008BH         PUBLIC        MDU_ADR1
  X:63A9H         PUBLIC        __tk_p_data_process
  D:008CH         PUBLIC        MDU_ADR2
  B:0088H.0       PUBLIC        MDU_EN
  B:0023H.5       PUBLIC        __tk_long_key_flag
  D:0088H         PUBLIC        MDU_CTL0
  D:0089H         PUBLIC        MDU_CTL1
  D:0062H         PUBLIC        __tk_ms_flag
  C:2A4AH         SYMBOL        __tk_baseline_init
  C:11C6H         SYMBOL        __tk_button_decide
  C:2E96H         PUBLIC        __tk_handler
  C:137FH         SYMBOL        ___tk_lib_i_adjust
  D:0063H         PUBLIC        __tk_cm_cnt
  -------         PROC          __TK_MODE_CONFIG
  C:36E5H         LINE#         262
  C:36E5H         LINE#         263
  C:36E5H         LINE#         264
  C:36E8H         LINE#         265
  C:36F7H         LINE#         266
  C:36FDH         LINE#         267
  C:3701H         LINE#         268
  C:3705H         LINE#         269
  C:3709H         LINE#         270
  C:370DH         LINE#         272
  C:371DH         LINE#         273
  -------         ENDPROC       __TK_MODE_CONFIG
  -------         PROC          ___TK_MODE_CARRY_FUNC
  X:6502H         SYMBOL        ch_index
  C:0B4CH         LINE#         283
  C:0B51H         LINE#         284
  C:0B51H         LINE#         285
  C:0B5FH         LINE#         286
  C:0B6BH         LINE#         288
  C:0B7EH         LINE#         289
  C:0B8EH         LINE#         291
  C:0B99H         LINE#         292
  C:0BC2H         LINE#         293
  C:0BF3H         LINE#         294
  C:0C33H         LINE#         295
  C:0C63H         LINE#         296
  C:0C89H         LINE#         297
  C:0CA5H         LINE#         299
  C:0CC0H         LINE#         300
  C:0CD7H         LINE#         301
  C:0CE4H         LINE#         302
  C:0CE4H         LINE#         304
  C:0CFCH         LINE#         305
  C:0D0DH         LINE#         306
  C:0D10H         LINE#         307
BL51 BANKED LINKER/LOCATER V6.22.4.0                                                  08/02/2025  16:49:16  PAGE 64


  C:0D18H         LINE#         308
  C:0D2CH         LINE#         309
  C:0D3FH         LINE#         310
  C:0D44H         LINE#         311
  C:0D47H         LINE#         312
  C:0D4AH         LINE#         313
  C:0D4DH         LINE#         314
  C:0D4DH         LINE#         315
  C:0D4EH         LINE#         321
  C:0D51H         LINE#         322
  C:0D7EH         LINE#         323
  C:0D9DH         LINE#         324
  C:0D9DH         LINE#         325
  C:0D9DH         LINE#         326
  -------         ENDPROC       ___TK_MODE_CARRY_FUNC
  -------         PROC          __TK_DATA_PROCESS
  C:058DH         LINE#         333
  C:058DH         LINE#         334
  C:058DH         LINE#         335
  C:059FH         LINE#         338
  C:05B8H         LINE#         339
  C:05BBH         LINE#         341
  C:05D1H         LINE#         342
  C:05D4H         LINE#         347
  C:0606H         LINE#         348
  C:0613H         LINE#         349
  C:0616H         LINE#         350
  C:0619H         LINE#         351
  C:0619H         LINE#         352
  C:061BH         LINE#         353
  C:061EH         LINE#         354
  C:061EH         LINE#         356
  C:0623H         LINE#         357
  C:0634H         LINE#         358
  C:0645H         LINE#         359
  C:0648H         LINE#         363
  C:065EH         LINE#         364
  C:0661H         LINE#         365
  C:0671H         LINE#         366
  C:0691H         LINE#         369
  C:06A8H         LINE#         370
  C:06ABH         LINE#         371
  C:06BBH         LINE#         372
  C:06DBH         LINE#         377
  C:06DBH         LINE#         378
  C:06F9H         LINE#         380
  C:0733H         LINE#         381
  C:0733H         LINE#         382
  C:0733H         LINE#         383
  C:076AH         LINE#         384
  C:0778H         LINE#         385
  C:0790H         LINE#         386
  C:079DH         LINE#         387
  C:07C1H         LINE#         388
  C:07E5H         LINE#         389
  C:07E5H         LINE#         390
  C:07E7H         LINE#         391
BL51 BANKED LINKER/LOCATER V6.22.4.0                                                  08/02/2025  16:49:16  PAGE 65


  C:07F4H         LINE#         392
  C:07F4H         LINE#         397
  C:0816H         LINE#         398
  C:0819H         LINE#         399
  C:0829H         LINE#         401
  C:0841H         LINE#         402
  C:0844H         LINE#         404
  C:085BH         LINE#         405
  C:085EH         LINE#         409
  C:087FH         LINE#         410
  C:0882H         LINE#         411
  C:0892H         LINE#         413
  C:08AAH         LINE#         414
  C:08ADH         LINE#         416
  C:08C3H         LINE#         417
  C:08C6H         LINE#         422
  C:08CBH         LINE#         423
  -------         ENDPROC       __TK_DATA_PROCESS
  -------         PROC          __TK_BUTTON_DECIDE
  C:11C6H         LINE#         430
  C:11C6H         LINE#         431
  C:11C6H         LINE#         432
  C:11D8H         LINE#         433
  C:11F6H         LINE#         434
  C:1228H         LINE#         435
  C:1235H         LINE#         436
  C:123AH         LINE#         437
  C:12AFH         LINE#         438
  C:12AFH         LINE#         439
  C:12BCH         LINE#         440
  C:12CAH         LINE#         442
  C:12DEH         LINE#         443
  C:12EBH         LINE#         444
  C:1318H         LINE#         445
  C:133CH         LINE#         446
  C:136AH         LINE#         447
  C:136AH         LINE#         448
  C:136CH         LINE#         449
  C:1379H         LINE#         450
  C:1379H         LINE#         451
  C:137EH         LINE#         452
  -------         ENDPROC       __TK_BUTTON_DECIDE
  -------         PROC          __TK_BASELINE_UPDATE
  C:2D9AH         LINE#         459
  C:2D9AH         LINE#         460
  C:2D9AH         LINE#         461
  C:2DA9H         LINE#         462
  C:2DBAH         LINE#         463
  C:2DCBH         LINE#         464
  C:2DEFH         LINE#         465
  C:2E13H         LINE#         466
  C:2E17H         LINE#         467
  -------         ENDPROC       __TK_BASELINE_UPDATE
  -------         PROC          __TK_BASELINE_INIT
  -------         DO            
  X:6018H         SYMBOL        init_flag
  -------         ENDDO         
BL51 BANKED LINKER/LOCATER V6.22.4.0                                                  08/02/2025  16:49:16  PAGE 66


  C:2A4AH         LINE#         474
  C:2A4AH         LINE#         475
  C:2A4AH         LINE#         478
  C:2A59H         LINE#         479
  C:2A69H         LINE#         480
  C:2A72H         LINE#         481
  C:2A97H         LINE#         482
  C:2A97H         LINE#         483
  C:2ABCH         LINE#         484
  C:2ABCH         LINE#         485
  C:2AC0H         LINE#         487
  C:2ACDH         LINE#         488
  C:2AD0H         LINE#         489
  C:2AD2H         LINE#         490
  C:2AD8H         LINE#         491
  C:2AD8H         LINE#         493
  -------         ENDPROC       __TK_BASELINE_INIT
  -------         PROC          __TK_LONG_KEY_CLEAR
  -------         DO            
  X:6019H         SYMBOL        __tk_long_cnt
  -------         ENDDO         
  C:2E18H         LINE#         501
  C:2E18H         LINE#         502
  C:2E18H         LINE#         505
  C:2E2BH         LINE#         506
  C:2E39H         LINE#         507
  C:2E53H         LINE#         508
  C:2E57H         LINE#         509
  C:2E5FH         LINE#         510
  C:2E67H         LINE#         511
  C:2E6FH         LINE#         512
  C:2E71H         LINE#         513
  C:2E74H         LINE#         514
  C:2E8BH         LINE#         515
  C:2E8DH         LINE#         516
  C:2E8DH         LINE#         517
  C:2E8EH         LINE#         518
  C:2E95H         LINE#         519
  C:2E95H         LINE#         520
  -------         ENDPROC       __TK_LONG_KEY_CLEAR
  -------         PROC          ___TK_LIB_I_ADJUST
  X:6514H         SYMBOL        i_ch
  X:6515H         SYMBOL        adjust_line
  -------         DO            
  X:601BH         SYMBOL        sta_finish
  X:601CH         SYMBOL        n_sta
  X:601DH         SYMBOL        p_sta
  X:601EH         SYMBOL        min_iset
  X:601FH         SYMBOL        min_diff
  D:0025H         SYMBOL        diff
  D:0029H         SYMBOL        temp
  -------         ENDDO         
  C:137FH         LINE#         528
  C:1384H         LINE#         529
  C:1384H         LINE#         537
  C:1397H         LINE#         538
  C:139CH         LINE#         539
BL51 BANKED LINKER/LOCATER V6.22.4.0                                                  08/02/2025  16:49:16  PAGE 67


  C:13A0H         LINE#         540
  C:13A9H         LINE#         541
  C:13ACH         LINE#         542
  C:13AFH         LINE#         545
  C:13ECH         LINE#         546
  C:1417H         LINE#         547
  C:142DH         LINE#         548
  C:142DH         LINE#         550
  C:1444H         LINE#         551
  C:145AH         LINE#         552
  C:145DH         LINE#         553
  C:145FH         LINE#         555
  C:1472H         LINE#         557
  C:148EH         LINE#         558
  C:14A1H         LINE#         559
  C:14A4H         LINE#         560
  C:14A4H         LINE#         561
  C:14A6H         LINE#         563
  C:14C2H         LINE#         564
  C:14D5H         LINE#         565
  C:14DBH         LINE#         566
  C:14DBH         LINE#         567
  C:14DBH         LINE#         568
  C:14DBH         LINE#         569
  C:14E9H         LINE#         570
  C:14EDH         LINE#         571
  C:14EFH         LINE#         572
  C:14F4H         LINE#         573
  C:14F4H         LINE#         575
  C:14FCH         LINE#         576
  C:1515H         LINE#         577
  C:151DH         LINE#         578
  C:1523H         LINE#         579
  C:1528H         LINE#         580
  C:152AH         LINE#         581
  C:152EH         LINE#         582
  C:1531H         LINE#         583
  C:1531H         LINE#         585
  C:1533H         LINE#         586
  -------         ENDPROC       ___TK_LIB_I_ADJUST
  -------         PROC          __TK_I_SOURCE_ADJUST
  -------         DO            
  X:6513H         SYMBOL        result
  -------         ENDDO         
  C:3129H         LINE#         593
  C:3129H         LINE#         594
  C:3129H         LINE#         595
  C:312EH         LINE#         597
  C:3147H         LINE#         598
  C:3149H         LINE#         600
  C:314EH         LINE#         601
  C:3151H         LINE#         602
  C:3157H         LINE#         603
  C:3157H         LINE#         605
  C:3163H         LINE#         606
  C:3166H         LINE#         607
  C:3169H         LINE#         608
BL51 BANKED LINKER/LOCATER V6.22.4.0                                                  08/02/2025  16:49:16  PAGE 68


  C:3169H         LINE#         609
  C:3169H         LINE#         611
  C:3180H         LINE#         612
  C:3182H         LINE#         613
  C:3185H         LINE#         614
  C:3185H         LINE#         615
  C:318AH         LINE#         616
  C:318AH         LINE#         617
  -------         ENDPROC       __TK_I_SOURCE_ADJUST
  -------         PROC          ___TK_SET_NEXT_CH
  D:0007H         SYMBOL        kick_type
  C:2D16H         LINE#         625
  C:2D16H         LINE#         626
  C:2D16H         LINE#         627
  C:2D19H         LINE#         629
  C:2D37H         LINE#         630
  C:2D3DH         LINE#         631
  C:2D41H         LINE#         632
  C:2D45H         LINE#         633
  C:2D49H         LINE#         634
  C:2D4DH         LINE#         636
  C:2D67H         LINE#         638
  C:2D77H         LINE#         639
  C:2D77H         LINE#         640
  C:2D79H         LINE#         642
  C:2D93H         LINE#         643
  C:2D99H         LINE#         644
  C:2D99H         LINE#         645
  -------         ENDPROC       ___TK_SET_NEXT_CH
  -------         PROC          __TK_LIB_INIT
  -------         DO            
  X:6502H         SYMBOL        i
  -------         ENDDO         
  C:2915H         LINE#         652
  C:2915H         LINE#         653
  C:2915H         LINE#         655
  C:295DH         LINE#         656
  C:296BH         LINE#         658
  C:296EH         LINE#         659
  C:2976H         LINE#         660
  C:2978H         LINE#         661
  C:297AH         LINE#         662
  C:2982H         LINE#         663
  C:298AH         LINE#         664
  C:2992H         LINE#         665
  C:29A8H         LINE#         666
  C:29ABH         LINE#         667
  -------         ENDPROC       __TK_LIB_INIT
  -------         PROC          __TK_HANDLER
  C:2E96H         LINE#         675
  C:2E96H         LINE#         676
  C:2E96H         LINE#         677
  C:2E9BH         LINE#         678
  C:2E9FH         LINE#         679
  C:2EC6H         LINE#         682
  C:2EC9H         LINE#         683
  C:2ED0H         LINE#         684
BL51 BANKED LINKER/LOCATER V6.22.4.0                                                  08/02/2025  16:49:16  PAGE 69


  C:2ED2H         LINE#         685
  C:2ED5H         LINE#         686
  C:2ED5H         LINE#         687
  C:2ED8H         LINE#         688
  C:2ED8H         LINE#         689
  C:2ED8H         LINE#         690
  C:2EDAH         LINE#         691
  C:2EE6H         LINE#         692
  C:2EF6H         LINE#         693
  C:2EF9H         LINE#         694
  C:2EFEH         LINE#         696
  C:2F01H         LINE#         697
  C:2F01H         LINE#         699
  C:2F04H         LINE#         700
  C:2F04H         LINE#         701
  C:2F05H         LINE#         702
  C:2F0AH         LINE#         703
  C:2F0AH         LINE#         704
  C:2F0AH         LINE#         705
  -------         ENDPROC       __TK_HANDLER
  -------         PROC          __TK_MS_HANDLER
  C:3C9EH         LINE#         712
  C:3C9EH         LINE#         713
  C:3C9EH         LINE#         714
  C:3CA0H         LINE#         716
  -------         ENDPROC       __TK_MS_HANDLER
  -------         PROC          __TK_SCAN
  C:3A68H         LINE#         724
  C:3A68H         LINE#         725
  C:3A68H         LINE#         727
  C:3A6DH         LINE#         730
  C:3A79H         LINE#         735
  C:3A7CH         LINE#         739
  C:3A7FH         LINE#         740
  C:3A84H         LINE#         741
  C:3A87H         LINE#         742
  C:3A87H         LINE#         743
  -------         ENDPROC       __TK_SCAN
  -------         ENDMOD        TK_LIB

  -------         MODULE        ?C?COPY
  C:0130H         PUBLIC        ?C?COPY
  -------         ENDMOD        ?C?COPY

  -------         MODULE        ?C?CLDPTR
  C:0156H         PUBLIC        ?C?CLDPTR
  -------         ENDMOD        ?C?CLDPTR

  -------         MODULE        ?C?CLDOPTR
  C:016FH         PUBLIC        ?C?CLDOPTR
  -------         ENDMOD        ?C?CLDOPTR

  -------         MODULE        ?C?CILDOPTR
  C:019CH         PUBLIC        ?C?CILDOPTR
  -------         ENDMOD        ?C?CILDOPTR

  -------         MODULE        ?C?CSTPTR
BL51 BANKED LINKER/LOCATER V6.22.4.0                                                  08/02/2025  16:49:16  PAGE 70


  C:01CFH         PUBLIC        ?C?CSTPTR
  -------         ENDMOD        ?C?CSTPTR

  -------         MODULE        ?C?CSTOPTR
  C:01E1H         PUBLIC        ?C?CSTOPTR
  -------         ENDMOD        ?C?CSTOPTR

  -------         MODULE        ?C?IMUL
  C:0203H         PUBLIC        ?C?IMUL
  -------         ENDMOD        ?C?IMUL

  -------         MODULE        ?C?UIDIV
  C:0215H         PUBLIC        ?C?UIDIV
  -------         ENDMOD        ?C?UIDIV

  -------         MODULE        ?C?IILDX
  C:026AH         PUBLIC        ?C?IILDX
  -------         ENDMOD        ?C?IILDX

  -------         MODULE        ?C?LADD
  C:0280H         PUBLIC        ?C?LADD
  -------         ENDMOD        ?C?LADD

  -------         MODULE        ?C?LSUB
  C:028DH         PUBLIC        ?C?LSUB
  -------         ENDMOD        ?C?LSUB

  -------         MODULE        ?C?LMUL
  C:029BH         PUBLIC        ?C?LMUL
  -------         ENDMOD        ?C?LMUL

  -------         MODULE        ?C?ULDIV
  C:0326H         PUBLIC        ?C?ULDIV
  -------         ENDMOD        ?C?ULDIV

  -------         MODULE        ?C?LNOT
  C:03B8H         PUBLIC        ?C?LNOT
  -------         ENDMOD        ?C?LNOT

  -------         MODULE        ?C?LNEG
  C:03C5H         PUBLIC        ?C?LNEG
  -------         ENDMOD        ?C?LNEG

  -------         MODULE        ?C?SLCMP
  C:03D3H         PUBLIC        ?C?SLCMP
  -------         ENDMOD        ?C?SLCMP

  -------         MODULE        ?C?ULCMP
  C:03E9H         PUBLIC        ?C?ULCMP
  -------         ENDMOD        ?C?ULCMP

  -------         MODULE        ?C?ULSHR
  C:03FAH         PUBLIC        ?C?ULSHR
  -------         ENDMOD        ?C?ULSHR

  -------         MODULE        ?C?LSHL
  C:040DH         PUBLIC        ?C?LSHL
BL51 BANKED LINKER/LOCATER V6.22.4.0                                                  08/02/2025  16:49:16  PAGE 71


  -------         ENDMOD        ?C?LSHL

  -------         MODULE        ?C?LLDXDATA
  C:0420H         PUBLIC        ?C?LLDXDATA
  -------         ENDMOD        ?C?LLDXDATA

  -------         MODULE        ?C?LLDCODE
  C:042CH         PUBLIC        ?C?LLDCODE
  -------         ENDMOD        ?C?LLDCODE

  -------         MODULE        ?C?LLDXDATA0
  C:043CH         PUBLIC        ?C?LLDXDATA0
  -------         ENDMOD        ?C?LLDXDATA0

  -------         MODULE        ?C?LSTXDATA
  C:0448H         PUBLIC        ?C?LSTXDATA
  -------         ENDMOD        ?C?LSTXDATA

  -------         MODULE        ?C?LSTKXDATA
  C:0454H         PUBLIC        ?C?LSTKXDATA
  -------         ENDMOD        ?C?LSTKXDATA

  -------         MODULE        ?C?OFFXADD
  C:0485H         PUBLIC        ?C?OFFXADD
  -------         ENDMOD        ?C?OFFXADD

  -------         MODULE        ?C?PLDXDATA
  C:0491H         PUBLIC        ?C?PLDXDATA
  -------         ENDMOD        ?C?PLDXDATA

  -------         MODULE        ?C?PLDIXDATA
  C:049AH         PUBLIC        ?C?PLDIXDATA
  -------         ENDMOD        ?C?PLDIXDATA

  -------         MODULE        ?C?PSTXDATA
  C:04B1H         PUBLIC        ?C?PSTXDATA
  -------         ENDMOD        ?C?PSTXDATA

  -------         MODULE        ?C?PLDOPTR
  C:04BAH         PUBLIC        ?C?PLDOPTR
  -------         ENDMOD        ?C?PLDOPTR

  -------         MODULE        ?C?CCASE
  C:04EAH         PUBLIC        ?C?CCASE
  -------         ENDMOD        ?C?CCASE

  -------         MODULE        ?C?ICALL
  C:0510H         PUBLIC        ?C?ICALL
  C:0514H         PUBLIC        ?C?ICALL2
  -------         ENDMOD        ?C?ICALL

  -------         MODULE        ?C?LIMUL
  C:0516H         PUBLIC        ?C?LIMUL
  -------         ENDMOD        ?C?LIMUL

  -------         MODULE        ?C?MEMSET
  C:0543H         PUBLIC        ?C?MEMSET
BL51 BANKED LINKER/LOCATER V6.22.4.0                                                  08/02/2025  16:49:16  PAGE 72


  -------         ENDMOD        ?C?MEMSET

  -------         MODULE        ?C?PLDIDATA
  C:056FH         PUBLIC        ?C?PLDIDATA
  -------         ENDMOD        ?C?PLDIDATA

  -------         MODULE        ?C?PLDPDATA
  C:0578H         PUBLIC        ?C?PLDPDATA
  -------         ENDMOD        ?C?PLDPDATA

  -------         MODULE        ?C?PLDCODE
  C:0581H         PUBLIC        ?C?PLDCODE
  -------         ENDMOD        ?C?PLDCODE

*** WARNING L16: UNCALLED SEGMENT, IGNORED FOR OVERLAY PROCESS
    SEGMENT: ?PR?_PUTCHAR?UART0

*** WARNING L16: UNCALLED SEGMENT, IGNORED FOR OVERLAY PROCESS
    SEGMENT: ?PR?__TK_MS_HANDLER?TK_LIB

Program Size: data=74.3 xdata=1368 code=15521
LINK/LOCATE RUN COMPLETE.  2 WARNING(S),  0 ERROR(S)
