BL51 BANKED LINKER/LOCATER V6.22.4.0                                                    07/22/2025  16:02:13  PAGE 1


BL51 BANKED LINKER/LOCATER V6.22.4.0, INVOKED BY:
C:\KEIL_V5\C51\BIN\BL51.EXE .\Release\Objects\STARTUP.obj, .\Release\Objects\system.obj, ..\..\User\lib\tk_simplify_algo
>> rithm_V1.0.0.LIB, .\Release\Objects\tk_set.obj, .\Release\Objects\my_gpio.obj, .\Release\Objects\tmr0.obj, .\Release\
>> Objects\tmr1.obj, .\Release\Objects\tmr2.obj, .\Release\Objects\uart0.obj, .\Release\Objects\adc.obj, .\Release\Objec
>> ts\flash.obj, .\Release\Objects\aip1302.obj, .\Release\Objects\uart1.obj, .\Release\Objects\key_driver.obj, .\Release
>> \Objects\main.obj, .\Release\Objects\fun_info.obj, .\Release\Objects\send_data.obj, .\Release\Objects\pin_level_scan.
>> obj, .\Release\Objects\speed_scan.obj, .\Release\Objects\engine_speed_scan.obj, .\Release\Objects\mileage.obj, .\Rele
>> ase\Objects\instruction.obj, .\Release\Objects\ad_key.obj, .\Release\Objects\fuel_capacity.obj, .\Release\Objects\tem
>> p_of_water.obj, .\Release\Objects\battery.obj, .\Release\Objects\touch_key.obj TO .\Release\Objects\Project PRINT (.\
>> Release\Listings\Project.m51) RAMSIZE (256) CODE (0X0000-0X3EEF) XDATA (0X6000-0X66FF)


MEMORY MODEL: LARGE


INPUT MODULES INCLUDED:
  .\Release\Objects\STARTUP.obj (?C_STARTUP)
  .\Release\Objects\system.obj (SYSTEM)
  .\Release\Objects\tk_set.obj (TK_SET)
  .\Release\Objects\my_gpio.obj (MY_GPIO)
  .\Release\Objects\tmr0.obj (TMR0)
  .\Release\Objects\tmr1.obj (TMR1)
  .\Release\Objects\tmr2.obj (TMR2)
  .\Release\Objects\uart0.obj (UART0)
  .\Release\Objects\adc.obj (ADC)
  .\Release\Objects\flash.obj (FLASH)
  .\Release\Objects\aip1302.obj (AIP1302)
  .\Release\Objects\uart1.obj (UART1)
  .\Release\Objects\key_driver.obj (KEY_DRIVER)
  .\Release\Objects\main.obj (MAIN)
  .\Release\Objects\fun_info.obj (FUN_INFO)
  .\Release\Objects\send_data.obj (SEND_DATA)
  .\Release\Objects\pin_level_scan.obj (PIN_LEVEL_SCAN)
  .\Release\Objects\speed_scan.obj (SPEED_SCAN)
  .\Release\Objects\engine_speed_scan.obj (ENGINE_SPEED_SCAN)
  .\Release\Objects\mileage.obj (MILEAGE)
  .\Release\Objects\instruction.obj (INSTRUCTION)
  .\Release\Objects\ad_key.obj (AD_KEY)
  .\Release\Objects\fuel_capacity.obj (FUEL_CAPACITY)
  .\Release\Objects\temp_of_water.obj (TEMP_OF_WATER)
  .\Release\Objects\battery.obj (BATTERY)
  .\Release\Objects\touch_key.obj (TOUCH_KEY)
  ..\..\User\lib\tk_simplify_algorithm_V1.0.0.LIB (TK_LIB)
  C:\KEIL_V5\C51\LIB\C51L.LIB (?C_INIT)
  C:\KEIL_V5\C51\LIB\C51L.LIB (?C?COPY)
  C:\KEIL_V5\C51\LIB\C51L.LIB (?C?CLDPTR)
  C:\KEIL_V5\C51\LIB\C51L.LIB (?C?CLDOPTR)
  C:\KEIL_V5\C51\LIB\C51L.LIB (?C?CILDOPTR)
  C:\KEIL_V5\C51\LIB\C51L.LIB (?C?CSTPTR)
  C:\KEIL_V5\C51\LIB\C51L.LIB (?C?CSTOPTR)
  C:\KEIL_V5\C51\LIB\C51L.LIB (?C?IMUL)
  C:\KEIL_V5\C51\LIB\C51L.LIB (?C?UIDIV)
  C:\KEIL_V5\C51\LIB\C51L.LIB (?C?IILDX)
  C:\KEIL_V5\C51\LIB\C51L.LIB (?C?LADD)
  C:\KEIL_V5\C51\LIB\C51L.LIB (?C?LSUB)
  C:\KEIL_V5\C51\LIB\C51L.LIB (?C?LMUL)
  C:\KEIL_V5\C51\LIB\C51L.LIB (?C?ULDIV)
  C:\KEIL_V5\C51\LIB\C51L.LIB (?C?LNOT)
BL51 BANKED LINKER/LOCATER V6.22.4.0                                                  07/22/2025  16:02:13  PAGE 2


  C:\KEIL_V5\C51\LIB\C51L.LIB (?C?LNEG)
  C:\KEIL_V5\C51\LIB\C51L.LIB (?C?SLCMP)
  C:\KEIL_V5\C51\LIB\C51L.LIB (?C?ULCMP)
  C:\KEIL_V5\C51\LIB\C51L.LIB (?C?ULSHR)
  C:\KEIL_V5\C51\LIB\C51L.LIB (?C?LSHL)
  C:\KEIL_V5\C51\LIB\C51L.LIB (?C?LLDXDATA)
  C:\KEIL_V5\C51\LIB\C51L.LIB (?C?LLDCODE)
  C:\KEIL_V5\C51\LIB\C51L.LIB (?C?LLDXDATA0)
  C:\KEIL_V5\C51\LIB\C51L.LIB (?C?LSTXDATA)
  C:\KEIL_V5\C51\LIB\C51L.LIB (?C?LSTKXDATA)
  C:\KEIL_V5\C51\LIB\C51L.LIB (?C?OFFXADD)
  C:\KEIL_V5\C51\LIB\C51L.LIB (?C?PLDXDATA)
  C:\KEIL_V5\C51\LIB\C51L.LIB (?C?PLDIXDATA)
  C:\KEIL_V5\C51\LIB\C51L.LIB (?C?PSTXDATA)
  C:\KEIL_V5\C51\LIB\C51L.LIB (?C?PLDOPTR)
  C:\KEIL_V5\C51\LIB\C51L.LIB (?C?CCASE)
  C:\KEIL_V5\C51\LIB\C51L.LIB (?C?ICALL)
  C:\KEIL_V5\C51\LIB\C51L.LIB (?C?LIMUL)
  C:\KEIL_V5\C51\LIB\C51L.LIB (?C?MEMSET)
  C:\KEIL_V5\C51\LIB\C51L.LIB (?C?PLDIDATA)
  C:\KEIL_V5\C51\LIB\C51L.LIB (?C?PLDPDATA)
  C:\KEIL_V5\C51\LIB\C51L.LIB (?C?PLDCODE)


LINK MAP OF MODULE:  .\Release\Objects\Project (?C_STARTUP)


            TYPE    BASE      LENGTH    RELOCATION   SEGMENT NAME
            -----------------------------------------------------

            * * * * * * *   D A T A   M E M O R Y   * * * * * * *
            REG     0000H     0008H     ABSOLUTE     "REG BANK 0"
            DATA    0008H     0004H     ABSOLUTE     
            DATA    000CH     0004H     ABSOLUTE     
            DATA    0010H     0004H     ABSOLUTE     
            DATA    0014H     0004H     ABSOLUTE     
            DATA    0018H     0004H     ABSOLUTE     
            DATA    001CH     0004H     ABSOLUTE     
            BIT     0020H.0   0002H.5   UNIT         ?BI?INSTRUCTION
            BIT     0022H.5   0000H.2   UNIT         ?BI?TMR2
            BIT     0022H.7   0000H.2   UNIT         ?BI?TK_LIB
            BIT     0023H.1   0000H.1   UNIT         ?BI?UART0
            BIT     0023H.2   0000H.1   UNIT         ?BI?SPEED_SCAN
            BIT     0023H.3   0000H.1   UNIT         ?BI?ENGINE_SPEED_SCAN
            BIT     0023H.4   0000H.1   UNIT         _BIT_GROUP_
                    0023H.5   0000H.3                *** GAP ***
            DATA    0024H     0008H     UNIT         _DATA_GROUP_
                    002CH     0004H                  *** GAP ***
            DATA    0030H     0004H     ABSOLUTE     
            DATA    0034H     0004H     ABSOLUTE     
            DATA    0038H     0004H     ABSOLUTE     
            DATA    003CH     0004H     ABSOLUTE     
                    0040H     0010H                  *** GAP ***
            DATA    0050H     0002H     ABSOLUTE     
            DATA    0052H     0002H     ABSOLUTE     
            DATA    0054H     0002H     ABSOLUTE     
                    0056H     000AH                  *** GAP ***
BL51 BANKED LINKER/LOCATER V6.22.4.0                                                  07/22/2025  16:02:13  PAGE 3


            DATA    0060H     0001H     ABSOLUTE     
            DATA    0061H     0001H     ABSOLUTE     
            DATA    0062H     0001H     ABSOLUTE     
            DATA    0063H     0001H     ABSOLUTE     
            DATA    0064H     0001H     ABSOLUTE     
            DATA    0065H     0001H     ABSOLUTE     
            DATA    0066H     0001H     ABSOLUTE     
            IDATA   0067H     0001H     UNIT         ?STACK

            * * * * * * *  X D A T A   M E M O R Y  * * * * * * *
                    0000H     6000H                  *** GAP ***
            XDATA   6000H     0004H     ABSOLUTE     
            XDATA   6004H     0004H     ABSOLUTE     
            XDATA   6008H     0004H     ABSOLUTE     
            XDATA   600CH     0004H     UNIT         ?XD?TMR0
            XDATA   6010H     0004H     ABSOLUTE     
            XDATA   6014H     0004H     ABSOLUTE     
            XDATA   6018H     0394H     UNIT         ?XD?TK_LIB
            XDATA   63ACH     0045H     UNIT         ?XD?AD_KEY
            XDATA   63F1H     003DH     UNIT         ?XD?UART0
            XDATA   642EH     002EH     UNIT         ?XD?FUEL_CAPACITY
            XDATA   645CH     0027H     UNIT         ?XD?FUN_INFO
            XDATA   6483H     001FH     UNIT         ?XD?TOUCH_KEY
            XDATA   64A2H     0019H     UNIT         _XDATA_GROUP_
            XDATA   64BBH     0018H     UNIT         ?XD?TK_SET
            XDATA   64D3H     0012H     UNIT         ?XD?MILEAGE
            XDATA   64E5H     0010H     UNIT         ?XD?SPEED_SCAN
            XDATA   64F5H     0010H     UNIT         ?XD?ENGINE_SPEED_SCAN
            XDATA   6505H     000CH     UNIT         ?XD?TEMP_OF_WATER
            XDATA   6511H     000CH     UNIT         ?XD?BATTERY
            XDATA   651DH     0009H     UNIT         ?XD?INSTRUCTION
            XDATA   6526H     0008H     UNIT         ?XD?TMR1
            XDATA   652EH     0007H     UNIT         ?XD?AIP1302_UPDATE_ALL_DATA?AIP1302
            XDATA   6535H     0004H     UNIT         ?XD?KEY_DRIVER
            XDATA   6539H     0003H     UNIT         ?XD?TMR2
            XDATA   653CH     0003H     UNIT         ?XD?_UART0_SEND_BUFF?UART0
            XDATA   653FH     0002H     UNIT         ?XD?ADC
            XDATA   6541H     0002H     UNIT         ?XD?PIN_LEVEL_SCAN
            XDATA   6543H     0001H     UNIT         ?XD?_PUTCHAR?UART0

            * * * * * * *   C O D E   M E M O R Y   * * * * * * *
            CODE    0000H     0003H     ABSOLUTE     
            CODE    0003H     000CH     ABSOLUTE     
            CODE    000FH     000FH     UNIT         ?PR?AD_KEY
            CODE    001EH     0003H     ABSOLUTE     
            CODE    0021H     0003H     ABSOLUTE     
            CODE    0024H     0003H     ABSOLUTE     
            CODE    0027H     0023H     UNIT         ?PR?_UART0_SEND_BUFF?UART0
                    004AH     0001H                  *** GAP ***
            CODE    004BH     0003H     ABSOLUTE     
            CODE    004EH     000EH     UNIT         ?PR?_PUTCHAR?UART0
                    005CH     0001H                  *** GAP ***
            CODE    005DH     0003H     ABSOLUTE     
            CODE    0060H     052DH     UNIT         ?C?LIB_CODE
            CODE    058DH     033FH     UNIT         ?PR?__TK_DATA_PROCESS?TK_LIB
            CODE    08CCH     0252H     UNIT         ?PR?___TK_MODE_CARRY_FUNC?TK_LIB
            CODE    0B1EH     0248H     UNIT         ?C_INITSEG
BL51 BANKED LINKER/LOCATER V6.22.4.0                                                  07/22/2025  16:02:13  PAGE 4


            CODE    0D66H     0247H     UNIT         ?PR?INSTRUCTION_HANDLE?INSTRUCTION
            CODE    0FADH     0206H     UNIT         ?PR?_SEND_DATA?SEND_DATA
            CODE    11B3H     01B9H     UNIT         ?PR?__TK_BUTTON_DECIDE?TK_LIB
            CODE    136CH     01B5H     UNIT         ?PR?___TK_LIB_I_ADJUST?TK_LIB
            CODE    1521H     0196H     UNIT         ?PR?_CONVERT_FUEL_ADC_TO_PERCENT?FUEL_CAPACITY
            CODE    16B7H     0193H     UNIT         ?PR?_KEY_DRIVER_SCAN?KEY_DRIVER
            CODE    184AH     014EH     UNIT         ?PR?INSTRUCTION_SCAN?INSTRUCTION
            CODE    1998H     013CH     UNIT         ?PR?TK_GPIO_CONFIG?TK_SET
            CODE    1AD4H     0138H     UNIT         ?PR?UART0_IRQHANDLER?UART0
            CODE    1C0CH     0130H     UNIT         ?PR?HEART_BEAT_HANDLE?TMR1
            CODE    1D3CH     0124H     UNIT         ?PR?UART0_SCAN_HANDLE?UART0
            CODE    1E60H     00F5H     UNIT         ?PR?TIMR2_IRQHANDLER?TMR2
            CODE    1F55H     00DEH     UNIT         ?PR?MILEAGE_SCAN?MILEAGE
            CODE    2033H     00DCH     UNIT         ?PR?SYSTEM_INIT?SYSTEM
            CODE    210FH     00D4H     UNIT         ?PR?ADC_GETVAL?ADC
            CODE    21E3H     00D0H     UNIT         ?PR?SPEED_SCAN?SPEED_SCAN
            CODE    22B3H     00D0H     UNIT         ?PR?TEMP_OF_WATER_SCAN?TEMP_OF_WATER
            CODE    2383H     00CBH     UNIT         ?PR?BATTERY_SCAN?BATTERY
            CODE    244EH     00BAH     UNIT         ?PR?AD_KEY_HANDLE?AD_KEY
            CODE    2508H     00AFH     UNIT         ?PR?_AIP1302_WRITE_BYTE?AIP1302
            CODE    25B7H     00A8H     UNIT         ?PR?PIN_LEVEL_SCAN?PIN_LEVEL_SCAN
            CODE    265FH     009CH     UNIT         ?PR?TOUCH_KEY_HANDLE?TOUCH_KEY
            CODE    26FBH     009BH     UNIT         ?PR?__TK_LIB_INIT?TK_LIB
            CODE    2796H     009AH     UNIT         ?C_C51STARTUP
            CODE    2830H     0099H     UNIT         ?PR?FUEL_CAPACITY_SCAN?FUEL_CAPACITY
            CODE    28C9H     0093H     UNIT         ?PR?__TK_BASELINE_INIT?TK_LIB
            CODE    295CH     0092H     UNIT         ?PR?TK_PARAM_INIT?TK_SET
            CODE    29EEH     0092H     UNIT         ?PR?___AIP1302_READ_BYTE?AIP1302
            CODE    2A80H     0090H     UNIT         ?PR?___AIP1302_WRITE_BYTE?AIP1302
            CODE    2B10H     008AH     UNIT         ?PR?ENGINE_SPEED_SCAN?ENGINE_SPEED_SCAN
            CODE    2B9AH     0084H     UNIT         ?PR?___TK_SET_NEXT_CH?TK_LIB
            CODE    2C1EH     007EH     UNIT         ?PR?__TK_BASELINE_UPDATE?TK_LIB
            CODE    2C9CH     007EH     UNIT         ?PR?__TK_LONG_KEY_CLEAR?TK_LIB
            CODE    2D1AH     0075H     UNIT         ?PR?__TK_HANDLER?TK_LIB
            CODE    2D8FH     0074H     UNIT         ?PR?TIMR1_IRQHANDLER?TMR1
            CODE    2E03H     006EH     UNIT         ?PR?___AIP1302_CONVERT_READ_BYTE?AIP1302
            CODE    2E71H     006DH     UNIT         ?PR?TIMR0_IRQHANDLER?TMR0
            CODE    2EDEH     006CH     UNIT         ?PR?_GET_FILTERED_ADC?FUEL_CAPACITY
            CODE    2F4AH     0062H     UNIT         ?PR?__TK_I_SOURCE_ADJUST?TK_LIB
            CODE    2FACH     005FH     UNIT         ?PR?MAIN?MAIN
            CODE    300BH     005CH     UNIT         ?PR?AIP1302_CONFIG?AIP1302
            CODE    3067H     0059H     UNIT         ?PR?UART0
            CODE    30C0H     0054H     UNIT         ?PR?AIP1302_IS_RUNNING?AIP1302
            CODE    3114H     004FH     UNIT         ?PR?TK_INIT?TK_SET
            CODE    3163H     004CH     UNIT         ?PR?___CONVER_CUR_AD_TO_AD_KEY?AD_KEY
            CODE    31AFH     004BH     UNIT         ?PR?TMR1
            CODE    31FAH     0049H     UNIT         ?PR?TOUCH_KEY_GET_KEY_ID?TOUCH_KEY
            CODE    3243H     0048H     UNIT         ?PR?INSTRUCTION
            CODE    328BH     0046H     UNIT         ?PR?AIP1302_READ_ALL?AIP1302
            CODE    32D1H     0045H     UNIT         ?PR?TK_IRQHANDLER?TK_SET
            CODE    3316H     0045H     UNIT         ?PR?FUEL_CAPACITY
            CODE    335BH     0042H     UNIT         ?PR?_ADC_SEL_PIN?ADC
            CODE    339DH     0040H     UNIT         ?PR?TMR2_CONFIG?TMR2
            CODE    33DDH     003FH     UNIT         ?PR?AIP1302_UPDATE_ALL_DATA?AIP1302
            CODE    341CH     003FH     UNIT         ?PR?AIP1302_UPDATE_TIME?AIP1302
            CODE    345BH     003FH     UNIT         ?PR?UPDATE_ENGINE_SPEED_SCAN_DATA?ENGINE_SPEED_SCAN
            CODE    349AH     003EH     UNIT         ?PR?SEND_DATA
BL51 BANKED LINKER/LOCATER V6.22.4.0                                                  07/22/2025  16:02:13  PAGE 5


            CODE    34D8H     003DH     UNIT         ?PR?TMR1_CONFIG?TMR1
            CODE    3515H     003DH     UNIT         ?PR?USER_INIT?MAIN
            CODE    3552H     003DH     UNIT         ?PR?__TK_MODE_CONFIG?TK_LIB
            CODE    358FH     003CH     UNIT         ?PR?TMR0_CONFIG?TMR0
            CODE    35CBH     0039H     UNIT         ?PR?UPDATE_SPEED_SCAN_DATA?SPEED_SCAN
            CODE    3604H     0037H     UNIT         ?PR?_FLASH_WRITE?FLASH
            CODE    363BH     0034H     UNIT         ?PR?_FLASH_READ?FLASH
            CODE    366FH     0032H     UNIT         ?PR?AD_KEY_GET_KEY_ID?AD_KEY
            CODE    36A1H     0030H     UNIT         ?PR?MILEAGE
            CODE    36D1H     002EH     UNIT         ?PR?AIP1302
            CODE    36FFH     002CH     UNIT         ?PR?___TOUCH_KEY_GET_EVENT?TOUCH_KEY
            CODE    372BH     002BH     UNIT         ?PR?UART0_CONFIG?UART0
            CODE    3756H     002BH     UNIT         ?PR?PIN_LEVEL_SCAN_CONFIG?PIN_LEVEL_SCAN
            CODE    3781H     0028H     UNIT         ?PR?ADC_CONFIG?ADC
            CODE    37A9H     0023H     UNIT         ?PR?ADC_SINGLE_CONVERT?ADC
            CODE    37CCH     0023H     UNIT         ?PR?___AD_KEY_GET_EVENT?AD_KEY
            CODE    37EFH     0021H     UNIT         ?PR?KEY_DRIVER
            CODE    3810H     0020H     UNIT         ?PR?__TK_SCAN?TK_LIB
            CODE    3830H     001FH     UNIT         ?PR?TOUCH_KEY
            CODE    384FH     001EH     UNIT         ?CO?TK_SET
            CODE    386DH     001EH     UNIT         ?PR?TEMP_OF_WATER
            CODE    388BH     001BH     UNIT         ?PR?_DELAY_MS?SYSTEM
            CODE    38A6H     001BH     UNIT         ?PR?TMR2
            CODE    38C1H     001BH     UNIT         ?PR?ADC
            CODE    38DCH     001AH     UNIT         ?PR?_REVERSE_U8?AIP1302
            CODE    38F6H     0019H     UNIT         ?PR?_CONVER_ADC_VAL_TO_VOLTAGE?BATTERY
            CODE    390FH     0018H     UNIT         ?PR?TK_SET
            CODE    3927H     0018H     UNIT         ?PR?FUN_INFO_INIT?FUN_INFO
            CODE    393FH     0016H     UNIT         ?PR?_AIP1302_READ_BYTE?AIP1302
            CODE    3955H     0011H     UNIT         ?PR?TMR2_ENABLE?TMR2
            CODE    3966H     0011H     UNIT         ?PR?_FLASH_ERASE_SECTOR?FLASH
            CODE    3977H     0011H     UNIT         ?PR?_SAMPLES_INIT?FUEL_CAPACITY
            CODE    3988H     0010H     UNIT         ?PR?P03_OUTPUT_CONFIG?MY_GPIO
            CODE    3998H     0010H     UNIT         ?PR?TMR0_DISABLE?TMR0
            CODE    39A8H     0010H     UNIT         ?PR?TMR1_ENABLE?TMR1
            CODE    39B8H     000EH     UNIT         ?PR?FUN_INFO_SAVE?FUN_INFO
            CODE    39C6H     000EH     UNIT         ?PR?_CONVER_VOLTAGE_OF_BATTERY_TO_PERCENTAGE?BATTERY
            CODE    39D4H     000DH     UNIT         ?PR?P06_INPUT_CONFIG?MY_GPIO
            CODE    39E1H     000DH     UNIT         ?PR?P07_INPUT_CONFIG?MY_GPIO
            CODE    39EEH     000DH     UNIT         ?PR?P10_INPUT_CONFIG?MY_GPIO
            CODE    39FBH     000DH     UNIT         ?PR?P13_INPUT_CONFIG?MY_GPIO
            CODE    3A08H     000DH     UNIT         ?PR?P14_INPUT_CONFIG?MY_GPIO
            CODE    3A15H     000DH     UNIT         ?PR?P21_INPUT_CONFIG?MY_GPIO
            CODE    3A22H     000DH     UNIT         ?PR?P22_INPUT_CONFIG?MY_GPIO
            CODE    3A2FH     000DH     UNIT         ?PR?P23_INPUT_CONFIG?MY_GPIO
            CODE    3A3CH     000DH     UNIT         ?PR?P25_INPUT_CONFIG?MY_GPIO
            CODE    3A49H     000DH     UNIT         ?PR?P27_INPUT_CONFIG?MY_GPIO
            CODE    3A56H     000DH     UNIT         ?PR?P30_INPUT_CONFIG?MY_GPIO
            CODE    3A63H     000DH     UNIT         ?PR?_UART0_SENDBYTE?UART0
            CODE    3A70H     000DH     UNIT         ?PR?SPEED_SCAN_CONFIG?SPEED_SCAN
            CODE    3A7DH     000DH     UNIT         ?PR?ENGINE_SPEED_SCAN_CONFIG?ENGINE_SPEED_SCAN
            CODE    3A8AH     000CH     UNIT         ?PR?TMR0_ENABLE?TMR0
            CODE    3A96H     000CH     UNIT         ?PR?FUN_INFO
            CODE    3AA2H     000CH     UNIT         ?PR?SPEED_SCAN
            CODE    3AAEH     000BH     UNIT         ?PR?_DELAY?SYSTEM
            CODE    3AB9H     0008H     UNIT         ?PR?TMR0
            CODE    3AC1H     0006H     UNIT         ?PR?ENGINE_SPEED_SCAN
BL51 BANKED LINKER/LOCATER V6.22.4.0                                                  07/22/2025  16:02:13  PAGE 6


            CODE    3AC7H     0005H     UNIT         ?PR?__TK_MS_HANDLER?TK_LIB



OVERLAY MAP OF MODULE:   .\Release\Objects\Project (?C_STARTUP)


SEGMENT                                             BIT_GROUP          DATA_GROUP          XDATA_GROUP
  +--> CALLED SEGMENT                            START    LENGTH     START    LENGTH     START    LENGTH
--------------------------------------------------------------------------------------------------------
?C_C51STARTUP                                    -----    -----      -----    -----      -----    -----
  +--> ?PR?MAIN?MAIN
  +--> ?C_INITSEG

?PR?MAIN?MAIN                                    -----    -----      -----    -----      -----    -----
  +--> ?PR?SYSTEM_INIT?SYSTEM
  +--> ?PR?USER_INIT?MAIN
  +--> ?PR?_DELAY_MS?SYSTEM
  +--> ?PR?__TK_SCAN?TK_LIB
  +--> ?PR?_KEY_DRIVER_SCAN?KEY_DRIVER
  +--> ?PR?AD_KEY_HANDLE?AD_KEY
  +--> ?PR?TOUCH_KEY_HANDLE?TOUCH_KEY
  +--> ?PR?SPEED_SCAN?SPEED_SCAN
  +--> ?PR?MILEAGE_SCAN?MILEAGE
  +--> ?PR?ENGINE_SPEED_SCAN?ENGINE_SPEED_SCAN
  +--> ?PR?FUEL_CAPACITY_SCAN?FUEL_CAPACITY
  +--> ?PR?BATTERY_SCAN?BATTERY
  +--> ?PR?UART0_SCAN_HANDLE?UART0
  +--> ?PR?INSTRUCTION_SCAN?INSTRUCTION
  +--> ?PR?INSTRUCTION_HANDLE?INSTRUCTION
  +--> ?PR?HEART_BEAT_HANDLE?TMR1

?PR?SYSTEM_INIT?SYSTEM                           -----    -----      -----    -----      -----    -----
  +--> ?PR?_DELAY?SYSTEM
  +--> ?PR?_DELAY_MS?SYSTEM

?PR?_DELAY_MS?SYSTEM                             -----    -----      -----    -----      -----    -----
  +--> ?PR?_DELAY?SYSTEM

?PR?USER_INIT?MAIN                               -----    -----      -----    -----      -----    -----
  +--> ?PR?FUN_INFO_INIT?FUN_INFO
  +--> ?PR?TMR0_CONFIG?TMR0
  +--> ?PR?UART0_CONFIG?UART0
  +--> ?PR?PIN_LEVEL_SCAN_CONFIG?PIN_LEVEL_SCAN
  +--> ?PR?TMR1_CONFIG?TMR1
  +--> ?PR?SPEED_SCAN_CONFIG?SPEED_SCAN
  +--> ?PR?ENGINE_SPEED_SCAN_CONFIG?ENGINE_S...
  +--> ?PR?ADC_CONFIG?ADC
  +--> ?PR?TK_PARAM_INIT?TK_SET
  +--> ?PR?AIP1302_CONFIG?AIP1302
  +--> ?PR?TMR2_CONFIG?TMR2
  +--> ?PR?TMR1_ENABLE?TMR1
  +--> ?PR?TMR2_ENABLE?TMR2
  +--> ?PR?_DELAY_MS?SYSTEM

?PR?FUN_INFO_INIT?FUN_INFO                       -----    -----      -----    -----      -----    -----
  +--> ?PR?FUN_INFO
BL51 BANKED LINKER/LOCATER V6.22.4.0                                                  07/22/2025  16:02:13  PAGE 7


  +--> ?PR?_FLASH_READ?FLASH

?PR?_FLASH_READ?FLASH                            -----    -----      -----    -----      64A2H    0005H

?PR?TMR0_CONFIG?TMR0                             -----    -----      -----    -----      -----    -----
  +--> ?PR?TMR0

?PR?PIN_LEVEL_SCAN_CONFIG?PIN_LEVEL_SCAN         -----    -----      -----    -----      -----    -----
  +--> ?PR?P21_INPUT_CONFIG?MY_GPIO
  +--> ?PR?P22_INPUT_CONFIG?MY_GPIO
  +--> ?PR?P25_INPUT_CONFIG?MY_GPIO
  +--> ?PR?P27_INPUT_CONFIG?MY_GPIO
  +--> ?PR?P30_INPUT_CONFIG?MY_GPIO
  +--> ?PR?P14_INPUT_CONFIG?MY_GPIO
  +--> ?PR?P13_INPUT_CONFIG?MY_GPIO
  +--> ?PR?P10_INPUT_CONFIG?MY_GPIO
  +--> ?PR?P07_INPUT_CONFIG?MY_GPIO
  +--> ?PR?P06_INPUT_CONFIG?MY_GPIO

?PR?ADC_CONFIG?ADC                               -----    -----      -----    -----      -----    -----
  +--> ?PR?ADC

?PR?TK_PARAM_INIT?TK_SET                         -----    -----      -----    -----      -----    -----
  +--> ?CO?TK_SET
  +--> ?PR?TK_SET
  +--> ?PR?TK_GPIO_CONFIG?TK_SET
  +--> ?PR?__TK_LIB_INIT?TK_LIB
  +--> ?PR?TK_INIT?TK_SET

?PR?TK_GPIO_CONFIG?TK_SET                        -----    -----      -----    -----      -----    -----
  +--> ?PR?TK_SET

?PR?__TK_LIB_INIT?TK_LIB                         -----    -----      -----    -----      64A2H    0002H
  +--> ?PR?__TK_DATA_PROCESS?TK_LIB
  +--> ?CO?TK_SET
  +--> ?PR?___TK_SET_NEXT_CH?TK_LIB

?PR?__TK_DATA_PROCESS?TK_LIB                     -----    -----      -----    -----      -----    -----
  +--> ?CO?TK_SET

?PR?AIP1302_CONFIG?AIP1302                       -----    -----      -----    -----      -----    -----
  +--> ?PR?AIP1302
  +--> ?PR?AIP1302_IS_RUNNING?AIP1302
  +--> ?PR?_AIP1302_WRITE_BYTE?AIP1302

?PR?AIP1302_IS_RUNNING?AIP1302                   -----    -----      -----    -----      -----    -----
  +--> ?PR?AIP1302_READ_ALL?AIP1302

?PR?AIP1302_READ_ALL?AIP1302                     -----    -----      -----    -----      -----    -----
  +--> ?PR?_AIP1302_READ_BYTE?AIP1302

?PR?_AIP1302_READ_BYTE?AIP1302                   -----    -----      -----    -----      64A6H    0001H
  +--> ?PR?___AIP1302_READ_BYTE?AIP1302
  +--> ?PR?___AIP1302_CONVERT_READ_BYTE?AIP1302

?PR?___AIP1302_READ_BYTE?AIP1302                 -----    -----      -----    -----      64A7H    0003H
  +--> ?PR?AIP1302
BL51 BANKED LINKER/LOCATER V6.22.4.0                                                  07/22/2025  16:02:13  PAGE 8


  +--> ?PR?_DELAY?SYSTEM

?PR?___AIP1302_CONVERT_READ_BYTE?AIP1302         -----    -----      -----    -----      64A7H    0003H
  +--> ?PR?_REVERSE_U8?AIP1302

?PR?_AIP1302_WRITE_BYTE?AIP1302                  -----    -----      -----    -----      64ADH    0004H
  +--> ?PR?___AIP1302_WRITE_BYTE?AIP1302

?PR?___AIP1302_WRITE_BYTE?AIP1302                -----    -----      -----    -----      64B1H    0003H
  +--> ?PR?AIP1302
  +--> ?PR?_DELAY?SYSTEM

?PR?__TK_SCAN?TK_LIB                             -----    -----      -----    -----      -----    -----
  +--> ?PR?__TK_BUTTON_DECIDE?TK_LIB
  +--> ?PR?___TK_SET_NEXT_CH?TK_LIB

?PR?__TK_BUTTON_DECIDE?TK_LIB                    -----    -----      -----    -----      -----    -----
  +--> ?CO?TK_SET
  +--> ?PR?___TK_MODE_CARRY_FUNC?TK_LIB

?PR?___TK_MODE_CARRY_FUNC?TK_LIB                 -----    -----      -----    -----      64A2H    0001H
  +--> ?CO?TK_SET
  +--> ?PR?__TK_BASELINE_UPDATE?TK_LIB

?PR?__TK_BASELINE_UPDATE?TK_LIB                  -----    -----      -----    -----      -----    -----
  +--> ?CO?TK_SET

?PR?_KEY_DRIVER_SCAN?KEY_DRIVER                  -----    -----      -----    -----      64A2H    0002H
  +--> ?PR?KEY_DRIVER

?PR?AD_KEY_HANDLE?AD_KEY                         -----    -----      -----    -----      -----    -----
  +--> ?PR?___AD_KEY_GET_EVENT?AD_KEY
  +--> ?PR?_SEND_DATA?SEND_DATA

?PR?___AD_KEY_GET_EVENT?AD_KEY                   -----    -----      -----    -----      -----    -----
  +--> ?PR?AD_KEY

?PR?_SEND_DATA?SEND_DATA                         -----    -----      -----    -----      64A6H    0009H
  +--> ?PR?_UART0_SENDBYTE?UART0
  +--> ?PR?SEND_DATA
  +--> ?PR?_DELAY_MS?SYSTEM

?PR?TOUCH_KEY_HANDLE?TOUCH_KEY                   -----    -----      -----    -----      -----    -----
  +--> ?PR?___TOUCH_KEY_GET_EVENT?TOUCH_KEY
  +--> ?PR?_SEND_DATA?SEND_DATA

?PR?___TOUCH_KEY_GET_EVENT?TOUCH_KEY             -----    -----      -----    -----      64A2H    0001H
  +--> ?PR?TOUCH_KEY

?PR?SPEED_SCAN?SPEED_SCAN                        -----    -----      -----    -----      64A2H    0008H
  +--> ?PR?SPEED_SCAN

?PR?MILEAGE_SCAN?MILEAGE                         -----    -----      -----    -----      -----    -----
  +--> ?PR?MILEAGE
  +--> ?PR?FUN_INFO_SAVE?FUN_INFO

?PR?FUN_INFO_SAVE?FUN_INFO                       -----    -----      -----    -----      -----    -----
BL51 BANKED LINKER/LOCATER V6.22.4.0                                                  07/22/2025  16:02:13  PAGE 9


  +--> ?PR?_FLASH_ERASE_SECTOR?FLASH
  +--> ?PR?FUN_INFO
  +--> ?PR?_FLASH_WRITE?FLASH

?PR?_FLASH_WRITE?FLASH                           -----    -----      -----    -----      64A6H    0005H

?PR?ENGINE_SPEED_SCAN?ENGINE_SPEED_SCAN          -----    -----      -----    -----      64A2H    0004H
  +--> ?PR?ENGINE_SPEED_SCAN

?PR?FUEL_CAPACITY_SCAN?FUEL_CAPACITY             -----    -----      -----    -----      64A2H    0003H
  +--> ?PR?_ADC_SEL_PIN?ADC
  +--> ?PR?_GET_FILTERED_ADC?FUEL_CAPACITY
  +--> ?PR?FUEL_CAPACITY
  +--> ?PR?_SAMPLES_INIT?FUEL_CAPACITY
  +--> ?PR?_CONVERT_FUEL_ADC_TO_PERCENT?FUEL...
  +--> ?PR?ADC_GETVAL?ADC

?PR?_ADC_SEL_PIN?ADC                             -----    -----      -----    -----      -----    -----
  +--> ?PR?ADC
  +--> ?PR?_DELAY_MS?SYSTEM

?PR?_GET_FILTERED_ADC?FUEL_CAPACITY              -----    -----      -----    -----      64A5H    0005H
  +--> ?PR?FUEL_CAPACITY

?PR?_SAMPLES_INIT?FUEL_CAPACITY                  -----    -----      -----    -----      -----    -----
  +--> ?PR?FUEL_CAPACITY

?PR?_CONVERT_FUEL_ADC_TO_PERCENT?FUEL...         -----    -----      -----    -----      64A5H    0002H
  +--> ?PR?FUEL_CAPACITY

?PR?ADC_GETVAL?ADC                               -----    -----      -----    -----      64A5H    000BH
  +--> ?PR?ADC_SINGLE_CONVERT?ADC
  +--> ?PR?ADC

?PR?BATTERY_SCAN?BATTERY                         -----    -----      -----    -----      64A2H    0003H
  +--> ?PR?_ADC_SEL_PIN?ADC
  +--> ?PR?ADC_GETVAL?ADC
  +--> ?PR?_CONVER_ADC_VAL_TO_VOLTAGE?BATTERY
  +--> ?PR?_CONVER_VOLTAGE_OF_BATTERY_TO_PER...

?PR?UART0_SCAN_HANDLE?UART0                      0023H.4  0000H.1    -----    -----      64A2H    0003H
  +--> ?PR?TMR0_DISABLE?TMR0
  +--> ?PR?UART0

?PR?TMR0_DISABLE?TMR0                            -----    -----      -----    -----      -----    -----
  +--> ?PR?TMR0

?PR?INSTRUCTION_SCAN?INSTRUCTION                 -----    -----      -----    -----      64A2H    0001H
  +--> ?PR?INSTRUCTION

?PR?INSTRUCTION_HANDLE?INSTRUCTION               -----    -----      -----    -----      64A2H    0004H
  +--> ?PR?INSTRUCTION
  +--> ?PR?_SEND_DATA?SEND_DATA
  +--> ?PR?AIP1302_READ_ALL?AIP1302
  +--> ?PR?AIP1302_UPDATE_TIME?AIP1302
  +--> ?PR?FUN_INFO_SAVE?FUN_INFO

BL51 BANKED LINKER/LOCATER V6.22.4.0                                                  07/22/2025  16:02:13  PAGE 10


?PR?AIP1302_UPDATE_TIME?AIP1302                  -----    -----      -----    -----      64A6H    0007H
  +--> ?PR?_AIP1302_WRITE_BYTE?AIP1302

?PR?HEART_BEAT_HANDLE?TMR1                       -----    -----      -----    -----      64A2H    0008H
  +--> ?PR?TMR1

?C_INITSEG                                       -----    -----      -----    -----      -----    -----
  +--> ?PR?AD_KEY_GET_KEY_ID?AD_KEY
  +--> ?PR?TOUCH_KEY_GET_KEY_ID?TOUCH_KEY

?PR?AD_KEY_GET_KEY_ID?AD_KEY                     -----    -----      -----    -----      64A2H    0002H
  +--> ?PR?_ADC_SEL_PIN?ADC
  +--> ?PR?ADC_SINGLE_CONVERT?ADC
  +--> ?PR?___CONVER_CUR_AD_TO_AD_KEY?AD_KEY

?PR?___CONVER_CUR_AD_TO_AD_KEY?AD_KEY            -----    -----      -----    -----      64A4H    0002H

?PR?TOUCH_KEY_GET_KEY_ID?TOUCH_KEY               -----    -----      -----    -----      64A2H    0005H
  +--> ?PR?TOUCH_KEY

*** NEW ROOT ***************************************************

?PR?TK_IRQHANDLER?TK_SET                         -----    -----      -----    -----      -----    -----
  +--> ?PR?__TK_HANDLER?TK_LIB

?PR?__TK_HANDLER?TK_LIB                          -----    -----      -----    -----      -----    -----
  +--> ?CO?TK_SET
  +--> ?PR?__TK_MODE_CONFIG?TK_LIB
  +--> ?PR?__TK_I_SOURCE_ADJUST?TK_LIB
  +--> ?PR?__TK_BASELINE_INIT?TK_LIB
  +--> ?PR?___TK_SET_NEXT_CH?TK_LIB

?PR?__TK_MODE_CONFIG?TK_LIB                      -----    -----      -----    -----      -----    -----
  +--> ?PR?___TK_SET_NEXT_CH?TK_LIB

?PR?__TK_I_SOURCE_ADJUST?TK_LIB                  -----    -----      -----    -----      64B4H    0001H
  +--> ?CO?TK_SET
  +--> ?PR?___TK_LIB_I_ADJUST?TK_LIB
  +--> ?PR?__TK_MODE_CONFIG?TK_LIB
  +--> ?PR?___TK_SET_NEXT_CH?TK_LIB

?PR?___TK_LIB_I_ADJUST?TK_LIB                    -----    -----      0024H    0008H      64B5H    0005H
  +--> ?CO?TK_SET

?PR?__TK_BASELINE_INIT?TK_LIB                    -----    -----      -----    -----      -----    -----
  +--> ?CO?TK_SET
  +--> ?PR?___TK_SET_NEXT_CH?TK_LIB

*** NEW ROOT ***************************************************

?PR?TIMR1_IRQHANDLER?TMR1                        -----    -----      -----    -----      -----    -----
  +--> ?PR?TMR1

*** NEW ROOT ***************************************************

?PR?TIMR2_IRQHANDLER?TMR2                        -----    -----      -----    -----      -----    -----
  +--> ?PR?TMR2
BL51 BANKED LINKER/LOCATER V6.22.4.0                                                  07/22/2025  16:02:13  PAGE 11


  +--> ?PR?UPDATE_ENGINE_SPEED_SCAN_DATA?ENG...
  +--> ?PR?UPDATE_SPEED_SCAN_DATA?SPEED_SCAN

?PR?UPDATE_SPEED_SCAN_DATA?SPEED_SCAN            -----    -----      -----    -----      -----    -----
  +--> ?PR?SPEED_SCAN

*** NEW ROOT ***************************************************

?PR?UART0_IRQHANDLER?UART0                       -----    -----      -----    -----      64BAH    0001H
  +--> ?PR?UART0
  +--> ?PR?TMR0_DISABLE?TMR0
  +--> ?PR?TMR0_ENABLE?TMR0

?PR?TMR0_ENABLE?TMR0                             -----    -----      -----    -----      -----    -----
  +--> ?PR?TMR0



SYMBOL TABLE OF MODULE:  .\Release\Objects\Project (?C_STARTUP)

  VALUE           TYPE          NAME
  ----------------------------------

  -------         MODULE        ?C_STARTUP
  C:2796H         SEGMENT       ?C_C51STARTUP
  I:0067H         SEGMENT       ?STACK
  C:0000H         PUBLIC        ?C_STARTUP
  D:00E0H         SYMBOL        ACC
  D:00F0H         SYMBOL        B
  D:0083H         SYMBOL        DPH
  D:0082H         SYMBOL        DPL
  N:0000H         SYMBOL        IBPSTACK
  N:0100H         SYMBOL        IBPSTACKTOP
  N:0080H         SYMBOL        IDATALEN
  C:2799H         SYMBOL        IDATALOOP
  N:0000H         SYMBOL        PBPSTACK
  N:0100H         SYMBOL        PBPSTACKTOP
  N:0000H         SYMBOL        PDATALEN
  N:0000H         SYMBOL        PDATASTART
  N:0000H         SYMBOL        PPAGE
  N:0000H         SYMBOL        PPAGEENABLE
  D:00A0H         SYMBOL        PPAGE_SFR
  D:0081H         SYMBOL        SP
  C:2796H         SYMBOL        STARTUP1
  N:0000H         SYMBOL        XBPSTACK
  N:0000H         SYMBOL        XBPSTACKTOP
  N:0700H         SYMBOL        XDATALEN
  C:27A4H         SYMBOL        XDATALOOP
  N:6000H         SYMBOL        XDATASTART
  C:0000H         LINE#         126
  C:2796H         LINE#         133
  C:2798H         LINE#         134
  C:2799H         LINE#         135
  C:279AH         LINE#         136
  C:279CH         LINE#         140
  C:279FH         LINE#         141
  C:27A1H         LINE#         145
BL51 BANKED LINKER/LOCATER V6.22.4.0                                                  07/22/2025  16:02:13  PAGE 12


  C:27A3H         LINE#         147
  C:27A4H         LINE#         148
  C:27A5H         LINE#         149
  C:27A6H         LINE#         150
  C:27A8H         LINE#         151
  C:27AAH         LINE#         185
  C:27ADH         LINE#         196
  -------         ENDMOD        ?C_STARTUP

  -------         MODULE        SYSTEM
  C:0000H         SYMBOL        _ICE_DUMMY_
  D:00D9H         PUBLIC        WDT_KEY
  D:00A7H         PUBLIC        FLASH_TIMEREG0
  D:00ACH         PUBLIC        FLASH_TIMEREG1
  C:3AAEH         PUBLIC        _delay
  C:388BH         PUBLIC        _delay_ms
  C:2033H         PUBLIC        system_init
  -------         PROC          _DELAY
  D:0006H         SYMBOL        cnt
  C:3AAEH         LINE#         37
  C:3AAEH         LINE#         38
  C:3AAEH         LINE#         39
  C:3AB8H         LINE#         40
  C:3AB8H         LINE#         41
  C:3AB8H         LINE#         42
  -------         ENDPROC       _DELAY
  -------         PROC          _DELAY_MS
  D:0002H         SYMBOL        ms
  C:388BH         LINE#         49
  C:388FH         LINE#         50
  C:388FH         LINE#         51
  C:3899H         LINE#         52
  C:3899H         LINE#         53
  C:38A0H         LINE#         54
  C:38A3H         LINE#         55
  C:38A5H         LINE#         56
  -------         ENDPROC       _DELAY_MS
  -------         PROC          SYSTEM_INIT
  -------         DO            
  D:0007H         SYMBOL        i
  -------         ENDDO         
  C:2033H         LINE#         63
  C:2033H         LINE#         64
  C:2033H         LINE#         67
  C:203AH         LINE#         68
  C:2047H         LINE#         69
  C:204AH         LINE#         72
  C:204DH         LINE#         73
  C:2053H         LINE#         74
  C:2059H         LINE#         75
  C:205FH         LINE#         76
  C:2065H         LINE#         77
  C:206CH         LINE#         81
  C:206EH         LINE#         82
  C:206EH         LINE#         83
  C:207BH         LINE#         84
  C:2080H         LINE#         86
BL51 BANKED LINKER/LOCATER V6.22.4.0                                                  07/22/2025  16:02:13  PAGE 13


  C:210EH         LINE#         87
  -------         ENDPROC       SYSTEM_INIT
  -------         ENDMOD        SYSTEM

  -------         MODULE        TK_SET
  C:0000H         SYMBOL        _ICE_DUMMY_
  D:00A8H         PUBLIC        IE0
  D:00A9H         PUBLIC        IE1
  D:00AAH         PUBLIC        IE2
  D:00ABH         PUBLIC        IE3
  B:00A8H.7       PUBLIC        IE_EA
  D:00B8H         PUBLIC        IP0
  D:00B1H         PUBLIC        IP1
  D:00B2H         PUBLIC        IP2
  D:00B3H         PUBLIC        IP3
  D:00B4H         PUBLIC        IP4
  D:00B5H         PUBLIC        IP5
  D:00B6H         PUBLIC        IP6
  D:00B7H         PUBLIC        IP7
  C:295CH         PUBLIC        tk_param_init
  X:64BBH         PUBLIC        __tk_update_cnt
  X:64BDH         PUBLIC        __tk_confirm_cnt
  X:64BFH         PUBLIC        __tk_leave_cnt
  X:64C1H         PUBLIC        __tk_ch_index
  X:64C3H         PUBLIC        __tk_ch_fth
  X:64C7H         PUBLIC        __tk_i_set
  X:6000H         PUBLIC        __tk_ch_data_0
  X:6004H         PUBLIC        __tk_ch_data_1
  X:6008H         PUBLIC        __tk_ch_data_2
  X:6010H         PUBLIC        __tk_ch_data_3
  X:6014H         PUBLIC        __tk_ch_data_4
  X:64CBH         PUBLIC        __tk_ch_data_5
  X:64CFH         PUBLIC        __tk_ch_data_6
  C:384FH         PUBLIC        __tk_adjust_line
  C:3853H         PUBLIC        __tk_adjust_time
  C:3855H         PUBLIC        __tk_adjust_diff_valu
  C:3857H         PUBLIC        __tk_adjust_en
  C:3858H         PUBLIC        __tk_valid_time
  C:385AH         PUBLIC        __tk_long_key_time
  C:3864H         PUBLIC        __tk_use_num
  C:385EH         PUBLIC        __tk_cs_en
  C:3860H         PUBLIC        __tk_nm_num
  C:385FH         PUBLIC        __tk_tp_en
  C:3861H         PUBLIC        __tk_base_update_cnt
  C:3863H         PUBLIC        __tk_cm_valu
  C:385CH         PUBLIC        __tk_noise_value
  C:3862H         PUBLIC        __tk_nm_cm_value
  C:3865H         SYMBOL        TK_CH_EN_BUG
  C:1998H         PUBLIC        tk_gpio_config
  C:32D1H         PUBLIC        TK_IRQHandler
  C:3114H         PUBLIC        tk_init
  C:390FH         SYMBOL        Com0055
  C:390FH         SYMBOL        L?0086
  C:390FH         SYMBOL        L?0087
  C:3911H         SYMBOL        L?0088
  C:3914H         SYMBOL        L?0089
  C:391DH         SYMBOL        L?0090
BL51 BANKED LINKER/LOCATER V6.22.4.0                                                  07/22/2025  16:02:13  PAGE 14


  C:391FH         SYMBOL        L?0091
  -------         PROC          COM0055
  -------         ENDPROC       COM0055
  -------         PROC          TK_GPIO_CONFIG
  -------         DO            
  D:0007H         SYMBOL        i
  -------         ENDDO         
  C:1998H         LINE#         262
  C:1998H         LINE#         263
  C:1998H         LINE#         264
  C:199AH         LINE#         266
  C:199AH         LINE#         267
  C:199AH         LINE#         269
  C:19A2H         LINE#         270
  C:19A2H         LINE#         271
  C:19AAH         LINE#         272
  C:19AAH         LINE#         273
  C:19BFH         LINE#         274
  C:19CFH         LINE#         275
  C:19D2H         LINE#         277
  C:19D2H         LINE#         278
  C:19E7H         LINE#         279
  C:19F7H         LINE#         280
  C:19F7H         LINE#         281
  C:19FAH         LINE#         282
  C:1A0AH         LINE#         283
  C:1A0AH         LINE#         284
  C:1A12H         LINE#         285
  C:1A12H         LINE#         286
  C:1A29H         LINE#         287
  C:1A3BH         LINE#         288
  C:1A3EH         LINE#         290
  C:1A3EH         LINE#         291
  C:1A55H         LINE#         292
  C:1A67H         LINE#         293
  C:1A67H         LINE#         294
  C:1A6AH         LINE#         296
  C:1A6AH         LINE#         297
  C:1A72H         LINE#         298
  C:1A72H         LINE#         299
  C:1A89H         LINE#         300
  C:1A9BH         LINE#         301
  C:1A9DH         LINE#         303
  C:1A9DH         LINE#         304
  C:1AB4H         LINE#         305
  C:1ACAH         LINE#         306
  C:1ACAH         LINE#         307
  C:1ACAH         LINE#         308
  C:1AD3H         LINE#         309
  -------         ENDPROC       TK_GPIO_CONFIG
  -------         PROC          TK_IRQHANDLER
  C:32D1H         LINE#         316
  C:32EEH         LINE#         318
  C:32EEH         LINE#         319
  C:32F4H         LINE#         320
  C:32F4H         LINE#         321
  C:32F8H         LINE#         322
BL51 BANKED LINKER/LOCATER V6.22.4.0                                                  07/22/2025  16:02:13  PAGE 15


  C:32FBH         LINE#         323
  C:32FBH         LINE#         324
  C:32FBH         LINE#         325
  -------         ENDPROC       TK_IRQHANDLER
  -------         PROC          TK_INIT
  C:3114H         LINE#         332
  C:3114H         LINE#         333
  C:3114H         LINE#         334
  C:3116H         LINE#         335
  C:3119H         LINE#         336
  C:311CH         LINE#         337
  C:3123H         LINE#         338
  C:3126H         LINE#         339
  C:312BH         LINE#         340
  C:312FH         LINE#         341
  C:3134H         LINE#         342
  C:3138H         LINE#         343
  C:313DH         LINE#         344
  C:3141H         LINE#         345
  C:3146H         LINE#         346
  C:314AH         LINE#         347
  C:314DH         LINE#         348
  C:314FH         LINE#         349
  C:3151H         LINE#         350
  C:3156H         LINE#         351
  C:315AH         LINE#         352
  C:315EH         LINE#         353
  C:3162H         LINE#         354
  -------         ENDPROC       TK_INIT
  -------         PROC          TK_PARAM_INIT
  -------         DO            
  D:0003H         SYMBOL        i
  -------         ENDDO         
  C:295CH         LINE#         403
  C:295CH         LINE#         404
  C:295CH         LINE#         405
  C:295EH         LINE#         408
  C:295EH         LINE#         409
  C:295EH         LINE#         410
  C:297CH         LINE#         411
  C:29A2H         LINE#         412
  C:29B4H         LINE#         413
  C:29DCH         LINE#         414
  C:29E5H         LINE#         417
  C:29E8H         LINE#         420
  C:29EBH         LINE#         423
  -------         ENDPROC       TK_PARAM_INIT
  -------         ENDMOD        TK_SET

  -------         MODULE        MY_GPIO
  C:0000H         SYMBOL        _ICE_DUMMY_
  C:3988H         PUBLIC        p03_output_config
  C:39D4H         PUBLIC        p06_input_config
  C:39E1H         PUBLIC        p07_input_config
  C:39EEH         PUBLIC        p10_input_config
  C:39FBH         PUBLIC        p13_input_config
  C:3A08H         PUBLIC        p14_input_config
BL51 BANKED LINKER/LOCATER V6.22.4.0                                                  07/22/2025  16:02:13  PAGE 16


  C:3A15H         PUBLIC        p21_input_config
  C:3A22H         PUBLIC        p22_input_config
  C:3A2FH         PUBLIC        p23_input_config
  C:3A3CH         PUBLIC        p25_input_config
  C:3A49H         PUBLIC        p27_input_config
  C:3A56H         PUBLIC        p30_input_config
  -------         PROC          P03_OUTPUT_CONFIG
  C:3988H         LINE#         67
  C:3988H         LINE#         68
  C:3988H         LINE#         69
  C:398EH         LINE#         70
  C:3992H         LINE#         72
  C:3997H         LINE#         73
  -------         ENDPROC       P03_OUTPUT_CONFIG
  -------         PROC          P06_INPUT_CONFIG
  C:39D4H         LINE#         90
  C:39D4H         LINE#         91
  C:39D4H         LINE#         93
  C:39DAH         LINE#         95
  C:39E0H         LINE#         96
  -------         ENDPROC       P06_INPUT_CONFIG
  -------         PROC          P07_INPUT_CONFIG
  C:39E1H         LINE#         99
  C:39E1H         LINE#         100
  C:39E1H         LINE#         102
  C:39E7H         LINE#         104
  C:39EDH         LINE#         105
  -------         ENDPROC       P07_INPUT_CONFIG
  -------         PROC          P10_INPUT_CONFIG
  C:39EEH         LINE#         108
  C:39EEH         LINE#         109
  C:39EEH         LINE#         111
  C:39F4H         LINE#         113
  C:39FAH         LINE#         114
  -------         ENDPROC       P10_INPUT_CONFIG
  -------         PROC          P13_INPUT_CONFIG
  C:39FBH         LINE#         117
  C:39FBH         LINE#         118
  C:39FBH         LINE#         120
  C:3A01H         LINE#         122
  C:3A07H         LINE#         123
  -------         ENDPROC       P13_INPUT_CONFIG
  -------         PROC          P14_INPUT_CONFIG
  C:3A08H         LINE#         126
  C:3A08H         LINE#         127
  C:3A08H         LINE#         129
  C:3A0EH         LINE#         131
  C:3A14H         LINE#         132
  -------         ENDPROC       P14_INPUT_CONFIG
  -------         PROC          P21_INPUT_CONFIG
  C:3A15H         LINE#         144
  C:3A15H         LINE#         145
  C:3A15H         LINE#         147
  C:3A1BH         LINE#         149
  C:3A21H         LINE#         150
  -------         ENDPROC       P21_INPUT_CONFIG
  -------         PROC          P22_INPUT_CONFIG
BL51 BANKED LINKER/LOCATER V6.22.4.0                                                  07/22/2025  16:02:13  PAGE 17


  C:3A22H         LINE#         153
  C:3A22H         LINE#         154
  C:3A22H         LINE#         156
  C:3A28H         LINE#         157
  C:3A2EH         LINE#         158
  -------         ENDPROC       P22_INPUT_CONFIG
  -------         PROC          P23_INPUT_CONFIG
  C:3A2FH         LINE#         161
  C:3A2FH         LINE#         162
  C:3A2FH         LINE#         164
  C:3A35H         LINE#         166
  C:3A3BH         LINE#         167
  -------         ENDPROC       P23_INPUT_CONFIG
  -------         PROC          P25_INPUT_CONFIG
  C:3A3CH         LINE#         170
  C:3A3CH         LINE#         171
  C:3A3CH         LINE#         173
  C:3A42H         LINE#         175
  C:3A48H         LINE#         176
  -------         ENDPROC       P25_INPUT_CONFIG
  -------         PROC          P27_INPUT_CONFIG
  C:3A49H         LINE#         179
  C:3A49H         LINE#         180
  C:3A49H         LINE#         182
  C:3A4FH         LINE#         184
  C:3A55H         LINE#         185
  -------         ENDPROC       P27_INPUT_CONFIG
  -------         PROC          P30_INPUT_CONFIG
  C:3A56H         LINE#         188
  C:3A56H         LINE#         189
  C:3A56H         LINE#         191
  C:3A5CH         LINE#         193
  C:3A62H         LINE#         194
  -------         ENDPROC       P30_INPUT_CONFIG
  -------         ENDMOD        MY_GPIO

  -------         MODULE        TMR0
  C:0000H         SYMBOL        _ICE_DUMMY_
  D:00A8H         PUBLIC        IE0
  D:00A9H         PUBLIC        IE1
  D:00AAH         PUBLIC        IE2
  D:00ABH         PUBLIC        IE3
  B:00A8H.7       PUBLIC        IE_EA
  D:00B8H         PUBLIC        IP0
  D:00B1H         PUBLIC        IP1
  D:00B2H         PUBLIC        IP2
  D:00B3H         PUBLIC        IP3
  D:00B4H         PUBLIC        IP4
  D:00B5H         PUBLIC        IP5
  D:00B6H         PUBLIC        IP6
  D:00B7H         PUBLIC        IP7
  X:600CH         PUBLIC        tmr0_cnt
  C:358FH         PUBLIC        tmr0_config
  C:3A8AH         PUBLIC        tmr0_enable
  C:3998H         PUBLIC        tmr0_disable
  C:2E71H         PUBLIC        TIMR0_IRQHandler
  C:3AB9H         SYMBOL        Com004F
BL51 BANKED LINKER/LOCATER V6.22.4.0                                                  07/22/2025  16:02:13  PAGE 18


  C:3AB9H         SYMBOL        L?0080
  C:3AB9H         SYMBOL        L?0081
  -------         PROC          COM004F
  -------         ENDPROC       COM004F
  -------         PROC          TMR0_CONFIG
  C:358FH         LINE#         13
  C:358FH         LINE#         14
  C:358FH         LINE#         15
  C:3595H         LINE#         16
  C:3598H         LINE#         17
  C:359AH         LINE#         20
  C:359EH         LINE#         21
  C:35A0H         LINE#         23
  C:35A6H         LINE#         24
  C:35AAH         LINE#         25
  C:35AEH         LINE#         26
  C:35B2H         LINE#         28
  C:35B7H         LINE#         29
  C:35BBH         LINE#         31
  C:35C0H         LINE#         32
  C:35C4H         LINE#         34
  C:35C4H         LINE#         35
  C:35CAH         LINE#         36
  -------         ENDPROC       TMR0_CONFIG
  -------         PROC          TMR0_ENABLE
  C:3A8AH         LINE#         41
  C:3A8AH         LINE#         42
  C:3A8AH         LINE#         44
  C:3A8AH         LINE#         45
  C:3A90H         LINE#         47
  C:3A93H         LINE#         48
  C:3A95H         LINE#         49
  -------         ENDPROC       TMR0_ENABLE
  -------         PROC          TMR0_DISABLE
  C:3998H         LINE#         54
  C:3998H         LINE#         55
  C:3998H         LINE#         57
  C:3998H         LINE#         58
  C:399EH         LINE#         61
  C:39A2H         LINE#         62
  C:39A4H         LINE#         64
  C:39A7H         LINE#         65
  -------         ENDPROC       TMR0_DISABLE
  -------         PROC          TIMR0_IRQHANDLER
  C:2E71H         LINE#         68
  C:2E8EH         LINE#         71
  C:2E8EH         LINE#         77
  C:2E94H         LINE#         78
  C:2E94H         LINE#         79
  C:2E98H         LINE#         80
  C:2EAAH         LINE#         81
  C:2EAAH         LINE#         82
  C:2EC3H         LINE#         83
  C:2EC3H         LINE#         86
  C:2EC3H         LINE#         90
  C:2EC3H         LINE#         91
  -------         ENDPROC       TIMR0_IRQHANDLER
BL51 BANKED LINKER/LOCATER V6.22.4.0                                                  07/22/2025  16:02:13  PAGE 19


  -------         ENDMOD        TMR0

  -------         MODULE        TMR1
  C:0000H         SYMBOL        _ICE_DUMMY_
  D:00A8H         PUBLIC        IE0
  D:00A9H         PUBLIC        IE1
  D:00AAH         PUBLIC        IE2
  D:00ABH         PUBLIC        IE3
  B:00A8H.7       PUBLIC        IE_EA
  D:00B8H         PUBLIC        IP0
  D:00B1H         PUBLIC        IP1
  D:00B2H         PUBLIC        IP2
  D:00B3H         PUBLIC        IP3
  D:00B4H         PUBLIC        IP4
  D:00B5H         PUBLIC        IP5
  D:00B6H         PUBLIC        IP6
  D:00B7H         PUBLIC        IP7
  D:00D1H         PUBLIC        TMR_ALLCON
  C:34D8H         PUBLIC        tmr1_config
  C:39A8H         PUBLIC        tmr1_enable
  C:1C0CH         PUBLIC        heart_beat_handle
  X:652AH         PUBLIC        tmr1_cnt
  C:2D8FH         PUBLIC        TIMR1_IRQHandler
  C:31AFH         SYMBOL        Com0052
  C:31AFH         SYMBOL        L?0083
  C:31C0H         SYMBOL        L?0084
  C:31C7H         SYMBOL        L?0085
  C:31D8H         SYMBOL        L?0086
  C:31DBH         SYMBOL        L?0087
  C:31E1H         SYMBOL        L?0088
  C:31EEH         SYMBOL        L?0089
  C:31EEH         SYMBOL        L?0090
  C:31F4H         SYMBOL        L?0091
  C:31F4H         SYMBOL        L?0092
  -------         PROC          COM0052
  -------         ENDPROC       COM0052
  -------         PROC          TMR1_CONFIG
  C:34D8H         LINE#         21
  C:34D8H         LINE#         22
  C:34D8H         LINE#         23
  C:34DEH         LINE#         24
  C:34E1H         LINE#         25
  C:34E3H         LINE#         27
  C:34E6H         LINE#         29
  C:34ECH         LINE#         30
  C:34F0H         LINE#         31
  C:34F4H         LINE#         32
  C:34F8H         LINE#         34
  C:34FDH         LINE#         35
  C:3501H         LINE#         38
  C:3506H         LINE#         39
  C:350AH         LINE#         41
  C:3510H         LINE#         42
  C:3514H         LINE#         43
  -------         ENDPROC       TMR1_CONFIG
  -------         PROC          TMR1_ENABLE
  C:39A8H         LINE#         48
BL51 BANKED LINKER/LOCATER V6.22.4.0                                                  07/22/2025  16:02:13  PAGE 20


  C:39A8H         LINE#         49
  C:39A8H         LINE#         51
  C:39AEH         LINE#         52
  C:39B2H         LINE#         54
  C:39B5H         LINE#         55
  C:39B7H         LINE#         56
  -------         ENDPROC       TMR1_ENABLE
  -------         PROC          HEART_BEAT_HANDLE
  -------         DO            
  X:6526H         SYMBOL        old_time_ms_cnt
  X:64A2H         SYMBOL        cur_time_ms_cnt
  X:64A6H         SYMBOL        diff_ms_cnt
  -------         ENDDO         
  C:1C0CH         LINE#         74
  C:1C0CH         LINE#         75
  C:1C0CH         LINE#         77
  C:1C18H         LINE#         78
  C:1C22H         LINE#         79
  C:1C2CH         LINE#         80
  C:1C41H         LINE#         81
  C:1C4BH         LINE#         83
  C:1C58H         LINE#         84
  C:1C58H         LINE#         86
  C:1C61H         LINE#         87
  C:1C61H         LINE#         129
  C:1C6CH         LINE#         130
  C:1C6CH         LINE#         132
  C:1C7BH         LINE#         133
  C:1C7BH         LINE#         135
  C:1C86H         LINE#         136
  C:1C86H         LINE#         138
  C:1C95H         LINE#         139
  C:1C95H         LINE#         141
  C:1C9CH         LINE#         142
  C:1C9CH         LINE#         144
  C:1CA5H         LINE#         145
  C:1CB4H         LINE#         146
  C:1CB4H         LINE#         148
  C:1CB8H         LINE#         149
  C:1CBCH         LINE#         150
  C:1CBCH         LINE#         151
  C:1CBCH         LINE#         153
  C:1CC3H         LINE#         154
  C:1CC3H         LINE#         157
  C:1CCCH         LINE#         158
  C:1CDBH         LINE#         159
  C:1CDBH         LINE#         161
  C:1CDFH         LINE#         162
  C:1CE3H         LINE#         163
  C:1CE3H         LINE#         164
  C:1CE3H         LINE#         166
  C:1CEAH         LINE#         167
  C:1CEAH         LINE#         170
  C:1CF3H         LINE#         171
  C:1D02H         LINE#         172
  C:1D02H         LINE#         174
  C:1D06H         LINE#         175
BL51 BANKED LINKER/LOCATER V6.22.4.0                                                  07/22/2025  16:02:13  PAGE 21


  C:1D0AH         LINE#         176
  C:1D0AH         LINE#         177
  C:1D0AH         LINE#         179
  C:1D17H         LINE#         180
  C:1D17H         LINE#         181
  C:1D21H         LINE#         182
  C:1D21H         LINE#         184
  C:1D2FH         LINE#         185
  C:1D2FH         LINE#         186
  C:1D3BH         LINE#         187
  C:1D3BH         LINE#         188
  -------         ENDPROC       HEART_BEAT_HANDLE
  -------         PROC          TIMR1_IRQHANDLER
  C:2D8FH         LINE#         191
  C:2DACH         LINE#         194
  C:2DACH         LINE#         215
  C:2DB2H         LINE#         216
  C:2DB2H         LINE#         217
  C:2DB6H         LINE#         219
  C:2DC4H         LINE#         220
  C:2DC4H         LINE#         221
  C:2DD0H         LINE#         222
  C:2DD0H         LINE#         224
  C:2DD0H         LINE#         245
  C:2DD9H         LINE#         246
  C:2DD9H         LINE#         247
  C:2DDCH         LINE#         248
  C:2DDCH         LINE#         252
  C:2DE5H         LINE#         253
  C:2DE5H         LINE#         254
  C:2DE8H         LINE#         255
  C:2DE8H         LINE#         271
  C:2DE8H         LINE#         272
  C:2DE8H         LINE#         276
  C:2DE8H         LINE#         277
  -------         ENDPROC       TIMR1_IRQHANDLER
  -------         ENDMOD        TMR1

  -------         MODULE        TMR2
  C:0000H         SYMBOL        _ICE_DUMMY_
  D:00A8H         PUBLIC        IE0
  D:00A9H         PUBLIC        IE1
  D:00AAH         PUBLIC        IE2
  D:00ABH         PUBLIC        IE3
  B:00A8H.7       PUBLIC        IE_EA
  D:00B8H         PUBLIC        IP0
  D:00B1H         PUBLIC        IP1
  D:00B2H         PUBLIC        IP2
  D:00B3H         PUBLIC        IP3
  D:00B4H         PUBLIC        IP4
  D:00B5H         PUBLIC        IP5
  D:00B6H         PUBLIC        IP6
  D:00B7H         PUBLIC        IP7
  B:0080H.2       PUBLIC        P02
  B:0090H.5       PUBLIC        P15
  D:00D1H         PUBLIC        TMR_ALLCON
  C:339DH         PUBLIC        tmr2_config
BL51 BANKED LINKER/LOCATER V6.22.4.0                                                  07/22/2025  16:02:13  PAGE 22


  C:3955H         PUBLIC        tmr2_enable
  C:1E60H         PUBLIC        TIMR2_IRQHandler
  C:38A6H         SYMBOL        Com004D
  C:38A6H         SYMBOL        L?0078
  C:38A6H         SYMBOL        L?0079
  C:38B7H         SYMBOL        L?0080
  -------         PROC          COM004D
  -------         ENDPROC       COM004D
  -------         PROC          TMR2_CONFIG
  C:339DH         LINE#         14
  C:339DH         LINE#         15
  C:339DH         LINE#         16
  C:33A3H         LINE#         17
  C:33A6H         LINE#         18
  C:33A8H         LINE#         21
  C:33ABH         LINE#         23
  C:33B2H         LINE#         24
  C:33B4H         LINE#         25
  C:33B8H         LINE#         26
  C:33BCH         LINE#         29
  C:33C2H         LINE#         30
  C:33C8H         LINE#         32
  C:33CFH         LINE#         33
  C:33D3H         LINE#         34
  C:33D8H         LINE#         35
  C:33DCH         LINE#         36
  -------         ENDPROC       TMR2_CONFIG
  -------         PROC          TMR2_ENABLE
  C:3955H         LINE#         41
  C:3955H         LINE#         42
  C:3955H         LINE#         44
  C:395CH         LINE#         45
  C:3960H         LINE#         47
  C:3963H         LINE#         48
  C:3965H         LINE#         49
  -------         ENDPROC       TMR2_ENABLE
  -------         PROC          TIMR2_IRQHANDLER
  -------         DO            
  B:0022H.5       SYMBOL        last_engine_speed_scan_level
  B:0022H.6       SYMBOL        last_speed_scan_level
  -------         DO            
  X:6539H         SYMBOL        cnt
  X:653AH         SYMBOL        cnt
  -------         ENDDO         
  -------         DO            
  X:653AH         SYMBOL        cnt
  -------         ENDDO         
  -------         ENDDO         
  C:1E60H         LINE#         70
  C:1E7DH         LINE#         77
  C:1E7DH         LINE#         82
  C:1E87H         LINE#         83
  C:1E87H         LINE#         84
  C:1E8BH         LINE#         86
  C:1E8BH         LINE#         88
  C:1E91H         LINE#         89
  C:1E97H         LINE#         90
BL51 BANKED LINKER/LOCATER V6.22.4.0                                                  07/22/2025  16:02:13  PAGE 23


  C:1E97H         LINE#         91
  C:1E99H         LINE#         92
  C:1EA5H         LINE#         94
  C:1EB4H         LINE#         96
  C:1EB4H         LINE#         97
  C:1EBEH         LINE#         98
  C:1EC0H         LINE#         99
  C:1EC0H         LINE#         100
  C:1EC0H         LINE#         101
  C:1EC0H         LINE#         103
  C:1EC3H         LINE#         104
  C:1EC3H         LINE#         105
  C:1EC6H         LINE#         106
  C:1EC6H         LINE#         112
  C:1ED2H         LINE#         113
  C:1ED5H         LINE#         114
  C:1ED5H         LINE#         116
  C:1ED7H         LINE#         117
  C:1ED9H         LINE#         119
  C:1ED9H         LINE#         121
  C:1EDBH         LINE#         122
  C:1EDBH         LINE#         124
  C:1EDBH         LINE#         126
  C:1EE5H         LINE#         127
  C:1EF4H         LINE#         128
  C:1EF4H         LINE#         129
  C:1EF8H         LINE#         130
  C:1F04H         LINE#         133
  C:1F13H         LINE#         135
  C:1F13H         LINE#         136
  C:1F1DH         LINE#         137
  C:1F1FH         LINE#         138
  C:1F1FH         LINE#         139
  C:1F1FH         LINE#         140
  C:1F1FH         LINE#         142
  C:1F22H         LINE#         143
  C:1F22H         LINE#         144
  C:1F25H         LINE#         145
  C:1F25H         LINE#         154
  C:1F31H         LINE#         155
  C:1F34H         LINE#         156
  C:1F34H         LINE#         158
  C:1F36H         LINE#         159
  C:1F38H         LINE#         161
  C:1F38H         LINE#         163
  C:1F3AH         LINE#         164
  C:1F3AH         LINE#         165
  C:1F3AH         LINE#         169
  C:1F3AH         LINE#         170
  -------         ENDPROC       TIMR2_IRQHANDLER
  -------         ENDMOD        TMR2

  -------         MODULE        UART0
  C:0000H         SYMBOL        _ICE_DUMMY_
  D:00A8H         PUBLIC        IE0
  D:00A9H         PUBLIC        IE1
  D:00AAH         PUBLIC        IE2
BL51 BANKED LINKER/LOCATER V6.22.4.0                                                  07/22/2025  16:02:13  PAGE 24


  D:00ABH         PUBLIC        IE3
  B:00A8H.7       PUBLIC        IE_EA
  D:00B8H         PUBLIC        IP0
  D:00B1H         PUBLIC        IP1
  D:00B2H         PUBLIC        IP2
  D:00B3H         PUBLIC        IP3
  D:00B4H         PUBLIC        IP4
  D:00B5H         PUBLIC        IP5
  D:00B6H         PUBLIC        IP6
  D:00B7H         PUBLIC        IP7
  D:00D2H         PUBLIC        UART0_CON0
  D:00D4H         PUBLIC        UART0_STA
  D:00D5H         PUBLIC        UART0_BAUD0
  D:00D6H         PUBLIC        UART0_BAUD1
  D:00D7H         PUBLIC        UART0_DATA
  C:004EH         PUBLIC        _putchar
  X:63F1H         PUBLIC        uart0_recv_buf
  X:641EH         PUBLIC        uart0_recv_len
  X:6421H         PUBLIC        recved_flagbuf
  X:6424H         PUBLIC        recv_frame_cnt
  X:6425H         PUBLIC        flagbuf_valid_instruction
  C:372BH         PUBLIC        uart0_config
  C:3A63H         PUBLIC        _uart0_sendbyte
  C:0027H         PUBLIC        _uart0_send_buff
  C:1D3CH         PUBLIC        uart0_scan_handle
  B:0023H.1       SYMBOL        flag_is_recving_data
  X:6428H         SYMBOL        frame_len
  X:6429H         SYMBOL        cur_recv_len
  X:642AH         SYMBOL        blank_index
  C:1AD4H         PUBLIC        UART0_IRQHandler
  C:3067H         SYMBOL        Com005E
  C:3067H         SYMBOL        L?0095
  C:3070H         SYMBOL        L?0096
  C:3078H         SYMBOL        L?0097
  C:307FH         SYMBOL        L?0098
  C:3087H         SYMBOL        L?0099
  C:3099H         SYMBOL        L?0100
  C:309CH         SYMBOL        L?0101
  C:30A4H         SYMBOL        L?0102
  C:30B0H         SYMBOL        L?0103
  C:30BAH         SYMBOL        L?0104
  -------         PROC          COM005E
  -------         ENDPROC       COM005E
  -------         PROC          _PUTCHAR
  X:6543H         SYMBOL        c
  C:004EH         LINE#         29
  C:0053H         LINE#         30
  C:0053H         LINE#         31
  C:0056H         LINE#         32
  C:005BH         LINE#         33
  -------         ENDPROC       _PUTCHAR
  -------         PROC          UART0_CONFIG
  C:372BH         LINE#         38
  C:372BH         LINE#         39
  C:372BH         LINE#         42
  C:3731H         LINE#         43
  C:3735H         LINE#         44
BL51 BANKED LINKER/LOCATER V6.22.4.0                                                  07/22/2025  16:02:13  PAGE 25


  C:3739H         LINE#         45
  C:3740H         LINE#         46
  C:3747H         LINE#         65
  C:374AH         LINE#         66
  C:374CH         LINE#         68
  C:374FH         LINE#         69
  C:3752H         LINE#         70
  C:3755H         LINE#         75
  -------         ENDPROC       UART0_CONFIG
  -------         PROC          UART0_IRQHANDLER
  -------         DO            
  X:64BAH         SYMBOL        uart0_tmp_val
  -------         ENDDO         
  C:1AD4H         LINE#         78
  C:1AF1H         LINE#         80
  C:1AF6H         LINE#         83
  C:1AF6H         LINE#         88
  C:1AFEH         LINE#         89
  C:1AFEH         LINE#         91
  C:1B01H         LINE#         93
  C:1B11H         LINE#         95
  C:1B11H         LINE#         99
  C:1B11H         LINE#         100
  C:1B11H         LINE#         101
  C:1B14H         LINE#         103
  C:1B14H         LINE#         106
  C:1B1BH         LINE#         107
  C:1B1BH         LINE#         110
  C:1B1DH         LINE#         111
  C:1B1DH         LINE#         112
  C:1B20H         LINE#         113
  C:1B23H         LINE#         114
  C:1B2DH         LINE#         115
  C:1B30H         LINE#         116
  C:1B30H         LINE#         118
  C:1B37H         LINE#         119
  C:1B37H         LINE#         121
  C:1B3FH         LINE#         124
  C:1B3FH         LINE#         127
  C:1B48H         LINE#         128
  C:1B48H         LINE#         130
  C:1B77H         LINE#         132
  C:1B81H         LINE#         135
  C:1B8EH         LINE#         137
  C:1B8EH         LINE#         139
  C:1BA1H         LINE#         141
  C:1BA3H         LINE#         142
  C:1BA3H         LINE#         143
  C:1BA6H         LINE#         145
  C:1BACH         LINE#         146
  C:1BB2H         LINE#         148
  C:1BCBH         LINE#         149
  C:1BDAH         LINE#         150
  C:1BDAH         LINE#         151
  C:1BE4H         LINE#         152
  C:1BE4H         LINE#         177
  C:1BE4H         LINE#         178
BL51 BANKED LINKER/LOCATER V6.22.4.0                                                  07/22/2025  16:02:13  PAGE 26


  C:1BE7H         LINE#         179
  C:1BF1H         LINE#         180
  C:1BF1H         LINE#         182
  C:1BF1H         LINE#         183
  C:1BF1H         LINE#         185
  C:1BF1H         LINE#         190
  C:1BF1H         LINE#         194
  C:1BF1H         LINE#         195
  -------         ENDPROC       UART0_IRQHANDLER
  -------         PROC          _UART0_SENDBYTE
  D:0007H         SYMBOL        senddata
  C:3A63H         LINE#         198
  C:3A63H         LINE#         199
  C:3A63H         LINE#         200
  C:3A68H         LINE#         202
  C:3A6AH         LINE#         203
  C:3A6FH         LINE#         205
  -------         ENDPROC       _UART0_SENDBYTE
  -------         PROC          _UART0_SEND_BUFF
  X:653CH         SYMBOL        buf
  D:0005H         SYMBOL        len
  -------         DO            
  D:0006H         SYMBOL        i
  -------         ENDDO         
  C:0027H         LINE#         209
  C:002DH         LINE#         210
  C:002DH         LINE#         211
  C:002FH         LINE#         212
  C:0034H         LINE#         213
  C:0034H         LINE#         214
  C:0046H         LINE#         215
  C:0049H         LINE#         216
  -------         ENDPROC       _UART0_SEND_BUFF
  -------         PROC          UART0_SCAN_HANDLE
  -------         DO            
  X:64A2H         SYMBOL        i
  X:64A3H         SYMBOL        checksum
  B:0023H.4       SYMBOL        __flag_is_crc_or_len_err
  -------         DO            
  X:64A4H         SYMBOL        __loop_crc_cnt
  -------         ENDDO         
  -------         ENDDO         
  C:1D3CH         LINE#         221
  C:1D3CH         LINE#         222
  C:1D3CH         LINE#         223
  C:1D41H         LINE#         224
  C:1D43H         LINE#         225
  C:1D45H         LINE#         229
  C:1D56H         LINE#         230
  C:1D56H         LINE#         234
  C:1D59H         LINE#         235
  C:1D63H         LINE#         238
  C:1D68H         LINE#         239
  C:1D6CH         LINE#         240
  C:1D6FH         LINE#         268
  C:1D6FH         LINE#         272
  C:1D81H         LINE#         273
BL51 BANKED LINKER/LOCATER V6.22.4.0                                                  07/22/2025  16:02:13  PAGE 27


  C:1D81H         LINE#         274
  C:1D8DH         LINE#         275
  C:1D8DH         LINE#         279
  C:1DAAH         LINE#         280
  C:1DAAH         LINE#         287
  C:1DB3H         LINE#         288
  C:1DB3H         LINE#         289
  C:1DC4H         LINE#         292
  C:1DC4H         LINE#         294
  C:1DC4H         LINE#         295
  C:1DC9H         LINE#         296
  C:1DCDH         LINE#         297
  C:1DDEH         LINE#         298
  C:1DDEH         LINE#         299
  C:1DFAH         LINE#         300
  C:1E00H         LINE#         303
  C:1E05H         LINE#         304
  C:1E24H         LINE#         305
  C:1E24H         LINE#         307
  C:1E26H         LINE#         308
  C:1E26H         LINE#         309
  C:1E26H         LINE#         311
  C:1E29H         LINE#         312
  C:1E29H         LINE#         333
  C:1E2BH         LINE#         334
  C:1E35H         LINE#         335
  C:1E35H         LINE#         336
  C:1E46H         LINE#         337
  C:1E46H         LINE#         340
  C:1E56H         LINE#         341
  C:1E56H         LINE#         342
  C:1E5FH         LINE#         343
  -------         ENDPROC       UART0_SCAN_HANDLE
  -------         ENDMOD        UART0

  -------         MODULE        ADC
  C:0000H         SYMBOL        _ICE_DUMMY_
  D:0091H         PUBLIC        ADC_CFG2
  D:0093H         PUBLIC        ADC_DATAH0
  D:0094H         PUBLIC        ADC_DATAL0
  D:0099H         PUBLIC        ADC_CHS0
  D:009EH         PUBLIC        ADC_TRGS0
  X:653FH         PUBLIC        adc_val
  C:3781H         PUBLIC        adc_config
  C:335BH         PUBLIC        _adc_sel_pin
  C:37A9H         PUBLIC        adc_single_convert
  C:210FH         PUBLIC        adc_getval
  C:38C1H         SYMBOL        Com0012
  C:38C1H         SYMBOL        L?0019
  C:38CAH         SYMBOL        L?0020
  C:38D0H         SYMBOL        L?0021
  -------         PROC          COM0012
  -------         ENDPROC       COM0012
  -------         PROC          ADC_CONFIG
  C:3781H         LINE#         7
  C:3781H         LINE#         8
  C:3781H         LINE#         10
BL51 BANKED LINKER/LOCATER V6.22.4.0                                                  07/22/2025  16:02:13  PAGE 28


  C:3787H         LINE#         12
  C:378BH         LINE#         14
  C:3790H         LINE#         18
  C:3796H         LINE#         19
  C:3799H         LINE#         26
  C:3799H         LINE#         27
  C:379CH         LINE#         28
  C:37A2H         LINE#         32
  C:37A5H         LINE#         33
  C:37A8H         LINE#         34
  -------         ENDPROC       ADC_CONFIG
  -------         PROC          _ADC_SEL_PIN
  D:0007H         SYMBOL        adc_pin
  C:335BH         LINE#         38
  C:335BH         LINE#         39
  C:335BH         LINE#         40
  C:335EH         LINE#         42
  C:336AH         LINE#         43
  C:336AH         LINE#         44
  C:336AH         LINE#         45
  C:3371H         LINE#         46
  C:3375H         LINE#         47
  C:3378H         LINE#         48
  C:337AH         LINE#         51
  C:337AH         LINE#         52
  C:337AH         LINE#         53
  C:337DH         LINE#         54
  C:3380H         LINE#         56
  C:3382H         LINE#         58
  C:3382H         LINE#         63
  C:3389H         LINE#         64
  C:338DH         LINE#         65
  C:3390H         LINE#         66
  C:3390H         LINE#         68
  C:3390H         LINE#         72
  C:3390H         LINE#         73
  C:3390H         LINE#         75
  C:3396H         LINE#         78
  -------         ENDPROC       _ADC_SEL_PIN
  -------         PROC          ADC_SINGLE_CONVERT
  C:37A9H         LINE#         82
  C:37A9H         LINE#         83
  C:37A9H         LINE#         84
  C:37AFH         LINE#         85
  C:37B5H         LINE#         87
  C:37B8H         LINE#         88
  C:37CBH         LINE#         89
  -------         ENDPROC       ADC_SINGLE_CONVERT
  -------         PROC          ADC_GETVAL
  -------         DO            
  X:64A5H         SYMBOL        adc_val_tmp
  X:64A7H         SYMBOL        adc_val_sum
  X:64ABH         SYMBOL        get_adcmax
  X:64ADH         SYMBOL        get_adcmin
  X:64AFH         SYMBOL        i
  -------         ENDDO         
  C:210FH         LINE#         92
BL51 BANKED LINKER/LOCATER V6.22.4.0                                                  07/22/2025  16:02:13  PAGE 29


  C:210FH         LINE#         93
  C:210FH         LINE#         94
  C:2116H         LINE#         95
  C:211EH         LINE#         96
  C:2125H         LINE#         97
  C:212BH         LINE#         98
  C:212EH         LINE#         100
  C:212FH         LINE#         101
  C:212FH         LINE#         102
  C:213AH         LINE#         103
  C:2143H         LINE#         104
  C:2143H         LINE#         105
  C:2159H         LINE#         106
  C:2161H         LINE#         107
  C:2170H         LINE#         108
  C:217FH         LINE#         109
  C:2197H         LINE#         110
  C:21A3H         LINE#         112
  C:21BBH         LINE#         113
  C:21D2H         LINE#         114
  C:21E2H         LINE#         116
  C:21E2H         LINE#         117
  -------         ENDPROC       ADC_GETVAL
  -------         ENDMOD        ADC

  -------         MODULE        FLASH
  C:0000H         SYMBOL        _ICE_DUMMY_
  D:00A4H         PUBLIC        FLASH_CON
  D:00A5H         PUBLIC        FLASH_STA
  D:00A6H         PUBLIC        FLASH_DATA
  D:00AEH         PUBLIC        FLASH_PASSWORD
  D:00AFH         PUBLIC        FLASH_ADDR
  C:3966H         PUBLIC        _flash_erase_sector
  C:3604H         PUBLIC        _flash_write
  C:363BH         PUBLIC        _flash_read
  -------         PROC          _FLASH_ERASE_SECTOR
  D:0007H         SYMBOL        addr
  C:3966H         LINE#         11
  C:3966H         LINE#         12
  C:3966H         LINE#         13
  C:3969H         LINE#         14
  C:396BH         LINE#         15
  C:396EH         LINE#         16
  C:3971H         LINE#         18
  C:3976H         LINE#         20
  -------         ENDPROC       _FLASH_ERASE_SECTOR
  -------         PROC          _FLASH_WRITE
  D:0007H         SYMBOL        addr
  X:64A7H         SYMBOL        p_data
  X:64AAH         SYMBOL        len
  C:3604H         LINE#         29
  C:360AH         LINE#         30
  C:360AH         LINE#         31
  C:360DH         LINE#         32
  C:360FH         LINE#         34
  C:3618H         LINE#         35
  C:3618H         LINE#         36
BL51 BANKED LINKER/LOCATER V6.22.4.0                                                  07/22/2025  16:02:13  PAGE 30


  C:361DH         LINE#         38
  C:362CH         LINE#         39
  C:362FH         LINE#         40
  C:3632H         LINE#         42
  C:3638H         LINE#         43
  C:363AH         LINE#         44
  -------         ENDPROC       _FLASH_WRITE
  -------         PROC          _FLASH_READ
  D:0007H         SYMBOL        addr
  X:64A3H         SYMBOL        p_data
  X:64A6H         SYMBOL        len
  C:363BH         LINE#         53
  C:3641H         LINE#         54
  C:3641H         LINE#         55
  C:3647H         LINE#         56
  C:3647H         LINE#         57
  C:3666H         LINE#         58
  C:366CH         LINE#         59
  C:366EH         LINE#         60
  -------         ENDPROC       _FLASH_READ
  -------         ENDMOD        FLASH

  -------         MODULE        AIP1302
  C:0000H         SYMBOL        _ICE_DUMMY_
  B:0090H.6       PUBLIC        P16
  B:0090H.7       PUBLIC        P17
  B:00A0H.4       PUBLIC        P24
  C:29EEH         PUBLIC        ___aip1302_read_byte
  C:30C0H         PUBLIC        aip1302_is_running
  C:300BH         PUBLIC        aip1302_config
  C:393FH         PUBLIC        _aip1302_read_byte
  C:2508H         PUBLIC        _aip1302_write_byte
  C:341CH         PUBLIC        aip1302_update_time
  C:328BH         PUBLIC        aip1302_read_all
  C:33DDH         PUBLIC        aip1302_update_all_data
  C:38DCH         SYMBOL        _reverse_u8
  C:2E03H         SYMBOL        ___aip1302_convert_read_byte
  C:2A80H         SYMBOL        ___aip1302_write_byte
  C:36D1H         SYMBOL        Com0044
  C:36D1H         SYMBOL        L?0069
  C:36D3H         SYMBOL        L?0070
  C:36E3H         SYMBOL        L?0074
  C:36EEH         SYMBOL        L?0075
  C:36F8H         SYMBOL        L?0076
  -------         PROC          COM0044
  -------         ENDPROC       COM0044
  -------         PROC          AIP1302_CONFIG
  -------         DO            
  D:0007H         SYMBOL        ret
  -------         ENDDO         
  C:300BH         LINE#         6
  C:300BH         LINE#         7
  C:300BH         LINE#         8
  C:300DH         LINE#         12
  C:3013H         LINE#         13
  C:3017H         LINE#         14
  C:301CH         LINE#         16
BL51 BANKED LINKER/LOCATER V6.22.4.0                                                  07/22/2025  16:02:13  PAGE 31


  C:3020H         LINE#         17
  C:3024H         LINE#         18
  C:3029H         LINE#         20
  C:3029H         LINE#         21
  C:3029H         LINE#         22
  C:302CH         LINE#         24
  C:302EH         LINE#         25
  C:3030H         LINE#         31
  C:3033H         LINE#         32
  C:3036H         LINE#         33
  C:3036H         LINE#         39
  C:3036H         LINE#         41
  C:3036H         LINE#         48
  C:303CH         LINE#         49
  C:3043H         LINE#         50
  C:304AH         LINE#         51
  C:3051H         LINE#         52
  C:3058H         LINE#         53
  C:305FH         LINE#         54
  C:3066H         LINE#         63
  C:3066H         LINE#         93
  -------         ENDPROC       AIP1302_CONFIG
  -------         PROC          _REVERSE_U8
  D:0007H         SYMBOL        arg
  -------         DO            
  D:0006H         SYMBOL        tmp
  D:0005H         SYMBOL        i
  -------         ENDDO         
  C:38DCH         LINE#         96
  C:38DCH         LINE#         97
  C:38DCH         LINE#         99
  C:38DEH         LINE#         102
  C:38DEH         LINE#         103
  C:38DEH         LINE#         104
  C:38E2H         LINE#         105
  C:38E6H         LINE#         106
  C:38E6H         LINE#         107
  C:38EAH         LINE#         108
  C:38EAH         LINE#         110
  C:38EAH         LINE#         111
  C:38EAH         LINE#         112
  C:38EEH         LINE#         113
  C:38F3H         LINE#         115
  C:38F5H         LINE#         116
  -------         ENDPROC       _REVERSE_U8
  -------         PROC          ___AIP1302_CONVERT_READ_BYTE
  D:0004H         SYMBOL        cmd
  D:0005H         SYMBOL        byte
  -------         DO            
  D:0007H         SYMBOL        tmp
  X:64A7H         SYMBOL        i
  -------         DO            
  X:64A8H         SYMBOL        tens_place
  X:64A9H         SYMBOL        one_place
  -------         ENDDO         
  -------         ENDDO         
  C:2E03H         LINE#         119
BL51 BANKED LINKER/LOCATER V6.22.4.0                                                  07/22/2025  16:02:13  PAGE 32


  C:2E05H         LINE#         120
  C:2E05H         LINE#         121
  C:2E06H         LINE#         122
  C:2E0AH         LINE#         125
  C:2E0FH         LINE#         134
  C:2E2DH         LINE#         135
  C:2E2DH         LINE#         136
  C:2E32H         LINE#         137
  C:2E34H         LINE#         140
  C:2E3DH         LINE#         141
  C:2E3DH         LINE#         144
  C:2E41H         LINE#         145
  C:2E43H         LINE#         146
  C:2E4CH         LINE#         147
  C:2E4CH         LINE#         149
  C:2E50H         LINE#         150
  C:2E52H         LINE#         151
  C:2E56H         LINE#         152
  C:2E56H         LINE#         154
  C:2E5AH         LINE#         155
  C:2E5AH         LINE#         157
  C:2E63H         LINE#         158
  C:2E69H         LINE#         159
  C:2E70H         LINE#         160
  C:2E70H         LINE#         162
  C:2E70H         LINE#         163
  -------         ENDPROC       ___AIP1302_CONVERT_READ_BYTE
  C:2A62H         SYMBOL        L?0071
  C:2A6CH         SYMBOL        L?0072
  -------         PROC          ___AIP1302_READ_BYTE
  X:64A7H         SYMBOL        cmd
  -------         DO            
  X:64A8H         SYMBOL        recv_data
  X:64A9H         SYMBOL        i
[...]
  C:3552H         LINE#         262
  C:3552H         LINE#         263
  C:3552H         LINE#         264
  C:3555H         LINE#         265
  C:3564H         LINE#         266
  C:356AH         LINE#         267
  C:356EH         LINE#         268
  C:3572H         LINE#         269
  C:3576H         LINE#         270
  C:357AH         LINE#         272
  C:358AH         LINE#         273
  -------         ENDPROC       __TK_MODE_CONFIG
  -------         PROC          ___TK_MODE_CARRY_FUNC
  X:64A2H         SYMBOL        ch_index
  C:08CCH         LINE#         283
  C:08D1H         LINE#         284
  C:08D1H         LINE#         285
  C:08DFH         LINE#         286
  C:08EBH         LINE#         288
  C:08FEH         LINE#         289
  C:090EH         LINE#         291
  C:0919H         LINE#         292
  C:0942H         LINE#         293
  C:0973H         LINE#         294
  C:09B3H         LINE#         295
  C:09E3H         LINE#         296
  C:0A09H         LINE#         297
  C:0A25H         LINE#         299
  C:0A40H         LINE#         300
  C:0A57H         LINE#         301
  C:0A64H         LINE#         302
  C:0A64H         LINE#         304
  C:0A7CH         LINE#         305
  C:0A8DH         LINE#         306
  C:0A90H         LINE#         307
  C:0A98H         LINE#         308
  C:0AACH         LINE#         309
  C:0ABFH         LINE#         310
  C:0AC4H         LINE#         311
  C:0AC7H         LINE#         312
  C:0ACAH         LINE#         313
  C:0ACDH         LINE#         314
  C:0ACDH         LINE#         315
  C:0ACEH         LINE#         321
  C:0AD1H         LINE#         322
BL51 BANKED LINKER/LOCATER V6.22.4.0                                                  07/22/2025  16:02:13  PAGE 62


  C:0AFEH         LINE#         323
  C:0B1DH         LINE#         324
  C:0B1DH         LINE#         325
  C:0B1DH         LINE#         326
  -------         ENDPROC       ___TK_MODE_CARRY_FUNC
  -------         PROC          __TK_DATA_PROCESS
  C:058DH         LINE#         333
  C:058DH         LINE#         334
  C:058DH         LINE#         335
  C:059FH         LINE#         338
  C:05B8H         LINE#         339
  C:05BBH         LINE#         341
  C:05D1H         LINE#         342
  C:05D4H         LINE#         347
  C:0606H         LINE#         348
  C:0613H         LINE#         349
  C:0616H         LINE#         350
  C:0619H         LINE#         351
  C:0619H         LINE#         352
  C:061BH         LINE#         353
  C:061EH         LINE#         354
  C:061EH         LINE#         356
  C:0623H         LINE#         357
  C:0634H         LINE#         358
  C:0645H         LINE#         359
  C:0648H         LINE#         363
  C:065EH         LINE#         364
  C:0661H         LINE#         365
  C:0671H         LINE#         366
  C:0691H         LINE#         369
  C:06A8H         LINE#         370
  C:06ABH         LINE#         371
  C:06BBH         LINE#         372
  C:06DBH         LINE#         377
  C:06DBH         LINE#         378
  C:06F9H         LINE#         380
  C:0733H         LINE#         381
  C:0733H         LINE#         382
  C:0733H         LINE#         383
  C:076AH         LINE#         384
  C:0778H         LINE#         385
  C:0790H         LINE#         386
  C:079DH         LINE#         387
  C:07C1H         LINE#         388
  C:07E5H         LINE#         389
  C:07E5H         LINE#         390
  C:07E7H         LINE#         391
  C:07F4H         LINE#         392
  C:07F4H         LINE#         397
  C:0816H         LINE#         398
  C:0819H         LINE#         399
  C:0829H         LINE#         401
  C:0841H         LINE#         402
  C:0844H         LINE#         404
  C:085BH         LINE#         405
  C:085EH         LINE#         409
  C:087FH         LINE#         410
BL51 BANKED LINKER/LOCATER V6.22.4.0                                                  07/22/2025  16:02:13  PAGE 63


  C:0882H         LINE#         411
  C:0892H         LINE#         413
  C:08AAH         LINE#         414
  C:08ADH         LINE#         416
  C:08C3H         LINE#         417
  C:08C6H         LINE#         422
  C:08CBH         LINE#         423
  -------         ENDPROC       __TK_DATA_PROCESS
  -------         PROC          __TK_BUTTON_DECIDE
  C:11B3H         LINE#         430
  C:11B3H         LINE#         431
  C:11B3H         LINE#         432
  C:11C5H         LINE#         433
  C:11E3H         LINE#         434
  C:1215H         LINE#         435
  C:1222H         LINE#         436
  C:1227H         LINE#         437
  C:129CH         LINE#         438
  C:129CH         LINE#         439
  C:12A9H         LINE#         440
  C:12B7H         LINE#         442
  C:12CBH         LINE#         443
  C:12D8H         LINE#         444
  C:1305H         LINE#         445
  C:1329H         LINE#         446
  C:1357H         LINE#         447
  C:1357H         LINE#         448
  C:1359H         LINE#         449
  C:1366H         LINE#         450
  C:1366H         LINE#         451
  C:136BH         LINE#         452
  -------         ENDPROC       __TK_BUTTON_DECIDE
  -------         PROC          __TK_BASELINE_UPDATE
  C:2C1EH         LINE#         459
  C:2C1EH         LINE#         460
  C:2C1EH         LINE#         461
  C:2C2DH         LINE#         462
  C:2C3EH         LINE#         463
  C:2C4FH         LINE#         464
  C:2C73H         LINE#         465
  C:2C97H         LINE#         466
  C:2C9BH         LINE#         467
  -------         ENDPROC       __TK_BASELINE_UPDATE
  -------         PROC          __TK_BASELINE_INIT
  -------         DO            
  X:6018H         SYMBOL        init_flag
  -------         ENDDO         
  C:28C9H         LINE#         474
  C:28C9H         LINE#         475
  C:28C9H         LINE#         478
  C:28D8H         LINE#         479
  C:28E8H         LINE#         480
  C:28F1H         LINE#         481
  C:2916H         LINE#         482
  C:2916H         LINE#         483
  C:293BH         LINE#         484
  C:293BH         LINE#         485
BL51 BANKED LINKER/LOCATER V6.22.4.0                                                  07/22/2025  16:02:13  PAGE 64


  C:293FH         LINE#         487
  C:294CH         LINE#         488
  C:294FH         LINE#         489
  C:2951H         LINE#         490
  C:2957H         LINE#         491
  C:2957H         LINE#         493
  -------         ENDPROC       __TK_BASELINE_INIT
  -------         PROC          __TK_LONG_KEY_CLEAR
  -------         DO            
  X:6019H         SYMBOL        __tk_long_cnt
  -------         ENDDO         
  C:2C9CH         LINE#         501
  C:2C9CH         LINE#         502
  C:2C9CH         LINE#         505
  C:2CAFH         LINE#         506
  C:2CBDH         LINE#         507
  C:2CD7H         LINE#         508
  C:2CDBH         LINE#         509
  C:2CE3H         LINE#         510
  C:2CEBH         LINE#         511
  C:2CF3H         LINE#         512
  C:2CF5H         LINE#         513
  C:2CF8H         LINE#         514
  C:2D0FH         LINE#         515
  C:2D11H         LINE#         516
  C:2D11H         LINE#         517
  C:2D12H         LINE#         518
  C:2D19H         LINE#         519
  C:2D19H         LINE#         520
  -------         ENDPROC       __TK_LONG_KEY_CLEAR
  -------         PROC          ___TK_LIB_I_ADJUST
  X:64B5H         SYMBOL        i_ch
  X:64B6H         SYMBOL        adjust_line
  -------         DO            
  X:601BH         SYMBOL        sta_finish
  X:601CH         SYMBOL        n_sta
  X:601DH         SYMBOL        p_sta
  X:601EH         SYMBOL        min_iset
  X:601FH         SYMBOL        min_diff
  D:0024H         SYMBOL        diff
  D:0028H         SYMBOL        temp
  -------         ENDDO         
  C:136CH         LINE#         528
  C:1371H         LINE#         529
  C:1371H         LINE#         537
  C:1384H         LINE#         538
  C:1389H         LINE#         539
  C:138DH         LINE#         540
  C:1396H         LINE#         541
  C:1399H         LINE#         542
  C:139CH         LINE#         545
  C:13D9H         LINE#         546
  C:1404H         LINE#         547
  C:141AH         LINE#         548
  C:141AH         LINE#         550
  C:1431H         LINE#         551
  C:1447H         LINE#         552
BL51 BANKED LINKER/LOCATER V6.22.4.0                                                  07/22/2025  16:02:13  PAGE 65


  C:144AH         LINE#         553
  C:144CH         LINE#         555
  C:145FH         LINE#         557
  C:147BH         LINE#         558
  C:148EH         LINE#         559
  C:1491H         LINE#         560
  C:1491H         LINE#         561
  C:1493H         LINE#         563
  C:14AFH         LINE#         564
  C:14C2H         LINE#         565
  C:14C8H         LINE#         566
  C:14C8H         LINE#         567
  C:14C8H         LINE#         568
  C:14C8H         LINE#         569
  C:14D6H         LINE#         570
  C:14DAH         LINE#         571
  C:14DCH         LINE#         572
  C:14E1H         LINE#         573
  C:14E1H         LINE#         575
  C:14E9H         LINE#         576
  C:1502H         LINE#         577
  C:150AH         LINE#         578
  C:1510H         LINE#         579
  C:1515H         LINE#         580
  C:1517H         LINE#         581
  C:151BH         LINE#         582
  C:151EH         LINE#         583
  C:151EH         LINE#         585
  C:1520H         LINE#         586
  -------         ENDPROC       ___TK_LIB_I_ADJUST
  -------         PROC          __TK_I_SOURCE_ADJUST
  -------         DO            
  X:64B4H         SYMBOL        result
  -------         ENDDO         
  C:2F4AH         LINE#         593
  C:2F4AH         LINE#         594
  C:2F4AH         LINE#         595
  C:2F4FH         LINE#         597
  C:2F68H         LINE#         598
  C:2F6AH         LINE#         600
  C:2F6FH         LINE#         601
  C:2F72H         LINE#         602
  C:2F78H         LINE#         603
  C:2F78H         LINE#         605
  C:2F84H         LINE#         606
  C:2F87H         LINE#         607
  C:2F8AH         LINE#         608
  C:2F8AH         LINE#         609
  C:2F8AH         LINE#         611
  C:2FA1H         LINE#         612
  C:2FA3H         LINE#         613
  C:2FA6H         LINE#         614
  C:2FA6H         LINE#         615
  C:2FABH         LINE#         616
  C:2FABH         LINE#         617
  -------         ENDPROC       __TK_I_SOURCE_ADJUST
  -------         PROC          ___TK_SET_NEXT_CH
BL51 BANKED LINKER/LOCATER V6.22.4.0                                                  07/22/2025  16:02:13  PAGE 66


  D:0007H         SYMBOL        kick_type
  C:2B9AH         LINE#         625
  C:2B9AH         LINE#         626
  C:2B9AH         LINE#         627
  C:2B9DH         LINE#         629
  C:2BBBH         LINE#         630
  C:2BC1H         LINE#         631
  C:2BC5H         LINE#         632
  C:2BC9H         LINE#         633
  C:2BCDH         LINE#         634
  C:2BD1H         LINE#         636
  C:2BEBH         LINE#         638
  C:2BFBH         LINE#         639
  C:2BFBH         LINE#         640
  C:2BFDH         LINE#         642
  C:2C17H         LINE#         643
  C:2C1DH         LINE#         644
  C:2C1DH         LINE#         645
  -------         ENDPROC       ___TK_SET_NEXT_CH
  -------         PROC          __TK_LIB_INIT
  -------         DO            
  X:64A2H         SYMBOL        i
  -------         ENDDO         
  C:26FBH         LINE#         652
  C:26FBH         LINE#         653
  C:26FBH         LINE#         655
  C:2743H         LINE#         656
  C:2751H         LINE#         658
  C:2754H         LINE#         659
  C:275CH         LINE#         660
  C:275EH         LINE#         661
  C:2760H         LINE#         662
  C:2768H         LINE#         663
  C:2770H         LINE#         664
  C:2778H         LINE#         665
  C:278EH         LINE#         666
  C:2791H         LINE#         667
  -------         ENDPROC       __TK_LIB_INIT
  -------         PROC          __TK_HANDLER
  C:2D1AH         LINE#         675
  C:2D1AH         LINE#         676
  C:2D1AH         LINE#         677
  C:2D1FH         LINE#         678
  C:2D23H         LINE#         679
  C:2D4AH         LINE#         682
  C:2D4DH         LINE#         683
  C:2D54H         LINE#         684
  C:2D56H         LINE#         685
  C:2D59H         LINE#         686
  C:2D59H         LINE#         687
  C:2D5CH         LINE#         688
  C:2D5CH         LINE#         689
  C:2D5CH         LINE#         690
  C:2D5EH         LINE#         691
  C:2D6AH         LINE#         692
  C:2D7AH         LINE#         693
  C:2D7DH         LINE#         694
BL51 BANKED LINKER/LOCATER V6.22.4.0                                                  07/22/2025  16:02:13  PAGE 67


  C:2D82H         LINE#         696
  C:2D85H         LINE#         697
  C:2D85H         LINE#         699
  C:2D88H         LINE#         700
  C:2D88H         LINE#         701
  C:2D89H         LINE#         702
  C:2D8EH         LINE#         703
  C:2D8EH         LINE#         704
  C:2D8EH         LINE#         705
  -------         ENDPROC       __TK_HANDLER
  -------         PROC          __TK_MS_HANDLER
  C:3AC7H         LINE#         712
  C:3AC7H         LINE#         713
  C:3AC7H         LINE#         714
  C:3AC9H         LINE#         716
  -------         ENDPROC       __TK_MS_HANDLER
  -------         PROC          __TK_SCAN
  C:3810H         LINE#         724
  C:3810H         LINE#         725
  C:3810H         LINE#         727
  C:3815H         LINE#         730
  C:3821H         LINE#         735
  C:3824H         LINE#         739
  C:3827H         LINE#         740
  C:382CH         LINE#         741
  C:382FH         LINE#         742
  C:382FH         LINE#         743
  -------         ENDPROC       __TK_SCAN
  -------         ENDMOD        TK_LIB

  -------         MODULE        ?C?COPY
  C:0130H         PUBLIC        ?C?COPY
  -------         ENDMOD        ?C?COPY

  -------         MODULE        ?C?CLDPTR
  C:0156H         PUBLIC        ?C?CLDPTR
  -------         ENDMOD        ?C?CLDPTR

  -------         MODULE        ?C?CLDOPTR
  C:016FH         PUBLIC        ?C?CLDOPTR
  -------         ENDMOD        ?C?CLDOPTR

  -------         MODULE        ?C?CILDOPTR
  C:019CH         PUBLIC        ?C?CILDOPTR
  -------         ENDMOD        ?C?CILDOPTR

  -------         MODULE        ?C?CSTPTR
  C:01CFH         PUBLIC        ?C?CSTPTR
  -------         ENDMOD        ?C?CSTPTR

  -------         MODULE        ?C?CSTOPTR
  C:01E1H         PUBLIC        ?C?CSTOPTR
  -------         ENDMOD        ?C?CSTOPTR

  -------         MODULE        ?C?IMUL
  C:0203H         PUBLIC        ?C?IMUL
  -------         ENDMOD        ?C?IMUL
BL51 BANKED LINKER/LOCATER V6.22.4.0                                                  07/22/2025  16:02:13  PAGE 68



  -------         MODULE        ?C?UIDIV
  C:0215H         PUBLIC        ?C?UIDIV
  -------         ENDMOD        ?C?UIDIV

  -------         MODULE        ?C?IILDX
  C:026AH         PUBLIC        ?C?IILDX
  -------         ENDMOD        ?C?IILDX

  -------         MODULE        ?C?LADD
  C:0280H         PUBLIC        ?C?LADD
  -------         ENDMOD        ?C?LADD

  -------         MODULE        ?C?LSUB
  C:028DH         PUBLIC        ?C?LSUB
  -------         ENDMOD        ?C?LSUB

  -------         MODULE        ?C?LMUL
  C:029BH         PUBLIC        ?C?LMUL
  -------         ENDMOD        ?C?LMUL

  -------         MODULE        ?C?ULDIV
  C:0326H         PUBLIC        ?C?ULDIV
  -------         ENDMOD        ?C?ULDIV

  -------         MODULE        ?C?LNOT
  C:03B8H         PUBLIC        ?C?LNOT
  -------         ENDMOD        ?C?LNOT

  -------         MODULE        ?C?LNEG
  C:03C5H         PUBLIC        ?C?LNEG
  -------         ENDMOD        ?C?LNEG

  -------         MODULE        ?C?SLCMP
  C:03D3H         PUBLIC        ?C?SLCMP
  -------         ENDMOD        ?C?SLCMP

  -------         MODULE        ?C?ULCMP
  C:03E9H         PUBLIC        ?C?ULCMP
  -------         ENDMOD        ?C?ULCMP

  -------         MODULE        ?C?ULSHR
  C:03FAH         PUBLIC        ?C?ULSHR
  -------         ENDMOD        ?C?ULSHR

  -------         MODULE        ?C?LSHL
  C:040DH         PUBLIC        ?C?LSHL
  -------         ENDMOD        ?C?LSHL

  -------         MODULE        ?C?LLDXDATA
  C:0420H         PUBLIC        ?C?LLDXDATA
  -------         ENDMOD        ?C?LLDXDATA

  -------         MODULE        ?C?LLDCODE
  C:042CH         PUBLIC        ?C?LLDCODE
  -------         ENDMOD        ?C?LLDCODE

BL51 BANKED LINKER/LOCATER V6.22.4.0                                                  07/22/2025  16:02:13  PAGE 69


  -------         MODULE        ?C?LLDXDATA0
  C:043CH         PUBLIC        ?C?LLDXDATA0
  -------         ENDMOD        ?C?LLDXDATA0

  -------         MODULE        ?C?LSTXDATA
  C:0448H         PUBLIC        ?C?LSTXDATA
  -------         ENDMOD        ?C?LSTXDATA

  -------         MODULE        ?C?LSTKXDATA
  C:0454H         PUBLIC        ?C?LSTKXDATA
  -------         ENDMOD        ?C?LSTKXDATA

  -------         MODULE        ?C?OFFXADD
  C:0485H         PUBLIC        ?C?OFFXADD
  -------         ENDMOD        ?C?OFFXADD

  -------         MODULE        ?C?PLDXDATA
  C:0491H         PUBLIC        ?C?PLDXDATA
  -------         ENDMOD        ?C?PLDXDATA

  -------         MODULE        ?C?PLDIXDATA
  C:049AH         PUBLIC        ?C?PLDIXDATA
  -------         ENDMOD        ?C?PLDIXDATA

  -------         MODULE        ?C?PSTXDATA
  C:04B1H         PUBLIC        ?C?PSTXDATA
  -------         ENDMOD        ?C?PSTXDATA

  -------         MODULE        ?C?PLDOPTR
  C:04BAH         PUBLIC        ?C?PLDOPTR
  -------         ENDMOD        ?C?PLDOPTR

  -------         MODULE        ?C?CCASE
  C:04EAH         PUBLIC        ?C?CCASE
  -------         ENDMOD        ?C?CCASE

  -------         MODULE        ?C?ICALL
  C:0510H         PUBLIC        ?C?ICALL
  C:0514H         PUBLIC        ?C?ICALL2
  -------         ENDMOD        ?C?ICALL

  -------         MODULE        ?C?LIMUL
  C:0516H         PUBLIC        ?C?LIMUL
  -------         ENDMOD        ?C?LIMUL

  -------         MODULE        ?C?MEMSET
  C:0543H         PUBLIC        ?C?MEMSET
  -------         ENDMOD        ?C?MEMSET

  -------         MODULE        ?C?PLDIDATA
  C:056FH         PUBLIC        ?C?PLDIDATA
  -------         ENDMOD        ?C?PLDIDATA

  -------         MODULE        ?C?PLDPDATA
  C:0578H         PUBLIC        ?C?PLDPDATA
  -------         ENDMOD        ?C?PLDPDATA

BL51 BANKED LINKER/LOCATER V6.22.4.0                                                  07/22/2025  16:02:13  PAGE 70


  -------         MODULE        ?C?PLDCODE
  C:0581H         PUBLIC        ?C?PLDCODE
  -------         ENDMOD        ?C?PLDCODE

*** WARNING L16: UNCALLED SEGMENT, IGNORED FOR OVERLAY PROCESS
    SEGMENT: ?PR?P03_OUTPUT_CONFIG?MY_GPIO

*** WARNING L16: UNCALLED SEGMENT, IGNORED FOR OVERLAY PROCESS
    SEGMENT: ?PR?P23_INPUT_CONFIG?MY_GPIO

*** WARNING L16: UNCALLED SEGMENT, IGNORED FOR OVERLAY PROCESS
    SEGMENT: ?PR?_PUTCHAR?UART0

*** WARNING L16: UNCALLED SEGMENT, IGNORED FOR OVERLAY PROCESS
    SEGMENT: ?PR?_UART0_SEND_BUFF?UART0

*** WARNING L16: UNCALLED SEGMENT, IGNORED FOR OVERLAY PROCESS
    SEGMENT: ?PR?AIP1302_UPDATE_ALL_DATA?AIP1302

*** WARNING L16: UNCALLED SEGMENT, IGNORED FOR OVERLAY PROCESS
    SEGMENT: ?PR?PIN_LEVEL_SCAN?PIN_LEVEL_SCAN

*** WARNING L16: UNCALLED SEGMENT, IGNORED FOR OVERLAY PROCESS
    SEGMENT: ?PR?TEMP_OF_WATER_SCAN?TEMP_OF_WATER

*** WARNING L16: UNCALLED SEGMENT, IGNORED FOR OVERLAY PROCESS
    SEGMENT: ?PR?__TK_MS_HANDLER?TK_LIB

Program Size: data=73.5 xdata=1348 code=15050
LINK/LOCATE RUN COMPLETE.  8 WARNING(S),  0 ERROR(S)
