C51 COMPILER V9.60.7.0   TMR1                                                              01/23/2026 09:33:09 PAGE 1   


C51 COMPILER V9.60.7.0, COMPILATION OF MODULE TMR1
OBJECT MODULE PLACED IN .\Release\Objects\tmr1.obj
COMPILER INVOKED BY: C:\Keil_v5\C51\BIN\C51.EXE ..\..\Hardware\tmr1.c LARGE OPTIMIZE(9,SIZE) BROWSE ORDER INTVECTOR(0X00
                    -0C) INCDIR(..\..\Libraries\Include;..\..\User;..\..\User\lib;..\..\Hardware) INTERVAL(3) DEBUG OBJECTEXTEND PRINT(.\Rele
                    -ase\Listings\tmr1.lst) OBJECT(.\Release\Objects\tmr1.obj)

line level    source

   1          #include "tmr1.h"
   2          #include "engine_speed_scan.h"
   3          #include "adc.h"
   4          
   5          // #define TMR1_CNT_TIME 152 // 152 * 0.65625us 约等于100us
   6          
   7          // 定时器定时周期 (单位:Hz)
   8          // 周期值 = 系统时钟 / 定时器分频 / 频率 - 1
   9          #define TMR1_PERIOD (SYSCLK / 128 / 1000 - 1) // 1000Hz,1ms
  10          
  11          // volatile bit tmr1_flag = 0; // TMR1中断服务函数中会置位的标志位
  12          // volatile u32 tmr1_cnt = 0; // 定时器TMR1的计数值（每次在中断服务函数中会加一）
  13          
  14          /**
  15           * @brief 配置定时器TMR1，配置完成后，定时器默认关闭
  16           */
  17          void tmr1_config(void)
  18          {
  19   1          // __SetIRQnIP(TMR1_IRQn, TMR1_IQn_CFG); // 设置中断优先级（TMR1）
  20   1          __DisableIRQ(TMR1_IRQn);              // 禁用中断
  21   1          IE_EA = 1;                            // 打开总中断
  22   1      
  23   1          TMR_ALLCON = TMR1_CNT_CLR(0x1); // 清除计数值
  24   1      
  25   1          TMR1_CONL &= ~TMR_PRESCALE_SEL(0x07); // 清除TMR1的预分频配置寄存器
  26   1          TMR1_CONL |= TMR_PRESCALE_SEL(0x07);  // 定时器预分频
  27   1          TMR1_CONL &= ~TMR_MODE_SEL(0x03);     // 清除TMR1的模式配置寄存器
  28   1          TMR1_CONL |= TMR_MODE_SEL(0x01);      // 配置TMR1的模式为计数器模式，最后对系统时钟
             -的脉冲进行计数
  29   1      
  30   1          TMR1_CONH &= ~TMR_PRD_PND(0x01); // 清除TMR1的计数标志位，表示未完成计数
  31   1          TMR1_CONH |= TMR_PRD_IRQ_EN(1);  // 使能TMR1的计数中断
  32   1      
  33   1          // 配置TMR1的计数周期
  34   1          TMR1_PRH = TMR_PERIOD_VAL_H((TMR1_PERIOD >> 8) & 0xFF); // 周期值
  35   1          TMR1_PRL = TMR_PERIOD_VAL_L((TMR1_PERIOD >> 0) & 0xFF);
  36   1      
  37   1          // TMR1_CONL &= ~(TMR_SOURCE_SEL(0x07)); // 清除TMR1的时钟源配置寄存器
  38   1          // TMR1_CONL |= TMR_SOURCE_SEL(0x05);    // 配置TMR1的时钟源，不用任何时钟
  39   1      
  40   1          // 重新给TMR1配置时钟
  41   1          TMR1_CONL &= ~(TMR_SOURCE_SEL(0x07)); // 清除定时器的时钟源配置寄存器
  42   1          TMR1_CONL |= TMR_SOURCE_SEL(0x06);    // 配置定时器的时钟源，使用系统时钟
  43   1      
  44   1          __EnableIRQ(TMR1_IRQn); // 使能中断
  45   1          // IE_EA = 1;              // 打开总中断
  46   1      }
  47          
  48          // TMR1中断服务函数
  49          void TIMR1_IRQHandler(void) interrupt TMR1_IRQn
  50          {
  51   1          // 进入中断设置IP，不可删除
  52   1          __IRQnIPnPush(TMR1_IRQn);
C51 COMPILER V9.60.7.0   TMR1                                                              01/23/2026 09:33:09 PAGE 2   

  53   1      
  54   1          // ---------------- 用户函数处理 -------------------
  55   1      
  56   1          // 周期中断
  57   1          if (TMR1_CONH & TMR_PRD_PND(0x1))
  58   1          {
  59   2              TMR1_CONH |= TMR_PRD_PND(0x1); // 清除pending 
  60   2      
  61   2              // 串口接收超时计数
  62   2              if (flag_is_uart0_receive_timeout_enable)
  63   2              {
  64   3                  uart0_receive_timeout_cnt++;
  65   3              }
  66   2      
  67   2      #if AD_KEY_ENABLE
  68   2              // 在定时器注册按键扫描：
  69   2              // if (ad_key_para.cur_scan_times < 255)
  70   2              {
  71   3                  ad_key_para.cur_scan_times++;
  72   3              }
  73   2      #endif // AD_KEY_ENABLE
  74   2      
  75   2      #if TOUCH_KEY_ENABLE
  76   2              // if (touch_key_para.cur_scan_times < 255)
  77   2              {
  78   3                  touch_key_para.cur_scan_times++;
  79   3              }
  80   2      #endif // TOUCH_KEY_ENABLE
  81   2      
  82   2      #if PIN_LEVEL_SCAN_ENABLE
  83   2              // if (pin_level_scan_time_cnt < 65535) // 防止计数溢出
  84   2              {
  85   3                  pin_level_scan_time_cnt++;
  86   3              }
  87   2      #endif
  88   2      
  89   2      #if FUEL_CAPACITY_SCAN_ENABLE
  90   2              if (flag_timer_scan_update_fuel_gear) // 更新油量挡位
  91   2              {
  92   3                  // if (timer_scan_update_fuel_gear_cnt < 65535)
  93   3                  {
  94   4                      timer_scan_update_fuel_gear_cnt++;
  95   4                      if (timer_scan_update_fuel_gear_cnt >= FUEL_UPDATE_LAST_FUEL_PERCENTAGE_TIME)
  96   4                      // if (timer_scan_update_fuel_gear_cnt >= 5000) // DEBUG 测试用
  97   4                      {
  98   5                          timer_scan_update_fuel_gear_cnt = 0;
  99   5                          flag_update_fuel_gear = 1; // 更新油量挡位
 100   5                      }
 101   4                  }
 102   3              }
 103   2              else
 104   2              {
 105   3                  timer_scan_update_fuel_gear_cnt = 0;
 106   3                  flag_update_fuel_gear = 0;
 107   3              }
 108   2      #endif
 109   2      
 110   2      #if SPEED_SCAN_ENABLE
 111   2              {
 112   3                  static u16 cnt = 0;
 113   3                  cnt++;
 114   3                  if (cnt >= SPEED_SCAN_BUFF_UPDATE_TIME)
C51 COMPILER V9.60.7.0   TMR1                                                              01/23/2026 09:33:09 PAGE 3   

 115   3                  {
 116   4                      cnt = 0;
 117   4                      flag_is_send_speed_time_come = 1;
 118   4                  }
 119   3              }
 120   2      #endif
 121   2      
 122   2              // if (mileage_save_time_cnt < 4294967295 - diff_ms_cnt) // 防止计数溢出
 123   2              if (mileage_save_time_cnt < 65535) // 防止计数溢出
 124   2              {
 125   3                  mileage_save_time_cnt++;
 126   3              }
 127   2      
 128   2      #if FUEL_CAPACITY_SCAN_ENABLE
 129   2              // if (fuel_capacity_scan_cnt < 4294967295 - diff_ms_cnt) // 防止计数溢出
 130   2              {
 131   3                  fuel_capacity_scan_cnt++;
 132   3              }
 133   2      #endif
 134   2      
 135   2              // if (synchronous_request_status == SYN_REQUEST_STATUS_HANDLING)
 136   2              {
 137   3                  synchronous_request_time_cnt++; // 同步请求的冷却计时
 138   3                  // synchronous_request_time_cnt += diff_ms_cnt; // 同步请求的冷却计时
 139   3                  if (synchronous_request_time_cnt >= 2000)
 140   3                  {
 141   4                      // 如果接收同步请求已经过了 xx s，清除冷却状态
 142   4                      synchronous_request_time_cnt = 0;
 143   4                      synchronous_request_status = SYN_REQUEST_STATUS_NONE;
 144   4                  }
 145   3              }
 146   2      
 147   2      #if 0 // 日期和时间合到了一起，就不用这部分程序
                  if (update_date_status == UPDATE_STATUS_HANDLING)
                  {
                      // 如果更新日期进入冷却状态，进行冷却计时
                      // update_date_cooling_cnt++;
                      update_date_cooling_cnt += diff_ms_cnt;
                      if (update_date_cooling_cnt >= 100) // xx ms
                      {
                          // 过了冷却时间，退出冷却状态
                          update_date_cooling_cnt = 0;
                          update_date_status = UPDATE_STATUS_NONE;
                      }
                  }
              #endif
 161   2      
 162   2              // if (update_time_status == UPDATE_STATUS_HANDLING)
 163   2              {
 164   3                  // 如果更新时间进入冷却状态，进行冷却计时
 165   3                  update_time_cooling_cnt++;
 166   3                  // update_time_cooling_cnt += diff_ms_cnt;
 167   3                  if (update_time_cooling_cnt >= 100) // xx ms
 168   3                  {
 169   4                      // 过了冷却时间，退出冷却状态
 170   4                      update_time_cooling_cnt = 0;
 171   4                      update_time_status = UPDATE_STATUS_NONE;
 172   4                  }
 173   3              }
 174   2      
 175   2              // if (mileage_update_time_cnt < 65535)
 176   2              {
C51 COMPILER V9.60.7.0   TMR1                                                              01/23/2026 09:33:09 PAGE 4   

 177   3                  mileage_update_time_cnt++;
 178   3              }
 179   2      
 180   2      #if BATTERY_SCAN_ENABLE
 181   2              // if (battery_scan_time_cnt < 4294967295)
 182   2              {
 183   3                  battery_scan_time_cnt++;
 184   3              }
 185   2      #endif // BATTERY_SCAN_ENABLE
 186   2      
 187   2      #if ENGINE_SPEED_SCAN_ENABLE
 188   2              {
 189   3                  engine_speed_scan_ms++;
 190   3                  update_engine_speed_scan_data();
 191   3              }
 192   2      #endif
 193   2      
 194   2              adc_channel_handle();
 195   2      
 196   2      #if 0 // DEBUG 只在测试时使用
              
                          {
                              static u16 cnt;
                              cnt++;
                              if (cnt >= 1000)
                              {
                                  cnt = 0;
                                  flag_is_debug_update = 1;
                              }
                          }
              
              #endif // // DEBUG 只在测试时使用
 209   2      
 210   2              // {
 211   2              //     static u16 cnt;
 212   2              //     cnt++;
 213   2              //     if (cnt >= 4000)
 214   2              //     {
 215   2              //         cnt = 0;
 216   2              //         flag_debug_is_send_time = 1; // 发送时间
 217   2              //         // flag_debug_is_send_time_2 = 1;
 218   2              //     }
 219   2              // }
 220   2          }
 221   1      
 222   1          // P20 = 0;// 测试中断持续时间
 223   1          // 退出中断设置IP，不可删除
 224   1          __IRQnIPnPop(TMR1_IRQn);
 225   1      }


MODULE INFORMATION:   STATIC OVERLAYABLE
   CODE SIZE        =    346    ----
   CONSTANT SIZE    =   ----    ----
   XDATA SIZE       =      2    ----
   PDATA SIZE       =   ----    ----
   DATA SIZE        =   ----    ----
   IDATA SIZE       =   ----    ----
   BIT SIZE         =   ----    ----
END OF MODULE INFORMATION.


C51 COMPILATION COMPLETE.  0 WARNING(S),  0 ERROR(S)
